Archive member included to satisfy reference by file (symbol)

d:/stm32/stm32cubeide_1.6.1/stm32cubeide/plugins/com.st.stm32cube.ide.mcu.externaltools.gnu-tools-for-stm32.9-2020-q2-update.win32_1.5.0.202011040924/tools/bin/../lib/gcc/arm-none-eabi/9.3.1/../../../../arm-none-eabi/lib/thumb/v7e-m+fp/hard\libc_nano.a(lib_a-errno.o)
                              Core/Src/syscalls.o (__errno)
d:/stm32/stm32cubeide_1.6.1/stm32cubeide/plugins/com.st.stm32cube.ide.mcu.externaltools.gnu-tools-for-stm32.9-2020-q2-update.win32_1.5.0.202011040924/tools/bin/../lib/gcc/arm-none-eabi/9.3.1/../../../../arm-none-eabi/lib/thumb/v7e-m+fp/hard\libc_nano.a(lib_a-exit.o)
                              d:/stm32/stm32cubeide_1.6.1/stm32cubeide/plugins/com.st.stm32cube.ide.mcu.externaltools.gnu-tools-for-stm32.9-2020-q2-update.win32_1.5.0.202011040924/tools/bin/../lib/gcc/arm-none-eabi/9.3.1/../../../../arm-none-eabi/lib/thumb/v7e-m+fp/hard/crt0.o (exit)
d:/stm32/stm32cubeide_1.6.1/stm32cubeide/plugins/com.st.stm32cube.ide.mcu.externaltools.gnu-tools-for-stm32.9-2020-q2-update.win32_1.5.0.202011040924/tools/bin/../lib/gcc/arm-none-eabi/9.3.1/../../../../arm-none-eabi/lib/thumb/v7e-m+fp/hard\libc_nano.a(lib_a-impure.o)
                              d:/stm32/stm32cubeide_1.6.1/stm32cubeide/plugins/com.st.stm32cube.ide.mcu.externaltools.gnu-tools-for-stm32.9-2020-q2-update.win32_1.5.0.202011040924/tools/bin/../lib/gcc/arm-none-eabi/9.3.1/../../../../arm-none-eabi/lib/thumb/v7e-m+fp/hard\libc_nano.a(lib_a-exit.o) (_global_impure_ptr)
d:/stm32/stm32cubeide_1.6.1/stm32cubeide/plugins/com.st.stm32cube.ide.mcu.externaltools.gnu-tools-for-stm32.9-2020-q2-update.win32_1.5.0.202011040924/tools/bin/../lib/gcc/arm-none-eabi/9.3.1/../../../../arm-none-eabi/lib/thumb/v7e-m+fp/hard\libc_nano.a(lib_a-init.o)
                              d:/stm32/stm32cubeide_1.6.1/stm32cubeide/plugins/com.st.stm32cube.ide.mcu.externaltools.gnu-tools-for-stm32.9-2020-q2-update.win32_1.5.0.202011040924/tools/bin/../lib/gcc/arm-none-eabi/9.3.1/../../../../arm-none-eabi/lib/thumb/v7e-m+fp/hard/crt0.o (__libc_init_array)
d:/stm32/stm32cubeide_1.6.1/stm32cubeide/plugins/com.st.stm32cube.ide.mcu.externaltools.gnu-tools-for-stm32.9-2020-q2-update.win32_1.5.0.202011040924/tools/bin/../lib/gcc/arm-none-eabi/9.3.1/../../../../arm-none-eabi/lib/thumb/v7e-m+fp/hard\libc_nano.a(lib_a-malloc.o)
                              BSP/buffer.o (malloc)
d:/stm32/stm32cubeide_1.6.1/stm32cubeide/plugins/com.st.stm32cube.ide.mcu.externaltools.gnu-tools-for-stm32.9-2020-q2-update.win32_1.5.0.202011040924/tools/bin/../lib/gcc/arm-none-eabi/9.3.1/../../../../arm-none-eabi/lib/thumb/v7e-m+fp/hard\libc_nano.a(lib_a-memcpy-stub.o)
                              Application/remote_control.o (memcpy)
d:/stm32/stm32cubeide_1.6.1/stm32cubeide/plugins/com.st.stm32cube.ide.mcu.externaltools.gnu-tools-for-stm32.9-2020-q2-update.win32_1.5.0.202011040924/tools/bin/../lib/gcc/arm-none-eabi/9.3.1/../../../../arm-none-eabi/lib/thumb/v7e-m+fp/hard\libc_nano.a(lib_a-memset.o)
                              d:/stm32/stm32cubeide_1.6.1/stm32cubeide/plugins/com.st.stm32cube.ide.mcu.externaltools.gnu-tools-for-stm32.9-2020-q2-update.win32_1.5.0.202011040924/tools/bin/../lib/gcc/arm-none-eabi/9.3.1/../../../../arm-none-eabi/lib/thumb/v7e-m+fp/hard/crt0.o (memset)
d:/stm32/stm32cubeide_1.6.1/stm32cubeide/plugins/com.st.stm32cube.ide.mcu.externaltools.gnu-tools-for-stm32.9-2020-q2-update.win32_1.5.0.202011040924/tools/bin/../lib/gcc/arm-none-eabi/9.3.1/../../../../arm-none-eabi/lib/thumb/v7e-m+fp/hard\libc_nano.a(lib_a-nano-freer.o)
                              d:/stm32/stm32cubeide_1.6.1/stm32cubeide/plugins/com.st.stm32cube.ide.mcu.externaltools.gnu-tools-for-stm32.9-2020-q2-update.win32_1.5.0.202011040924/tools/bin/../lib/gcc/arm-none-eabi/9.3.1/../../../../arm-none-eabi/lib/thumb/v7e-m+fp/hard\libc_nano.a(lib_a-malloc.o) (_free_r)
d:/stm32/stm32cubeide_1.6.1/stm32cubeide/plugins/com.st.stm32cube.ide.mcu.externaltools.gnu-tools-for-stm32.9-2020-q2-update.win32_1.5.0.202011040924/tools/bin/../lib/gcc/arm-none-eabi/9.3.1/../../../../arm-none-eabi/lib/thumb/v7e-m+fp/hard\libc_nano.a(lib_a-nano-mallocr.o)
                              d:/stm32/stm32cubeide_1.6.1/stm32cubeide/plugins/com.st.stm32cube.ide.mcu.externaltools.gnu-tools-for-stm32.9-2020-q2-update.win32_1.5.0.202011040924/tools/bin/../lib/gcc/arm-none-eabi/9.3.1/../../../../arm-none-eabi/lib/thumb/v7e-m+fp/hard\libc_nano.a(lib_a-malloc.o) (_malloc_r)
d:/stm32/stm32cubeide_1.6.1/stm32cubeide/plugins/com.st.stm32cube.ide.mcu.externaltools.gnu-tools-for-stm32.9-2020-q2-update.win32_1.5.0.202011040924/tools/bin/../lib/gcc/arm-none-eabi/9.3.1/../../../../arm-none-eabi/lib/thumb/v7e-m+fp/hard\libc_nano.a(lib_a-sbrkr.o)
[...]
Memory Configuration

Name             Origin             Length             Attributes
CCMRAM           0x0000000010000000 0x0000000000010000 xrw
RAM              0x0000000020000000 0x0000000000020000 xrw
FLASH            0x0000000008000000 0x0000000000100000 xr
*default*        0x0000000000000000 0xffffffffffffffff

Linker script and memory map

LOAD d:/stm32/stm32cubeide_1.6.1/stm32cubeide/plugins/com.st.stm32cube.ide.mcu.externaltools.gnu-tools-for-stm32.9-2020-q2-update.win32_1.5.0.202011040924/tools/bin/../lib/gcc/arm-none-eabi/9.3.1/thumb/v7e-m+fp/hard/crti.o
LOAD d:/stm32/stm32cubeide_1.6.1/stm32cubeide/plugins/com.st.stm32cube.ide.mcu.externaltools.gnu-tools-for-stm32.9-2020-q2-update.win32_1.5.0.202011040924/tools/bin/../lib/gcc/arm-none-eabi/9.3.1/thumb/v7e-m+fp/hard/crtbegin.o
LOAD d:/stm32/stm32cubeide_1.6.1/stm32cubeide/plugins/com.st.stm32cube.ide.mcu.externaltools.gnu-tools-for-stm32.9-2020-q2-update.win32_1.5.0.202011040924/tools/bin/../lib/gcc/arm-none-eabi/9.3.1/../../../../arm-none-eabi/lib/thumb/v7e-m+fp/hard/crt0.o
LOAD Application/CAN_receive.o
LOAD Application/chassis_task.o
LOAD Application/remote_control.o
LOAD BSP/bsp_can.o
LOAD BSP/bsp_rc.o
LOAD BSP/bsp_usart.o
LOAD BSP/buffer.o
LOAD BSP/debugio.o
LOAD BSP/ringbuf.o
LOAD Components/Algorithm/user_lib.o
LOAD Components/Controller/pid.o
LOAD Core/Src/can.o
LOAD Core/Src/dma.o
LOAD Core/Src/freertos.o
LOAD Core/Src/gpio.o
LOAD Core/Src/main.o
LOAD Core/Src/rtc.o
LOAD Core/Src/spi.o
LOAD Core/Src/stm32f4xx_hal_msp.o
LOAD Core/Src/stm32f4xx_hal_timebase_tim.o
LOAD Core/Src/stm32f4xx_it.o
LOAD Core/Src/syscalls.o
LOAD Core/Src/sysmem.o
LOAD Core/Src/system_stm32f4xx.o
LOAD Core/Src/tim.o
LOAD Core/Src/usart.o
LOAD Core/Startup/startup_stm32f407ighx.o
LOAD Drivers/STM32F4xx_HAL_Driver/Src/stm32f4xx_hal.o
LOAD Drivers/STM32F4xx_HAL_Driver/Src/stm32f4xx_hal_can.o
LOAD Drivers/STM32F4xx_HAL_Driver/Src/stm32f4xx_hal_cortex.o
LOAD Drivers/STM32F4xx_HAL_Driver/Src/stm32f4xx_hal_dma.o
LOAD Drivers/STM32F4xx_HAL_Driver/Src/stm32f4xx_hal_dma_ex.o
LOAD Drivers/STM32F4xx_HAL_Driver/Src/stm32f4xx_hal_exti.o
LOAD Drivers/STM32F4xx_HAL_Driver/Src/stm32f4xx_hal_flash.o
LOAD Drivers/STM32F4xx_HAL_Driver/Src/stm32f4xx_hal_flash_ex.o
LOAD Drivers/STM32F4xx_HAL_Driver/Src/stm32f4xx_hal_flash_ramfunc.o
LOAD Drivers/STM32F4xx_HAL_Driver/Src/stm32f4xx_hal_gpio.o
LOAD Drivers/STM32F4xx_HAL_Driver/Src/stm32f4xx_hal_pcd.o
LOAD Drivers/STM32F4xx_HAL_Driver/Src/stm32f4xx_hal_pcd_ex.o
LOAD Drivers/STM32F4xx_HAL_Driver/Src/stm32f4xx_hal_pwr.o
LOAD Drivers/STM32F4xx_HAL_Driver/Src/stm32f4xx_hal_pwr_ex.o
LOAD Drivers/STM32F4xx_HAL_Driver/Src/stm32f4xx_hal_rcc.o
LOAD Drivers/STM32F4xx_HAL_Driver/Src/stm32f4xx_hal_rcc_ex.o
LOAD Drivers/STM32F4xx_HAL_Driver/Src/stm32f4xx_hal_rtc.o
LOAD Drivers/STM32F4xx_HAL_Driver/Src/stm32f4xx_hal_rtc_ex.o
LOAD Drivers/STM32F4xx_HAL_Driver/Src/stm32f4xx_hal_spi.o
LOAD Drivers/STM32F4xx_HAL_Driver/Src/stm32f4xx_hal_tim.o
LOAD Drivers/STM32F4xx_HAL_Driver/Src/stm32f4xx_hal_tim_ex.o
LOAD Drivers/STM32F4xx_HAL_Driver/Src/stm32f4xx_hal_uart.o
LOAD Drivers/STM32F4xx_HAL_Driver/Src/stm32f4xx_ll_usb.o
LOAD Middlewares/ST/STM32_USB_Device_Library/Class/CDC/Src/usbd_cdc.o
LOAD Middlewares/ST/STM32_USB_Device_Library/Core/Src/usbd_core.o
LOAD Middlewares/ST/STM32_USB_Device_Library/Core/Src/usbd_ctlreq.o
LOAD Middlewares/ST/STM32_USB_Device_Library/Core/Src/usbd_ioreq.o
LOAD Middlewares/Third_Party/FreeRTOS/Source/CMSIS_RTOS_V2/cmsis_os2.o
LOAD Middlewares/Third_Party/FreeRTOS/Source/croutine.o
LOAD Middlewares/Third_Party/FreeRTOS/Source/event_groups.o
LOAD Middlewares/Third_Party/FreeRTOS/Source/list.o
LOAD Middlewares/Third_Party/FreeRTOS/Source/queue.o
LOAD Middlewares/Third_Party/FreeRTOS/Source/stream_buffer.o
LOAD Middlewares/Third_Party/FreeRTOS/Source/tasks.o
LOAD Middlewares/Third_Party/FreeRTOS/Source/timers.o
LOAD Middlewares/Third_Party/FreeRTOS/Source/portable/GCC/ARM_CM4F/port.o
LOAD Middlewares/Third_Party/FreeRTOS/Source/portable/MemMang/heap_4.o
LOAD USB_DEVICE/App/usb_device.o
LOAD USB_DEVICE/App/usbd_cdc_if.o
LOAD USB_DEVICE/App/usbd_desc.o
LOAD USB_DEVICE/Target/usbd_conf.o
LOAD D:\Single_Motor_Chassis\SentinelChassis\Drivers\CMSIS\Lib\GCC\libarm_cortexM4lf_math.a
START GROUP
LOAD D:\Single_Motor_Chassis\SentinelChassis\Drivers\CMSIS\Lib\GCC\libarm_cortexM4lf_math.a
END GROUP
START GROUP
LOAD d:/stm32/stm32cubeide_1.6.1/stm32cubeide/plugins/com.st.stm32cube.ide.mcu.externaltools.gnu-tools-for-stm32.9-2020-q2-update.win32_1.5.0.202011040924/tools/bin/../lib/gcc/arm-none-eabi/9.3.1/../../../../arm-none-eabi/lib/thumb/v7e-m+fp/hard\libc_nano.a
LOAD d:/stm32/stm32cubeide_1.6.1/stm32cubeide/plugins/com.st.stm32cube.ide.mcu.externaltools.gnu-tools-for-stm32.9-2020-q2-update.win32_1.5.0.202011040924/tools/bin/../lib/gcc/arm-none-eabi/9.3.1/../../../../arm-none-eabi/lib/thumb/v7e-m+fp/hard\libm.a
END GROUP
START GROUP
LOAD d:/stm32/stm32cubeide_1.6.1/stm32cubeide/plugins/com.st.stm32cube.ide.mcu.externaltools.gnu-tools-for-stm32.9-2020-q2-update.win32_1.5.0.202011040924/tools/bin/../lib/gcc/arm-none-eabi/9.3.1/thumb/v7e-m+fp/hard\libgcc.a
LOAD d:/stm32/stm32cubeide_1.6.1/stm32cubeide/plugins/com.st.stm32cube.ide.mcu.externaltools.gnu-tools-for-stm32.9-2020-q2-update.win32_1.5.0.202011040924/tools/bin/../lib/gcc/arm-none-eabi/9.3.1/../../../../arm-none-eabi/lib/thumb/v7e-m+fp/hard\libc_nano.a
END GROUP
START GROUP
LOAD d:/stm32/stm32cubeide_1.6.1/stm32cubeide/plugins/com.st.stm32cube.ide.mcu.externaltools.gnu-tools-for-stm32.9-2020-q2-update.win32_1.5.0.202011040924/tools/bin/../lib/gcc/arm-none-eabi/9.3.1/thumb/v7e-m+fp/hard\libgcc.a
LOAD d:/stm32/stm32cubeide_1.6.1/stm32cubeide/plugins/com.st.stm32cube.ide.mcu.externaltools.gnu-tools-for-stm32.9-2020-q2-update.win32_1.5.0.202011040924/tools/bin/../lib/gcc/arm-none-eabi/9.3.1/../../../../arm-none-eabi/lib/thumb/v7e-m+fp/hard\libc_nano.a
LOAD d:/stm32/stm32cubeide_1.6.1/stm32cubeide/plugins/com.st.stm32cube.ide.mcu.externaltools.gnu-tools-for-stm32.9-2020-q2-update.win32_1.5.0.202011040924/tools/bin/../lib/gcc/arm-none-eabi/9.3.1/../../../../arm-none-eabi/lib/thumb/v7e-m+fp/hard\libnosys.a
END GROUP
START GROUP
LOAD d:/stm32/stm32cubeide_1.6.1/stm32cubeide/plugins/com.st.stm32cube.ide.mcu.externaltools.gnu-tools-for-stm32.9-2020-q2-update.win32_1.5.0.202011040924/tools/bin/../lib/gcc/arm-none-eabi/9.3.1/thumb/v7e-m+fp/hard\libgcc.a
LOAD d:/stm32/stm32cubeide_1.6.1/stm32cubeide/plugins/com.st.stm32cube.ide.mcu.externaltools.gnu-tools-for-stm32.9-2020-q2-update.win32_1.5.0.202011040924/tools/bin/../lib/gcc/arm-none-eabi/9.3.1/../../../../arm-none-eabi/lib/thumb/v7e-m+fp/hard\libc_nano.a
LOAD d:/stm32/stm32cubeide_1.6.1/stm32cubeide/plugins/com.st.stm32cube.ide.mcu.externaltools.gnu-tools-for-stm32.9-2020-q2-update.win32_1.5.0.202011040924/tools/bin/../lib/gcc/arm-none-eabi/9.3.1/../../../../arm-none-eabi/lib/thumb/v7e-m+fp/hard\libnosys.a
END GROUP
LOAD d:/stm32/stm32cubeide_1.6.1/stm32cubeide/plugins/com.st.stm32cube.ide.mcu.externaltools.gnu-tools-for-stm32.9-2020-q2-update.win32_1.5.0.202011040924/tools/bin/../lib/gcc/arm-none-eabi/9.3.1/thumb/v7e-m+fp/hard/crtend.o
LOAD d:/stm32/stm32cubeide_1.6.1/stm32cubeide/plugins/com.st.stm32cube.ide.mcu.externaltools.gnu-tools-for-stm32.9-2020-q2-update.win32_1.5.0.202011040924/tools/bin/../lib/gcc/arm-none-eabi/9.3.1/thumb/v7e-m+fp/hard/crtn.o
                0x0000000020020000                _estack = (ORIGIN (RAM) + LENGTH (RAM))
                0x0000000000002000                _Min_Heap_Size = 0x2000
                0x0000000000002000                _Min_Stack_Size = 0x2000

.isr_vector     0x0000000008000000      0x188
                0x0000000008000000                . = ALIGN (0x4)
 *(.isr_vector)
 .isr_vector    0x0000000008000000      0x188 Core/Startup/startup_stm32f407ighx.o
                0x0000000008000000                g_pfnVectors
                0x0000000008000188                . = ALIGN (0x4)

.text           0x0000000008000190     0xd218
                0x0000000008000190                . = ALIGN (0x4)
 *(.text)
 .text          0x0000000008000190       0x40 d:/stm32/stm32cubeide_1.6.1/stm32cubeide/plugins/com.st.stm32cube.ide.mcu.externaltools.gnu-tools-for-stm32.9-2020-q2-update.win32_1.5.0.202011040924/tools/bin/../lib/gcc/arm-none-eabi/9.3.1/thumb/v7e-m+fp/hard/crtbegin.o
 .text          0x00000000080001d0      0x378 d:/stm32/stm32cubeide_1.6.1/stm32cubeide/plugins/com.st.stm32cube.ide.mcu.externaltools.gnu-tools-for-stm32.9-2020-q2-update.win32_1.5.0.202011040924/tools/bin/../lib/gcc/arm-none-eabi/9.3.1/thumb/v7e-m+fp/hard\libgcc.a(_arm_addsubdf3.o)
                0x00000000080001d0                __aeabi_drsub
                0x00000000080001d8                __aeabi_dsub
                0x00000000080001d8                __subdf3
                0x00000000080001dc                __aeabi_dadd
                0x00000000080001dc                __adddf3
                0x0000000008000454                __floatunsidf
                0x0000000008000454                __aeabi_ui2d
                0x0000000008000474                __floatsidf
                0x0000000008000474                __aeabi_i2d
                0x0000000008000498                __aeabi_f2d
                0x0000000008000498                __extendsfdf2
                0x00000000080004dc                __floatundidf
                0x00000000080004dc                __aeabi_ul2d
                0x00000000080004ec                __floatdidf
                0x00000000080004ec                __aeabi_l2d
 .text          0x0000000008000548      0x424 d:/stm32/stm32cubeide_1.6.1/stm32cubeide/plugins/com.st.stm32cube.ide.mcu.externaltools.gnu-tools-for-stm32.9-2020-q2-update.win32_1.5.0.202011040924/tools/bin/../lib/gcc/arm-none-eabi/9.3.1/thumb/v7e-m+fp/hard\libgcc.a(_arm_muldivdf3.o)
                0x0000000008000548                __aeabi_dmul
                0x0000000008000548                __muldf3
                0x000000000800079c                __divdf3
                0x000000000800079c                __aeabi_ddiv
 .text          0x000000000800096c      0x110 d:/stm32/stm32cubeide_1.6.1/stm32cubeide/plugins/com.st.stm32cube.ide.mcu.externaltools.gnu-tools-for-stm32.9-2020-q2-update.win32_1.5.0.202011040924/tools/bin/../lib/gcc/arm-none-eabi/9.3.1/thumb/v7e-m+fp/hard\libgcc.a(_arm_cmpdf2.o)
                0x000000000800096c                __gtdf2
                0x000000000800096c                __gedf2
                0x0000000008000974                __ltdf2
                0x0000000008000974                __ledf2
                0x000000000800097c                __nedf2
                0x000000000800097c                __eqdf2
                0x000000000800097c                __cmpdf2
                0x00000000080009f8                __aeabi_cdrcmple
                0x0000000008000a08                __aeabi_cdcmpeq
                0x0000000008000a08                __aeabi_cdcmple
                0x0000000008000a18                __aeabi_dcmpeq
                0x0000000008000a2c                __aeabi_dcmplt
                0x0000000008000a40                __aeabi_dcmple
                0x0000000008000a54                __aeabi_dcmpge
                0x0000000008000a68                __aeabi_dcmpgt
 .text          0x0000000008000a7c       0x50 d:/stm32/stm32cubeide_1.6.1/stm32cubeide/plugins/com.st.stm32cube.ide.mcu.externaltools.gnu-tools-for-stm32.9-2020-q2-update.win32_1.5.0.202011040924/tools/bin/../lib/gcc/arm-none-eabi/9.3.1/thumb/v7e-m+fp/hard\libgcc.a(_arm_fixdfsi.o)
                0x0000000008000a7c                __aeabi_d2iz
                0x0000000008000a7c                __fixdfsi
 .text          0x0000000008000acc       0xa0 d:/stm32/stm32cubeide_1.6.1/stm32cubeide/plugins/com.st.stm32cube.ide.mcu.externaltools.gnu-tools-for-stm32.9-2020-q2-update.win32_1.5.0.202011040924/tools/bin/../lib/gcc/arm-none-eabi/9.3.1/thumb/v7e-m+fp/hard\libgcc.a(_arm_truncdfsf2.o)
                0x0000000008000acc                __truncdfsf2
                0x0000000008000acc                __aeabi_d2f
 .text          0x0000000008000b6c       0x30 d:/stm32/stm32cubeide_1.6.1/stm32cubeide/plugins/com.st.stm32cube.ide.mcu.externaltools.gnu-tools-for-stm32.9-2020-q2-update.win32_1.5.0.202011040924/tools/bin/../lib/gcc/arm-none-eabi/9.3.1/thumb/v7e-m+fp/hard\libgcc.a(_aeabi_uldivmod.o)
                0x0000000008000b6c                __aeabi_uldivmod
 .text          0x0000000008000b9c      0x2c4 d:/stm32/stm32cubeide_1.6.1/stm32cubeide/plugins/com.st.stm32cube.ide.mcu.externaltools.gnu-tools-for-stm32.9-2020-q2-update.win32_1.5.0.202011040924/tools/bin/../lib/gcc/arm-none-eabi/9.3.1/thumb/v7e-m+fp/hard\libgcc.a(_udivmoddi4.o)
                0x0000000008000b9c                __udivmoddi4
 .text          0x0000000008000e60        0x4 d:/stm32/stm32cubeide_1.6.1/stm32cubeide/plugins/com.st.stm32cube.ide.mcu.externaltools.gnu-tools-for-stm32.9-2020-q2-update.win32_1.5.0.202011040924/tools/bin/../lib/gcc/arm-none-eabi/9.3.1/thumb/v7e-m+fp/hard\libgcc.a(_dvmd_tls.o)
                0x0000000008000e60                __aeabi_idiv0
                0x0000000008000e60                __aeabi_ldiv0
 *(.text*)
 .text.HAL_CAN_RxFifo0MsgPendingCallback
                0x0000000008000e64       0x64 Application/CAN_receive.o
                0x0000000008000e64                HAL_CAN_RxFifo0MsgPendingCallback
 .text.APP_Send_Msg_to_Motor
                0x0000000008000ec8       0x54 Application/CAN_receive.o
                0x0000000008000ec8                APP_Send_Msg_to_Motor
 .text.get_side_board_data_point
                0x0000000008000f1c       0x14 Application/CAN_receive.o
                0x0000000008000f1c                get_side_board_data_point
 .text.chassis_task
                0x0000000008000f30      0x120 Application/chassis_task.o
                0x0000000008000f30                chassis_task
 .text.chassis_init
                0x0000000008001050       0x74 Application/chassis_task.o
 .text.chassis_feedback_update
                0x00000000080010c4       0x22 Application/chassis_task.o
 *fill*         0x00000000080010e6        0x2 
 .text.chassis_rc_to_control_vector
                0x00000000080010e8      0x228 Application/chassis_task.o
                0x00000000080010e8                chassis_rc_to_control_vector
 .text.chassis_control_loop
                0x0000000008001310       0xac Application/chassis_task.o
 *fill*         0x00000000080013bc        0x4 
 .text.HAL_TIM_PeriodElapsedCallback
                0x00000000080013c0       0x58 Application/chassis_task.o
                0x00000000080013c0                HAL_TIM_PeriodElapsedCallback
 .text.remote_control_init
                0x0000000008001418       0x1c Application/remote_control.o
                0x0000000008001418                remote_control_init
 .text.get_remote_control_point
                0x0000000008001434       0x14 Application/remote_control.o
                0x0000000008001434                get_remote_control_point
 .text.USART3_IRQHandler
                0x0000000008001448      0x144 Application/remote_control.o
                0x0000000008001448                USART3_IRQHandler
 .text.sbus_to_rc
                0x000000000800158c      0x21c Application/remote_control.o
 .text.sbus_to_usart1
                0x00000000080017a8       0x70 Application/remote_control.o
                0x00000000080017a8                sbus_to_usart1
 .text.can_filter_init
                0x0000000008001818       0x74 BSP/bsp_can.o
                0x0000000008001818                can_filter_init
 .text.RC_Init  0x000000000800188c       0xb8 BSP/bsp_rc.o
                0x000000000800188c                RC_Init
 .text.usart1_tx_dma_enable
                0x0000000008001944       0xcc BSP/bsp_usart.o
                0x0000000008001944                usart1_tx_dma_enable
 .text.PID_init
                0x0000000008001a10       0xaa Components/Controller/pid.o
                0x0000000008001a10                PID_init
 .text.PID_calc
                0x0000000008001aba      0x290 Components/Controller/pid.o
                0x0000000008001aba                PID_calc
 *fill*         0x0000000008001d4a        0x2 
 .text.MX_CAN1_Init
                0x0000000008001d4c       0x6c Core/Src/can.o
                0x0000000008001d4c                MX_CAN1_Init
 .text.MX_CAN2_Init
                0x0000000008001db8       0x6c Core/Src/can.o
                0x0000000008001db8                MX_CAN2_Init
 .text.HAL_CAN_MspInit
                0x0000000008001e24      0x180 Core/Src/can.o
                0x0000000008001e24                HAL_CAN_MspInit
 .text.MX_DMA_Init
                0x0000000008001fa4       0xac Core/Src/dma.o
                0x0000000008001fa4                MX_DMA_Init
 .text.MX_FREERTOS_Init
                0x0000000008002050       0x40 Core/Src/freertos.o
                0x0000000008002050                MX_FREERTOS_Init
 .text.INS_task1
                0x0000000008002090       0x10 Core/Src/freertos.o
                0x0000000008002090                INS_task1
 .text.MX_GPIO_Init
                0x00000000080020a0      0x144 Core/Src/gpio.o
                0x00000000080020a0                MX_GPIO_Init
 .text.main     0x00000000080021e4       0x56 Core/Src/main.o
                0x00000000080021e4                main
 *fill*         0x000000000800223a        0x2 
 .text.SystemClock_Config
                0x000000000800223c      0x104 Core/Src/main.o
                0x000000000800223c                SystemClock_Config
 .text.Error_Handler
                0x0000000008002340        0xa Core/Src/main.o
                0x0000000008002340                Error_Handler
 *fill*         0x000000000800234a        0x2 
 .text.MX_RTC_Init
                0x000000000800234c       0x4c Core/Src/rtc.o
                0x000000000800234c                MX_RTC_Init
 .text.HAL_RTC_MspInit
                0x0000000008002398       0x2c Core/Src/rtc.o
                0x0000000008002398                HAL_RTC_MspInit
 .text.MX_SPI1_Init
                0x00000000080023c4       0x6c Core/Src/spi.o
                0x00000000080023c4                MX_SPI1_Init
 .text.HAL_SPI_MspInit
                0x0000000008002430      0x19c Core/Src/spi.o
                0x0000000008002430                HAL_SPI_MspInit
 .text.HAL_MspInit
                0x00000000080025cc       0x58 Core/Src/stm32f4xx_hal_msp.o
                0x00000000080025cc                HAL_MspInit
 .text.HAL_InitTick
                0x0000000008002624       0xb4 Core/Src/stm32f4xx_hal_timebase_tim.o
                0x0000000008002624                HAL_InitTick
 .text.NMI_Handler
                0x00000000080026d8        0x6 Core/Src/stm32f4xx_it.o
                0x00000000080026d8                NMI_Handler
 .text.HardFault_Handler
                0x00000000080026de        0x6 Core/Src/stm32f4xx_it.o
                0x00000000080026de                HardFault_Handler
 .text.MemManage_Handler
                0x00000000080026e4        0x6 Core/Src/stm32f4xx_it.o
                0x00000000080026e4                MemManage_Handler
 .text.BusFault_Handler
                0x00000000080026ea        0x6 Core/Src/stm32f4xx_it.o
                0x00000000080026ea                BusFault_Handler
 .text.UsageFault_Handler
                0x00000000080026f0        0x6 Core/Src/stm32f4xx_it.o
                0x00000000080026f0                UsageFault_Handler
 .text.DebugMon_Handler
                0x00000000080026f6        0xe Core/Src/stm32f4xx_it.o
                0x00000000080026f6                DebugMon_Handler
 .text.DMA1_Stream1_IRQHandler
                0x0000000008002704       0x14 Core/Src/stm32f4xx_it.o
                0x0000000008002704                DMA1_Stream1_IRQHandler
 .text.CAN1_TX_IRQHandler
                0x0000000008002718       0x14 Core/Src/stm32f4xx_it.o
                0x0000000008002718                CAN1_TX_IRQHandler
 .text.CAN1_RX0_IRQHandler
                0x000000000800272c       0x14 Core/Src/stm32f4xx_it.o
                0x000000000800272c                CAN1_RX0_IRQHandler
 .text.TIM2_IRQHandler
                0x0000000008002740       0x14 Core/Src/stm32f4xx_it.o
                0x0000000008002740                TIM2_IRQHandler
 .text.TIM3_IRQHandler
                0x0000000008002754       0x14 Core/Src/stm32f4xx_it.o
                0x0000000008002754                TIM3_IRQHandler
 .text.USART1_IRQHandler
                0x0000000008002768       0x14 Core/Src/stm32f4xx_it.o
                0x0000000008002768                USART1_IRQHandler
 .text.DMA2_Stream1_IRQHandler
                0x000000000800277c       0x14 Core/Src/stm32f4xx_it.o
                0x000000000800277c                DMA2_Stream1_IRQHandler
 .text.DMA2_Stream2_IRQHandler
                0x0000000008002790       0x14 Core/Src/stm32f4xx_it.o
                0x0000000008002790                DMA2_Stream2_IRQHandler
 .text.DMA2_Stream3_IRQHandler
                0x00000000080027a4       0x14 Core/Src/stm32f4xx_it.o
                0x00000000080027a4                DMA2_Stream3_IRQHandler
 .text.CAN2_TX_IRQHandler
                0x00000000080027b8       0x14 Core/Src/stm32f4xx_it.o
                0x00000000080027b8                CAN2_TX_IRQHandler
 .text.CAN2_RX0_IRQHandler
                0x00000000080027cc       0x14 Core/Src/stm32f4xx_it.o
                0x00000000080027cc                CAN2_RX0_IRQHandler
 .text.OTG_FS_IRQHandler
                0x00000000080027e0       0x14 Core/Src/stm32f4xx_it.o
                0x00000000080027e0                OTG_FS_IRQHandler
 .text.DMA2_Stream6_IRQHandler
                0x00000000080027f4       0x14 Core/Src/stm32f4xx_it.o
                0x00000000080027f4                DMA2_Stream6_IRQHandler
 .text.DMA2_Stream7_IRQHandler
                0x0000000008002808       0x14 Core/Src/stm32f4xx_it.o
                0x0000000008002808                DMA2_Stream7_IRQHandler
 .text.USART6_IRQHandler
                0x000000000800281c       0x14 Core/Src/stm32f4xx_it.o
                0x000000000800281c                USART6_IRQHandler
 .text.SystemInit
                0x0000000008002830       0x24 Core/Src/system_stm32f4xx.o
                0x0000000008002830                SystemInit
 .text.MX_TIM2_Init
                0x0000000008002854       0x9c Core/Src/tim.o
                0x0000000008002854                MX_TIM2_Init
 .text.MX_TIM4_Init
                0x00000000080028f0      0x104 Core/Src/tim.o
                0x00000000080028f0                MX_TIM4_Init
 .text.MX_TIM5_Init
                0x00000000080029f4       0xe0 Core/Src/tim.o
                0x00000000080029f4                MX_TIM5_Init
 .text.MX_TIM12_Init
                0x0000000008002ad4       0xc8 Core/Src/tim.o
                0x0000000008002ad4                MX_TIM12_Init
 .text.HAL_TIM_Base_MspInit
                0x0000000008002b9c       0xa4 Core/Src/tim.o
                0x0000000008002b9c                HAL_TIM_Base_MspInit
 .text.HAL_TIM_PWM_MspInit
                0x0000000008002c40       0x44 Core/Src/tim.o
                0x0000000008002c40                HAL_TIM_PWM_MspInit
 .text.HAL_TIM_MspPostInit
                0x0000000008002c84      0x110 Core/Src/tim.o
                0x0000000008002c84                HAL_TIM_MspPostInit
 .text.MX_USART1_UART_Init
                0x0000000008002d94       0x54 Core/Src/usart.o
                0x0000000008002d94                MX_USART1_UART_Init
 .text.MX_USART3_UART_Init
                0x0000000008002de8       0x54 Core/Src/usart.o
                0x0000000008002de8                MX_USART3_UART_Init
 .text.MX_USART6_UART_Init
                0x0000000008002e3c       0x54 Core/Src/usart.o
                0x0000000008002e3c                MX_USART6_UART_Init
 .text.HAL_UART_MspInit
                0x0000000008002e90      0x33c Core/Src/usart.o
                0x0000000008002e90                HAL_UART_MspInit
 .text.Reset_Handler
                0x00000000080031cc       0x50 Core/Startup/startup_stm32f407ighx.o
                0x00000000080031cc                Reset_Handler
 .text.Default_Handler
                0x000000000800321c        0x2 Core/Startup/startup_stm32f407ighx.o
                0x000000000800321c                RTC_Alarm_IRQHandler
                0x000000000800321c                HASH_RNG_IRQHandler
                0x000000000800321c                EXTI2_IRQHandler
                0x000000000800321c                TIM8_CC_IRQHandler
                0x000000000800321c                TIM1_CC_IRQHandler
                0x000000000800321c                DMA2_Stream5_IRQHandler
                0x000000000800321c                DMA1_Stream5_IRQHandler
                0x000000000800321c                PVD_IRQHandler
                0x000000000800321c                SDIO_IRQHandler
                0x000000000800321c                TAMP_STAMP_IRQHandler
                0x000000000800321c                CAN2_RX1_IRQHandler
                0x000000000800321c                EXTI3_IRQHandler
                0x000000000800321c                TIM8_TRG_COM_TIM14_IRQHandler
                0x000000000800321c                TIM1_UP_TIM10_IRQHandler
                0x000000000800321c                TIM8_UP_TIM13_IRQHandler
                0x000000000800321c                I2C3_ER_IRQHandler
                0x000000000800321c                EXTI0_IRQHandler
                0x000000000800321c                I2C2_EV_IRQHandler
                0x000000000800321c                DMA1_Stream2_IRQHandler
                0x000000000800321c                FPU_IRQHandler
                0x000000000800321c                OTG_HS_WKUP_IRQHandler
                0x000000000800321c                CAN2_SCE_IRQHandler
                0x000000000800321c                SPI1_IRQHandler
                0x000000000800321c                TIM6_DAC_IRQHandler
                0x000000000800321c                TIM1_BRK_TIM9_IRQHandler
                0x000000000800321c                DCMI_IRQHandler
                0x000000000800321c                CAN1_RX1_IRQHandler
                0x000000000800321c                UART5_IRQHandler
                0x000000000800321c                DMA2_Stream0_IRQHandler
                0x000000000800321c                TIM4_IRQHandler
                0x000000000800321c                I2C1_EV_IRQHandler
                0x000000000800321c                DMA1_Stream6_IRQHandler
                0x000000000800321c                UART4_IRQHandler
                0x000000000800321c                RCC_IRQHandler
                0x000000000800321c                TIM8_BRK_TIM12_IRQHandler
                0x000000000800321c                Default_Handler
                0x000000000800321c                EXTI15_10_IRQHandler
                0x000000000800321c                ADC_IRQHandler
                0x000000000800321c                DMA1_Stream7_IRQHandler
                0x000000000800321c                TIM7_IRQHandler
                0x000000000800321c                TIM5_IRQHandler
                0x000000000800321c                I2C3_EV_IRQHandler
                0x000000000800321c                EXTI9_5_IRQHandler
                0x000000000800321c                RTC_WKUP_IRQHandler
                0x000000000800321c                ETH_WKUP_IRQHandler
                0x000000000800321c                SPI2_IRQHandler
                0x000000000800321c                OTG_HS_EP1_IN_IRQHandler
                0x000000000800321c                DMA1_Stream0_IRQHandler
                0x000000000800321c                EXTI4_IRQHandler
                0x000000000800321c                FSMC_IRQHandler
                0x000000000800321c                ETH_IRQHandler
                0x000000000800321c                OTG_HS_EP1_OUT_IRQHandler
                0x000000000800321c                WWDG_IRQHandler
                0x000000000800321c                OTG_FS_WKUP_IRQHandler
                0x000000000800321c                TIM1_TRG_COM_TIM11_IRQHandler
                0x000000000800321c                OTG_HS_IRQHandler
                0x000000000800321c                EXTI1_IRQHandler
                0x000000000800321c                USART2_IRQHandler
                0x000000000800321c                I2C2_ER_IRQHandler
                0x000000000800321c                CAN1_SCE_IRQHandler
                0x000000000800321c                FLASH_IRQHandler
                0x000000000800321c                DMA2_Stream4_IRQHandler
                0x000000000800321c                SPI3_IRQHandler
                0x000000000800321c                DMA1_Stream4_IRQHandler
                0x000000000800321c                I2C1_ER_IRQHandler
                0x000000000800321c                DMA1_Stream3_IRQHandler
 *fill*         0x000000000800321e        0x2 
 .text.HAL_Init
                0x0000000008003220       0x44 Drivers/STM32F4xx_HAL_Driver/Src/stm32f4xx_hal.o
                0x0000000008003220                HAL_Init
 .text.HAL_GetTick
                0x0000000008003264       0x18 Drivers/STM32F4xx_HAL_Driver/Src/stm32f4xx_hal.o
                0x0000000008003264                HAL_GetTick
 .text.HAL_CAN_Init
                0x000000000800327c      0x1f6 Drivers/STM32F4xx_HAL_Driver/Src/stm32f4xx_hal_can.o
                0x000000000800327c                HAL_CAN_Init
 *fill*         0x0000000008003472        0x2 
 .text.HAL_CAN_ConfigFilter
                0x0000000008003474      0x1c0 Drivers/STM32F4xx_HAL_Driver/Src/stm32f4xx_hal_can.o
                0x0000000008003474                HAL_CAN_ConfigFilter
 .text.HAL_CAN_Start
                0x0000000008003634       0x88 Drivers/STM32F4xx_HAL_Driver/Src/stm32f4xx_hal_can.o
                0x0000000008003634                HAL_CAN_Start
 .text.HAL_CAN_AddTxMessage
                0x00000000080036bc      0x1b6 Drivers/STM32F4xx_HAL_Driver/Src/stm32f4xx_hal_can.o
                0x00000000080036bc                HAL_CAN_AddTxMessage
 .text.HAL_CAN_GetRxMessage
                0x0000000008003872      0x224 Drivers/STM32F4xx_HAL_Driver/Src/stm32f4xx_hal_can.o
                0x0000000008003872                HAL_CAN_GetRxMessage
 .text.HAL_CAN_ActivateNotification
                0x0000000008003a96       0x4c Drivers/STM32F4xx_HAL_Driver/Src/stm32f4xx_hal_can.o
                0x0000000008003a96                HAL_CAN_ActivateNotification
 .text.HAL_CAN_IRQHandler
                0x0000000008003ae2      0x36e Drivers/STM32F4xx_HAL_Driver/Src/stm32f4xx_hal_can.o
                0x0000000008003ae2                HAL_CAN_IRQHandler
 .text.HAL_CAN_TxMailbox0CompleteCallback
                0x0000000008003e50       0x14 Drivers/STM32F4xx_HAL_Driver/Src/stm32f4xx_hal_can.o
                0x0000000008003e50                HAL_CAN_TxMailbox0CompleteCallback
 .text.HAL_CAN_TxMailbox1CompleteCallback
                0x0000000008003e64       0x14 Drivers/STM32F4xx_HAL_Driver/Src/stm32f4xx_hal_can.o
                0x0000000008003e64                HAL_CAN_TxMailbox1CompleteCallback
 .text.HAL_CAN_TxMailbox2CompleteCallback
                0x0000000008003e78       0x14 Drivers/STM32F4xx_HAL_Driver/Src/stm32f4xx_hal_can.o
                0x0000000008003e78                HAL_CAN_TxMailbox2CompleteCallback
 .text.HAL_CAN_TxMailbox0AbortCallback
                0x0000000008003e8c       0x14 Drivers/STM32F4xx_HAL_Driver/Src/stm32f4xx_hal_can.o
                0x0000000008003e8c                HAL_CAN_TxMailbox0AbortCallback
 .text.HAL_CAN_TxMailbox1AbortCallback
                0x0000000008003ea0       0x14 Drivers/STM32F4xx_HAL_Driver/Src/stm32f4xx_hal_can.o
                0x0000000008003ea0                HAL_CAN_TxMailbox1AbortCallback
 .text.HAL_CAN_TxMailbox2AbortCallback
                0x0000000008003eb4       0x14 Drivers/STM32F4xx_HAL_Driver/Src/stm32f4xx_hal_can.o
                0x0000000008003eb4                HAL_CAN_TxMailbox2AbortCallback
 .text.HAL_CAN_RxFifo0FullCallback
                0x0000000008003ec8       0x14 Drivers/STM32F4xx_HAL_Driver/Src/stm32f4xx_hal_can.o
                0x0000000008003ec8                HAL_CAN_RxFifo0FullCallback
 .text.HAL_CAN_RxFifo1MsgPendingCallback
                0x0000000008003edc       0x14 Drivers/STM32F4xx_HAL_Driver/Src/stm32f4xx_hal_can.o
                0x0000000008003edc                HAL_CAN_RxFifo1MsgPendingCallback
 .text.HAL_CAN_RxFifo1FullCallback
                0x0000000008003ef0       0x14 Drivers/STM32F4xx_HAL_Driver/Src/stm32f4xx_hal_can.o
                0x0000000008003ef0                HAL_CAN_RxFifo1FullCallback
 .text.HAL_CAN_SleepCallback
                0x0000000008003f04       0x14 Drivers/STM32F4xx_HAL_Driver/Src/stm32f4xx_hal_can.o
                0x0000000008003f04                HAL_CAN_SleepCallback
 .text.HAL_CAN_WakeUpFromRxMsgCallback
                0x0000000008003f18       0x14 Drivers/STM32F4xx_HAL_Driver/Src/stm32f4xx_hal_can.o
                0x0000000008003f18                HAL_CAN_WakeUpFromRxMsgCallback
 .text.HAL_CAN_ErrorCallback
                0x0000000008003f2c       0x14 Drivers/STM32F4xx_HAL_Driver/Src/stm32f4xx_hal_can.o
                0x0000000008003f2c                HAL_CAN_ErrorCallback
 .text.__NVIC_SetPriorityGrouping
                0x0000000008003f40       0x48 Drivers/STM32F4xx_HAL_Driver/Src/stm32f4xx_hal_cortex.o
 .text.__NVIC_GetPriorityGrouping
                0x0000000008003f88       0x1c Drivers/STM32F4xx_HAL_Driver/Src/stm32f4xx_hal_cortex.o
 .text.__NVIC_EnableIRQ
                0x0000000008003fa4       0x3c Drivers/STM32F4xx_HAL_Driver/Src/stm32f4xx_hal_cortex.o
 .text.__NVIC_SetPriority
                0x0000000008003fe0       0x54 Drivers/STM32F4xx_HAL_Driver/Src/stm32f4xx_hal_cortex.o
 .text.NVIC_EncodePriority
                0x0000000008004034       0x66 Drivers/STM32F4xx_HAL_Driver/Src/stm32f4xx_hal_cortex.o
 .text.HAL_NVIC_SetPriorityGrouping
                0x000000000800409a       0x16 Drivers/STM32F4xx_HAL_Driver/Src/stm32f4xx_hal_cortex.o
                0x000000000800409a                HAL_NVIC_SetPriorityGrouping
 .text.HAL_NVIC_SetPriority
                0x00000000080040b0       0x38 Drivers/STM32F4xx_HAL_Driver/Src/stm32f4xx_hal_cortex.o
                0x00000000080040b0                HAL_NVIC_SetPriority
 .text.HAL_NVIC_EnableIRQ
                0x00000000080040e8       0x1c Drivers/STM32F4xx_HAL_Driver/Src/stm32f4xx_hal_cortex.o
                0x00000000080040e8                HAL_NVIC_EnableIRQ
 .text.HAL_DMA_Init
                0x0000000008004104      0x15c Drivers/STM32F4xx_HAL_Driver/Src/stm32f4xx_hal_dma.o
                0x0000000008004104                HAL_DMA_Init
 .text.HAL_DMA_Abort
                0x0000000008004260       0xe0 Drivers/STM32F4xx_HAL_Driver/Src/stm32f4xx_hal_dma.o
                0x0000000008004260                HAL_DMA_Abort
 .text.HAL_DMA_Abort_IT
                0x0000000008004340       0x44 Drivers/STM32F4xx_HAL_Driver/Src/stm32f4xx_hal_dma.o
                0x0000000008004340                HAL_DMA_Abort_IT
 .text.HAL_DMA_IRQHandler
                0x0000000008004384      0x314 Drivers/STM32F4xx_HAL_Driver/Src/stm32f4xx_hal_dma.o
                0x0000000008004384                HAL_DMA_IRQHandler
 .text.DMA_CalcBaseAndBitshift
                0x0000000008004698       0x6c Drivers/STM32F4xx_HAL_Driver/Src/stm32f4xx_hal_dma.o
 .text.DMA_CheckFifoParam
                0x0000000008004704       0xf8 Drivers/STM32F4xx_HAL_Driver/Src/stm32f4xx_hal_dma.o
 .text.HAL_GPIO_Init
                0x00000000080047fc      0x338 Drivers/STM32F4xx_HAL_Driver/Src/stm32f4xx_hal_gpio.o
                0x00000000080047fc                HAL_GPIO_Init
 .text.HAL_GPIO_WritePin
                0x0000000008004b34       0x32 Drivers/STM32F4xx_HAL_Driver/Src/stm32f4xx_hal_gpio.o
                0x0000000008004b34                HAL_GPIO_WritePin
 .text.HAL_PCD_IRQHandler
                0x0000000008004b66      0x764 Drivers/STM32F4xx_HAL_Driver/Src/stm32f4xx_hal_pcd.o
                0x0000000008004b66                HAL_PCD_IRQHandler
 .text.HAL_PCD_SetAddress
                0x00000000080052ca       0x4a Drivers/STM32F4xx_HAL_Driver/Src/stm32f4xx_hal_pcd.o
                0x00000000080052ca                HAL_PCD_SetAddress
 .text.HAL_PCD_EP_Open
                0x0000000008005314       0xd0 Drivers/STM32F4xx_HAL_Driver/Src/stm32f4xx_hal_pcd.o
                0x0000000008005314                HAL_PCD_EP_Open
 .text.HAL_PCD_EP_Receive
                0x00000000080053e4       0x96 Drivers/STM32F4xx_HAL_Driver/Src/stm32f4xx_hal_pcd.o
                0x00000000080053e4                HAL_PCD_EP_Receive
 .text.HAL_PCD_EP_Transmit
                0x000000000800547a       0x94 Drivers/STM32F4xx_HAL_Driver/Src/stm32f4xx_hal_pcd.o
                0x000000000800547a                HAL_PCD_EP_Transmit
 .text.HAL_PCD_EP_SetStall
                0x000000000800550e       0xc8 Drivers/STM32F4xx_HAL_Driver/Src/stm32f4xx_hal_pcd.o
                0x000000000800550e                HAL_PCD_EP_SetStall
 .text.HAL_PCD_EP_ClrStall
                0x00000000080055d6       0xac Drivers/STM32F4xx_HAL_Driver/Src/stm32f4xx_hal_pcd.o
                0x00000000080055d6                HAL_PCD_EP_ClrStall
 .text.PCD_WriteEmptyTxFifo
                0x0000000008005682      0x11a Drivers/STM32F4xx_HAL_Driver/Src/stm32f4xx_hal_pcd.o
 .text.PCD_EP_OutXfrComplete_int
                0x000000000800579c      0x218 Drivers/STM32F4xx_HAL_Driver/Src/stm32f4xx_hal_pcd.o
 .text.PCD_EP_OutSetupPacket_int
                0x00000000080059b4       0x8c Drivers/STM32F4xx_HAL_Driver/Src/stm32f4xx_hal_pcd.o
 .text.HAL_PCDEx_LPM_Callback
                0x0000000008005a40       0x18 Drivers/STM32F4xx_HAL_Driver/Src/stm32f4xx_hal_pcd_ex.o
                0x0000000008005a40                HAL_PCDEx_LPM_Callback
 .text.HAL_RCC_OscConfig
                0x0000000008005a58      0x4f0 Drivers/STM32F4xx_HAL_Driver/Src/stm32f4xx_hal_rcc.o
                0x0000000008005a58                HAL_RCC_OscConfig
 .text.HAL_RCC_ClockConfig
                0x0000000008005f48      0x1cc Drivers/STM32F4xx_HAL_Driver/Src/stm32f4xx_hal_rcc.o
                0x0000000008005f48                HAL_RCC_ClockConfig
 .text.HAL_RCC_GetSysClockFreq
                0x0000000008006114      0x16c Drivers/STM32F4xx_HAL_Driver/Src/stm32f4xx_hal_rcc.o
                0x0000000008006114                HAL_RCC_GetSysClockFreq
 .text.HAL_RCC_GetHCLKFreq
                0x0000000008006280       0x18 Drivers/STM32F4xx_HAL_Driver/Src/stm32f4xx_hal_rcc.o
                0x0000000008006280                HAL_RCC_GetHCLKFreq
 .text.HAL_RCC_GetPCLK1Freq
                0x0000000008006298       0x28 Drivers/STM32F4xx_HAL_Driver/Src/stm32f4xx_hal_rcc.o
                0x0000000008006298                HAL_RCC_GetPCLK1Freq
 .text.HAL_RCC_GetPCLK2Freq
                0x00000000080062c0       0x28 Drivers/STM32F4xx_HAL_Driver/Src/stm32f4xx_hal_rcc.o
                0x00000000080062c0                HAL_RCC_GetPCLK2Freq
 .text.HAL_RCC_GetClockConfig
                0x00000000080062e8       0x64 Drivers/STM32F4xx_HAL_Driver/Src/stm32f4xx_hal_rcc.o
                0x00000000080062e8                HAL_RCC_GetClockConfig
 .text.HAL_RCCEx_PeriphCLKConfig
                0x000000000800634c      0x1c4 Drivers/STM32F4xx_HAL_Driver/Src/stm32f4xx_hal_rcc_ex.o
                0x000000000800634c                HAL_RCCEx_PeriphCLKConfig
 .text.HAL_RTC_Init
                0x0000000008006510      0x122 Drivers/STM32F4xx_HAL_Driver/Src/stm32f4xx_hal_rtc.o
                0x0000000008006510                HAL_RTC_Init
 .text.HAL_RTC_WaitForSynchro
                0x0000000008006632       0x50 Drivers/STM32F4xx_HAL_Driver/Src/stm32f4xx_hal_rtc.o
                0x0000000008006632                HAL_RTC_WaitForSynchro
 .text.RTC_EnterInitMode
                0x0000000008006682       0x58 Drivers/STM32F4xx_HAL_Driver/Src/stm32f4xx_hal_rtc.o
                0x0000000008006682                RTC_EnterInitMode
 .text.HAL_SPI_Init
                0x00000000080066da      0x112 Drivers/STM32F4xx_HAL_Driver/Src/stm32f4xx_hal_spi.o
                0x00000000080066da                HAL_SPI_Init
 .text.HAL_TIM_Base_Init
                0x00000000080067ec       0x9e Drivers/STM32F4xx_HAL_Driver/Src/stm32f4xx_hal_tim.o
                0x00000000080067ec                HAL_TIM_Base_Init
 *fill*         0x000000000800688a        0x2 
 .text.HAL_TIM_Base_Start_IT
                0x000000000800688c       0xe0 Drivers/STM32F4xx_HAL_Driver/Src/stm32f4xx_hal_tim.o
                0x000000000800688c                HAL_TIM_Base_Start_IT
 .text.HAL_TIM_PWM_Init
                0x000000000800696c       0x9e Drivers/STM32F4xx_HAL_Driver/Src/stm32f4xx_hal_tim.o
                0x000000000800696c                HAL_TIM_PWM_Init
 .text.HAL_TIM_IRQHandler
                0x0000000008006a0a      0x210 Drivers/STM32F4xx_HAL_Driver/Src/stm32f4xx_hal_tim.o
                0x0000000008006a0a                HAL_TIM_IRQHandler
 *fill*         0x0000000008006c1a        0x2 
 .text.HAL_TIM_PWM_ConfigChannel
                0x0000000008006c1c      0x184 Drivers/STM32F4xx_HAL_Driver/Src/stm32f4xx_hal_tim.o
                0x0000000008006c1c                HAL_TIM_PWM_ConfigChannel
 .text.HAL_TIM_ConfigClockSource
                0x0000000008006da0      0x18e Drivers/STM32F4xx_HAL_Driver/Src/stm32f4xx_hal_tim.o
                0x0000000008006da0                HAL_TIM_ConfigClockSource
 .text.HAL_TIM_OC_DelayElapsedCallback
                0x0000000008006f2e       0x14 Drivers/STM32F4xx_HAL_Driver/Src/stm32f4xx_hal_tim.o
                0x0000000008006f2e                HAL_TIM_OC_DelayElapsedCallback
 .text.HAL_TIM_IC_CaptureCallback
                0x0000000008006f42       0x14 Drivers/STM32F4xx_HAL_Driver/Src/stm32f4xx_hal_tim.o
                0x0000000008006f42                HAL_TIM_IC_CaptureCallback
 .text.HAL_TIM_PWM_PulseFinishedCallback
                0x0000000008006f56       0x14 Drivers/STM32F4xx_HAL_Driver/Src/stm32f4xx_hal_tim.o
                0x0000000008006f56                HAL_TIM_PWM_PulseFinishedCallback
 .text.HAL_TIM_TriggerCallback
                0x0000000008006f6a       0x14 Drivers/STM32F4xx_HAL_Driver/Src/stm32f4xx_hal_tim.o
                0x0000000008006f6a                HAL_TIM_TriggerCallback
 *fill*         0x0000000008006f7e        0x2 
 .text.TIM_Base_SetConfig
                0x0000000008006f80      0x140 Drivers/STM32F4xx_HAL_Driver/Src/stm32f4xx_hal_tim.o
                0x0000000008006f80                TIM_Base_SetConfig
 .text.TIM_OC1_SetConfig
                0x00000000080070c0       0xe0 Drivers/STM32F4xx_HAL_Driver/Src/stm32f4xx_hal_tim.o
 .text.TIM_OC2_SetConfig
                0x00000000080071a0       0xec Drivers/STM32F4xx_HAL_Driver/Src/stm32f4xx_hal_tim.o
                0x00000000080071a0                TIM_OC2_SetConfig
 .text.TIM_OC3_SetConfig
                0x000000000800728c       0xe8 Drivers/STM32F4xx_HAL_Driver/Src/stm32f4xx_hal_tim.o
 .text.TIM_OC4_SetConfig
                0x0000000008007374       0xac Drivers/STM32F4xx_HAL_Driver/Src/stm32f4xx_hal_tim.o
 .text.TIM_TI1_ConfigInputStage
                0x0000000008007420       0x5e Drivers/STM32F4xx_HAL_Driver/Src/stm32f4xx_hal_tim.o
 .text.TIM_TI2_ConfigInputStage
                0x000000000800747e       0x60 Drivers/STM32F4xx_HAL_Driver/Src/stm32f4xx_hal_tim.o
 .text.TIM_ITRx_SetConfig
                0x00000000080074de       0x36 Drivers/STM32F4xx_HAL_Driver/Src/stm32f4xx_hal_tim.o
 .text.TIM_ETR_SetConfig
                0x0000000008007514       0x40 Drivers/STM32F4xx_HAL_Driver/Src/stm32f4xx_hal_tim.o
                0x0000000008007514                TIM_ETR_SetConfig
 .text.HAL_TIMEx_MasterConfigSynchronization
                0x0000000008007554       0xf8 Drivers/STM32F4xx_HAL_Driver/Src/stm32f4xx_hal_tim_ex.o
                0x0000000008007554                HAL_TIMEx_MasterConfigSynchronization
 .text.HAL_TIMEx_CommutCallback
                0x000000000800764c       0x14 Drivers/STM32F4xx_HAL_Driver/Src/stm32f4xx_hal_tim_ex.o
                0x000000000800764c                HAL_TIMEx_CommutCallback
 .text.HAL_TIMEx_BreakCallback
                0x0000000008007660       0x14 Drivers/STM32F4xx_HAL_Driver/Src/stm32f4xx_hal_tim_ex.o
                0x0000000008007660                HAL_TIMEx_BreakCallback
 .text.HAL_UART_Init
                0x0000000008007674       0x9a Drivers/STM32F4xx_HAL_Driver/Src/stm32f4xx_hal_uart.o
                0x0000000008007674                HAL_UART_Init
 *fill*         0x000000000800770e        0x2 
 .text.HAL_UART_IRQHandler
                0x0000000008007710      0x51c Drivers/STM32F4xx_HAL_Driver/Src/stm32f4xx_hal_uart.o
                0x0000000008007710                HAL_UART_IRQHandler
 .text.HAL_UART_TxCpltCallback
                0x0000000008007c2c       0x14 Drivers/STM32F4xx_HAL_Driver/Src/stm32f4xx_hal_uart.o
                0x0000000008007c2c                HAL_UART_TxCpltCallback
 .text.HAL_UART_RxCpltCallback
                0x0000000008007c40       0x14 Drivers/STM32F4xx_HAL_Driver/Src/stm32f4xx_hal_uart.o
                0x0000000008007c40                HAL_UART_RxCpltCallback
 .text.HAL_UART_ErrorCallback
                0x0000000008007c54       0x14 Drivers/STM32F4xx_HAL_Driver/Src/stm32f4xx_hal_uart.o
                0x0000000008007c54                HAL_UART_ErrorCallback
 .text.HAL_UARTEx_RxEventCallback
                0x0000000008007c68       0x18 Drivers/STM32F4xx_HAL_Driver/Src/stm32f4xx_hal_uart.o
                0x0000000008007c68                HAL_UARTEx_RxEventCallback
 .text.UART_EndRxTransfer
                0x0000000008007c80       0xc6 Drivers/STM32F4xx_HAL_Driver/Src/stm32f4xx_hal_uart.o
 .text.UART_DMAAbortOnError
                0x0000000008007d46       0x28 Drivers/STM32F4xx_HAL_Driver/Src/stm32f4xx_hal_uart.o
 .text.UART_Transmit_IT
                0x0000000008007d6e       0xa0 Drivers/STM32F4xx_HAL_Driver/Src/stm32f4xx_hal_uart.o
 .text.UART_EndTransmit_IT
                0x0000000008007e0e       0x30 Drivers/STM32F4xx_HAL_Driver/Src/stm32f4xx_hal_uart.o
 .text.UART_Receive_IT
                0x0000000008007e3e      0x176 Drivers/STM32F4xx_HAL_Driver/Src/stm32f4xx_hal_uart.o
 .text.UART_SetConfig
                0x0000000008007fb4      0x390 Drivers/STM32F4xx_HAL_Driver/Src/stm32f4xx_hal_uart.o
 .text.USB_SetTurnaroundTime
                0x0000000008008344      0x144 Drivers/STM32F4xx_HAL_Driver/Src/stm32f4xx_ll_usb.o
                0x0000000008008344                USB_SetTurnaroundTime
 .text.USB_FlushTxFifo
                0x0000000008008488       0x48 Drivers/STM32F4xx_HAL_Driver/Src/stm32f4xx_ll_usb.o
                0x0000000008008488                USB_FlushTxFifo
 .text.USB_GetDevSpeed
                0x00000000080084d0       0x4a Drivers/STM32F4xx_HAL_Driver/Src/stm32f4xx_ll_usb.o
                0x00000000080084d0                USB_GetDevSpeed
 .text.USB_ActivateEndpoint
                0x000000000800851a      0x10e Drivers/STM32F4xx_HAL_Driver/Src/stm32f4xx_ll_usb.o
                0x000000000800851a                USB_ActivateEndpoint
 .text.USB_EPStartXfer
                0x0000000008008628      0x488 Drivers/STM32F4xx_HAL_Driver/Src/stm32f4xx_ll_usb.o
                0x0000000008008628                USB_EPStartXfer
 .text.USB_EP0StartXfer
                0x0000000008008ab0      0x2a6 Drivers/STM32F4xx_HAL_Driver/Src/stm32f4xx_ll_usb.o
                0x0000000008008ab0                USB_EP0StartXfer
 .text.USB_WritePacket
                0x0000000008008d56       0x7c Drivers/STM32F4xx_HAL_Driver/Src/stm32f4xx_ll_usb.o
                0x0000000008008d56                USB_WritePacket
 .text.USB_ReadPacket
                0x0000000008008dd2       0xb0 Drivers/STM32F4xx_HAL_Driver/Src/stm32f4xx_ll_usb.o
                0x0000000008008dd2                USB_ReadPacket
 .text.USB_EPSetStall
                0x0000000008008e82       0xdc Drivers/STM32F4xx_HAL_Driver/Src/stm32f4xx_ll_usb.o
                0x0000000008008e82                USB_EPSetStall
 .text.USB_EPClearStall
                0x0000000008008f5e       0xcc Drivers/STM32F4xx_HAL_Driver/Src/stm32f4xx_ll_usb.o
                0x0000000008008f5e                USB_EPClearStall
 .text.USB_SetDevAddress
                0x000000000800902a       0x4c Drivers/STM32F4xx_HAL_Driver/Src/stm32f4xx_ll_usb.o
                0x000000000800902a                USB_SetDevAddress
 .text.USB_ReadInterrupts
                0x0000000008009076       0x26 Drivers/STM32F4xx_HAL_Driver/Src/stm32f4xx_ll_usb.o
                0x0000000008009076                USB_ReadInterrupts
 .text.USB_ReadDevAllOutEpInterrupt
                0x000000000800909c       0x34 Drivers/STM32F4xx_HAL_Driver/Src/stm32f4xx_ll_usb.o
                0x000000000800909c                USB_ReadDevAllOutEpInterrupt
 .text.USB_ReadDevAllInEpInterrupt
                0x00000000080090d0       0x34 Drivers/STM32F4xx_HAL_Driver/Src/stm32f4xx_ll_usb.o
                0x00000000080090d0                USB_ReadDevAllInEpInterrupt
 .text.USB_ReadDevOutEPInterrupt
                0x0000000008009104       0x3c Drivers/STM32F4xx_HAL_Driver/Src/stm32f4xx_ll_usb.o
                0x0000000008009104                USB_ReadDevOutEPInterrupt
 .text.USB_ReadDevInEPInterrupt
                0x0000000008009140       0x5c Drivers/STM32F4xx_HAL_Driver/Src/stm32f4xx_ll_usb.o
                0x0000000008009140                USB_ReadDevInEPInterrupt
 .text.USB_GetMode
                0x000000000800919c       0x1c Drivers/STM32F4xx_HAL_Driver/Src/stm32f4xx_ll_usb.o
                0x000000000800919c                USB_GetMode
 .text.USB_ActivateSetup
                0x00000000080091b8       0x46 Drivers/STM32F4xx_HAL_Driver/Src/stm32f4xx_ll_usb.o
                0x00000000080091b8                USB_ActivateSetup
 *fill*         0x00000000080091fe        0x2 
 .text.USB_EP0_OutStart
                0x0000000008009200       0xbc Drivers/STM32F4xx_HAL_Driver/Src/stm32f4xx_ll_usb.o
                0x0000000008009200                USB_EP0_OutStart
 .text.USBD_RunTestMode
                0x00000000080092bc       0x16 Middlewares/ST/STM32_USB_Device_Library/Core/Src/usbd_core.o
                0x00000000080092bc                USBD_RunTestMode
 .text.USBD_SetClassConfig
                0x00000000080092d2       0x38 Middlewares/ST/STM32_USB_Device_Library/Core/Src/usbd_core.o
                0x00000000080092d2                USBD_SetClassConfig
 .text.USBD_ClrClassConfig
                0x000000000800930a       0x30 Middlewares/ST/STM32_USB_Device_Library/Core/Src/usbd_core.o
                0x000000000800930a                USBD_ClrClassConfig
 .text.USBD_LL_SetupStage
                0x000000000800933a       0xaa Middlewares/ST/STM32_USB_Device_Library/Core/Src/usbd_core.o
                0x000000000800933a                USBD_LL_SetupStage
 .text.USBD_LL_DataOutStage
                0x00000000080093e4       0xc6 Middlewares/ST/STM32_USB_Device_Library/Core/Src/usbd_core.o
                0x00000000080093e4                USBD_LL_DataOutStage
 .text.USBD_LL_DataInStage
                0x00000000080094aa      0x12c Middlewares/ST/STM32_USB_Device_Library/Core/Src/usbd_core.o
                0x00000000080094aa                USBD_LL_DataInStage
 .text.USBD_LL_Reset
                0x00000000080095d6       0x9c Middlewares/ST/STM32_USB_Device_Library/Core/Src/usbd_core.o
                0x00000000080095d6                USBD_LL_Reset
 .text.USBD_LL_SetSpeed
                0x0000000008009672       0x20 Middlewares/ST/STM32_USB_Device_Library/Core/Src/usbd_core.o
                0x0000000008009672                USBD_LL_SetSpeed
 .text.USBD_LL_Suspend
                0x0000000008009692       0x2c Middlewares/ST/STM32_USB_Device_Library/Core/Src/usbd_core.o
                0x0000000008009692                USBD_LL_Suspend
 .text.USBD_LL_Resume
                0x00000000080096be       0x30 Middlewares/ST/STM32_USB_Device_Library/Core/Src/usbd_core.o
                0x00000000080096be                USBD_LL_Resume
 .text.USBD_LL_SOF
                0x00000000080096ee       0x44 Middlewares/ST/STM32_USB_Device_Library/Core/Src/usbd_core.o
                0x00000000080096ee                USBD_LL_SOF
 .text.USBD_LL_IsoINIncomplete
                0x0000000008009732       0x4c Middlewares/ST/STM32_USB_Device_Library/Core/Src/usbd_core.o
                0x0000000008009732                USBD_LL_IsoINIncomplete
 .text.USBD_LL_IsoOUTIncomplete
                0x000000000800977e       0x4c Middlewares/ST/STM32_USB_Device_Library/Core/Src/usbd_core.o
                0x000000000800977e                USBD_LL_IsoOUTIncomplete
 .text.USBD_LL_DevConnected
                0x00000000080097ca       0x16 Middlewares/ST/STM32_USB_Device_Library/Core/Src/usbd_core.o
                0x00000000080097ca                USBD_LL_DevConnected
 .text.USBD_LL_DevDisconnected
                0x00000000080097e0       0x38 Middlewares/ST/STM32_USB_Device_Library/Core/Src/usbd_core.o
                0x00000000080097e0                USBD_LL_DevDisconnected
 .text.SWAPBYTE
                0x0000000008009818       0x3c Middlewares/ST/STM32_USB_Device_Library/Core/Src/usbd_ctlreq.o
 .text.USBD_StdDevReq
                0x0000000008009854       0xdc Middlewares/ST/STM32_USB_Device_Library/Core/Src/usbd_ctlreq.o
                0x0000000008009854                USBD_StdDevReq
 .text.USBD_StdItfReq
                0x0000000008009930       0x92 Middlewares/ST/STM32_USB_Device_Library/Core/Src/usbd_ctlreq.o
                0x0000000008009930                USBD_StdItfReq
 .text.USBD_StdEPReq
                0x00000000080099c2      0x2c4 Middlewares/ST/STM32_USB_Device_Library/Core/Src/usbd_ctlreq.o
                0x00000000080099c2                USBD_StdEPReq
 *fill*         0x0000000008009c86        0x2 
 .text.USBD_GetDescriptor
                0x0000000008009c88      0x2d4 Middlewares/ST/STM32_USB_Device_Library/Core/Src/usbd_ctlreq.o
 .text.USBD_SetAddress
                0x0000000008009f5c       0x88 Middlewares/ST/STM32_USB_Device_Library/Core/Src/usbd_ctlreq.o
 .text.USBD_SetConfig
                0x0000000008009fe4      0x14c Middlewares/ST/STM32_USB_Device_Library/Core/Src/usbd_ctlreq.o
 .text.USBD_GetConfig
                0x000000000800a130       0x6c Middlewares/ST/STM32_USB_Device_Library/Core/Src/usbd_ctlreq.o
 .text.USBD_GetStatus
                0x000000000800a19c       0x68 Middlewares/ST/STM32_USB_Device_Library/Core/Src/usbd_ctlreq.o
 .text.USBD_SetFeature
                0x000000000800a204       0x28 Middlewares/ST/STM32_USB_Device_Library/Core/Src/usbd_ctlreq.o
 .text.USBD_ClrFeature
                0x000000000800a22c       0x44 Middlewares/ST/STM32_USB_Device_Library/Core/Src/usbd_ctlreq.o
 .text.USBD_ParseSetupRequest
                0x000000000800a270       0x74 Middlewares/ST/STM32_USB_Device_Library/Core/Src/usbd_ctlreq.o
                0x000000000800a270                USBD_ParseSetupRequest
 .text.USBD_CtlError
                0x000000000800a2e4       0x22 Middlewares/ST/STM32_USB_Device_Library/Core/Src/usbd_ctlreq.o
                0x000000000800a2e4                USBD_CtlError
 .text.USBD_CtlSendData
                0x000000000800a306       0x36 Middlewares/ST/STM32_USB_Device_Library/Core/Src/usbd_ioreq.o
                0x000000000800a306                USBD_CtlSendData
 .text.USBD_CtlContinueSendData
                0x000000000800a33c       0x22 Middlewares/ST/STM32_USB_Device_Library/Core/Src/usbd_ioreq.o
                0x000000000800a33c                USBD_CtlContinueSendData
 .text.USBD_CtlContinueRx
                0x000000000800a35e       0x22 Middlewares/ST/STM32_USB_Device_Library/Core/Src/usbd_ioreq.o
                0x000000000800a35e                USBD_CtlContinueRx
 .text.USBD_CtlSendStatus
                0x000000000800a380       0x26 Middlewares/ST/STM32_USB_Device_Library/Core/Src/usbd_ioreq.o
                0x000000000800a380                USBD_CtlSendStatus
 .text.USBD_CtlReceiveStatus
                0x000000000800a3a6       0x26 Middlewares/ST/STM32_USB_Device_Library/Core/Src/usbd_ioreq.o
                0x000000000800a3a6                USBD_CtlReceiveStatus
 .text.__NVIC_SetPriority
                0x000000000800a3cc       0x54 Middlewares/Third_Party/FreeRTOS/Source/CMSIS_RTOS_V2/cmsis_os2.o
 .text.SysTick_Handler
                0x000000000800a420       0x20 Middlewares/Third_Party/FreeRTOS/Source/CMSIS_RTOS_V2/cmsis_os2.o
                0x000000000800a420                SysTick_Handler
 .text.SVC_Setup
                0x000000000800a440       0x12 Middlewares/Third_Party/FreeRTOS/Source/CMSIS_RTOS_V2/cmsis_os2.o
 *fill*         0x000000000800a452        0x2 
 .text.osKernelInitialize
                0x000000000800a454       0x48 Middlewares/Third_Party/FreeRTOS/Source/CMSIS_RTOS_V2/cmsis_os2.o
                0x000000000800a454                osKernelInitialize
 .text.osKernelStart
                0x000000000800a49c       0x4c Middlewares/Third_Party/FreeRTOS/Source/CMSIS_RTOS_V2/cmsis_os2.o
                0x000000000800a49c                osKernelStart
 .text.osThreadNew
                0x000000000800a4e8      0x124 Middlewares/Third_Party/FreeRTOS/Source/CMSIS_RTOS_V2/cmsis_os2.o
                0x000000000800a4e8                osThreadNew
 .text.osDelay  0x000000000800a60c       0x36 Middlewares/Third_Party/FreeRTOS/Source/CMSIS_RTOS_V2/cmsis_os2.o
                0x000000000800a60c                osDelay
 *fill*         0x000000000800a642        0x2 
 .text.vApplicationGetIdleTaskMemory
                0x000000000800a644       0x34 Middlewares/Third_Party/FreeRTOS/Source/CMSIS_RTOS_V2/cmsis_os2.o
                0x000000000800a644                vApplicationGetIdleTaskMemory
 .text.vApplicationGetTimerTaskMemory
                0x000000000800a678       0x34 Middlewares/Third_Party/FreeRTOS/Source/CMSIS_RTOS_V2/cmsis_os2.o
                0x000000000800a678                vApplicationGetTimerTaskMemory
 .text.vListInitialise
                0x000000000800a6ac       0x40 Middlewares/Third_Party/FreeRTOS/Source/list.o
                0x000000000800a6ac                vListInitialise
 .text.vListInitialiseItem
                0x000000000800a6ec       0x1a Middlewares/Third_Party/FreeRTOS/Source/list.o
                0x000000000800a6ec                vListInitialiseItem
 .text.vListInsertEnd
                0x000000000800a706       0x48 Middlewares/Third_Party/FreeRTOS/Source/list.o
                0x000000000800a706                vListInsertEnd
 .text.vListInsert
                0x000000000800a74e       0x72 Middlewares/Third_Party/FreeRTOS/Source/list.o
                0x000000000800a74e                vListInsert
 .text.uxListRemove
                0x000000000800a7c0       0x54 Middlewares/Third_Party/FreeRTOS/Source/list.o
                0x000000000800a7c0                uxListRemove
 .text.xQueueGenericReset
                0x000000000800a814       0xd0 Middlewares/Third_Party/FreeRTOS/Source/queue.o
                0x000000000800a814                xQueueGenericReset
 .text.xQueueGenericCreateStatic
                0x000000000800a8e4       0xf0 Middlewares/Third_Party/FreeRTOS/Source/queue.o
                0x000000000800a8e4                xQueueGenericCreateStatic
 .text.prvInitialiseNewQueue
                0x000000000800a9d4       0x46 Middlewares/Third_Party/FreeRTOS/Source/queue.o
 *fill*         0x000000000800aa1a        0x2 
 .text.xQueueGenericSend
                0x000000000800aa1c      0x1fc Middlewares/Third_Party/FreeRTOS/Source/queue.o
                0x000000000800aa1c                xQueueGenericSend
 .text.xQueueGenericSendFromISR
                0x000000000800ac18      0x136 Middlewares/Third_Party/FreeRTOS/Source/queue.o
                0x000000000800ac18                xQueueGenericSendFromISR
 *fill*         0x000000000800ad4e        0x2 
 .text.xQueueReceive
                0x000000000800ad50      0x1c0 Middlewares/Third_Party/FreeRTOS/Source/queue.o
                0x000000000800ad50                xQueueReceive
 .text.prvCopyDataToQueue
                0x000000000800af10       0xd4 Middlewares/Third_Party/FreeRTOS/Source/queue.o
 .text.prvCopyDataFromQueue
                0x000000000800afe4       0x4c Middlewares/Third_Party/FreeRTOS/Source/queue.o
 .text.prvUnlockQueue
                0x000000000800b030       0xa4 Middlewares/Third_Party/FreeRTOS/Source/queue.o
 .text.prvIsQueueEmpty
                0x000000000800b0d4       0x2c Middlewares/Third_Party/FreeRTOS/Source/queue.o
 .text.prvIsQueueFull
                0x000000000800b100       0x30 Middlewares/Third_Party/FreeRTOS/Source/queue.o
 .text.vQueueAddToRegistry
                0x000000000800b130       0x54 Middlewares/Third_Party/FreeRTOS/Source/queue.o
                0x000000000800b130                vQueueAddToRegistry
 .text.vQueueWaitForMessageRestricted
                0x000000000800b184       0x68 Middlewares/Third_Party/FreeRTOS/Source/queue.o
                0x000000000800b184                vQueueWaitForMessageRestricted
 .text.xTaskCreateStatic
                0x000000000800b1ec       0xba Middlewares/Third_Party/FreeRTOS/Source/tasks.o
                0x000000000800b1ec                xTaskCreateStatic
 .text.xTaskCreate
                0x000000000800b2a6       0x8a Middlewares/Third_Party/FreeRTOS/Source/tasks.o
                0x000000000800b2a6                xTaskCreate
 .text.prvInitialiseNewTask
                0x000000000800b330      0x11e Middlewares/Third_Party/FreeRTOS/Source/tasks.o
 *fill*         0x000000000800b44e        0x2 
 .text.prvAddNewTaskToReadyList
                0x000000000800b450       0xe0 Middlewares/Third_Party/FreeRTOS/Source/tasks.o
 .text.vTaskDelay
                0x000000000800b530       0x68 Middlewares/Third_Party/FreeRTOS/Source/tasks.o
                0x000000000800b530                vTaskDelay
 .text.vTaskStartScheduler
                0x000000000800b598       0xcc Middlewares/Third_Party/FreeRTOS/Source/tasks.o
                0x000000000800b598                vTaskStartScheduler
 .text.vTaskSuspendAll
                0x000000000800b664       0x1c Middlewares/Third_Party/FreeRTOS/Source/tasks.o
                0x000000000800b664                vTaskSuspendAll
 .text.xTaskResumeAll
                0x000000000800b680      0x13c Middlewares/Third_Party/FreeRTOS/Source/tasks.o
                0x000000000800b680                xTaskResumeAll
 .text.xTaskGetTickCount
                0x000000000800b7bc       0x20 Middlewares/Third_Party/FreeRTOS/Source/tasks.o
                0x000000000800b7bc                xTaskGetTickCount
 .text.xTaskIncrementTick
                0x000000000800b7dc      0x174 Middlewares/Third_Party/FreeRTOS/Source/tasks.o
                0x000000000800b7dc                xTaskIncrementTick
 .text.vTaskSwitchContext
                0x000000000800b950       0xbc Middlewares/Third_Party/FreeRTOS/Source/tasks.o
                0x000000000800b950                vTaskSwitchContext
 .text.vTaskPlaceOnEventList
                0x000000000800ba0c       0x48 Middlewares/Third_Party/FreeRTOS/Source/tasks.o
                0x000000000800ba0c                vTaskPlaceOnEventList
 .text.vTaskPlaceOnEventListRestricted
                0x000000000800ba54       0x58 Middlewares/Third_Party/FreeRTOS/Source/tasks.o
                0x000000000800ba54                vTaskPlaceOnEventListRestricted
 .text.xTaskRemoveFromEventList
                0x000000000800baac       0xc8 Middlewares/Third_Party/FreeRTOS/Source/tasks.o
                0x000000000800baac                xTaskRemoveFromEventList
 .text.vTaskInternalSetTimeOutState
                0x000000000800bb74       0x2c Middlewares/Third_Party/FreeRTOS/Source/tasks.o
                0x000000000800bb74                vTaskInternalSetTimeOutState
 .text.xTaskCheckForTimeOut
                0x000000000800bba0       0xc4 Middlewares/Third_Party/FreeRTOS/Source/tasks.o
                0x000000000800bba0                xTaskCheckForTimeOut
 .text.vTaskMissedYield
                0x000000000800bc64       0x18 Middlewares/Third_Party/FreeRTOS/Source/tasks.o
                0x000000000800bc64                vTaskMissedYield
 .text.prvIdleTask
                0x000000000800bc7c       0x30 Middlewares/Third_Party/FreeRTOS/Source/tasks.o
 .text.prvInitialiseTaskLists
                0x000000000800bcac       0x80 Middlewares/Third_Party/FreeRTOS/Source/tasks.o
 .text.prvCheckTasksWaitingTermination
                0x000000000800bd2c       0x5c Middlewares/Third_Party/FreeRTOS/Source/tasks.o
 .text.prvDeleteTCB
                0x000000000800bd88       0x5e Middlewares/Third_Party/FreeRTOS/Source/tasks.o
 *fill*         0x000000000800bde6        0x2 
 .text.prvResetNextTaskUnblockTime
                0x000000000800bde8       0x40 Middlewares/Third_Party/FreeRTOS/Source/tasks.o
 .text.xTaskGetSchedulerState
                0x000000000800be28       0x3c Middlewares/Third_Party/FreeRTOS/Source/tasks.o
                0x000000000800be28                xTaskGetSchedulerState
 .text.xTaskPriorityDisinherit
                0x000000000800be64       0xdc Middlewares/Third_Party/FreeRTOS/Source/tasks.o
                0x000000000800be64                xTaskPriorityDisinherit
 .text.prvAddCurrentTaskToDelayedList
                0x000000000800bf40       0xa8 Middlewares/Third_Party/FreeRTOS/Source/tasks.o
 .text.xTimerCreateTimerTask
                0x000000000800bfe8       0x90 Middlewares/Third_Party/FreeRTOS/Source/timers.o
                0x000000000800bfe8                xTimerCreateTimerTask
 .text.xTimerGenericCommand
                0x000000000800c078       0x9c Middlewares/Third_Party/FreeRTOS/Source/timers.o
                0x000000000800c078                xTimerGenericCommand
 .text.prvProcessExpiredTimer
                0x000000000800c114       0x98 Middlewares/Third_Party/FreeRTOS/Source/timers.o
 .text.prvTimerTask
                0x000000000800c1ac       0x24 Middlewares/Third_Party/FreeRTOS/Source/timers.o
 .text.prvProcessTimerOrBlockTask
                0x000000000800c1d0       0x9c Middlewares/Third_Party/FreeRTOS/Source/timers.o
 .text.prvGetNextExpireTime
                0x000000000800c26c       0x48 Middlewares/Third_Party/FreeRTOS/Source/timers.o
 .text.prvSampleTimeNow
                0x000000000800c2b4       0x40 Middlewares/Third_Party/FreeRTOS/Source/timers.o
 .text.prvInsertTimerInActiveList
                0x000000000800c2f4       0x84 Middlewares/Third_Party/FreeRTOS/Source/timers.o
 .text.prvProcessReceivedCommands
                0x000000000800c378      0x1c4 Middlewares/Third_Party/FreeRTOS/Source/timers.o
 .text.prvSwitchTimerLists
                0x000000000800c53c       0xc8 Middlewares/Third_Party/FreeRTOS/Source/timers.o
 .text.prvCheckForValidListAndQueue
                0x000000000800c604       0x80 Middlewares/Third_Party/FreeRTOS/Source/timers.o
 .text.pxPortInitialiseStack
                0x000000000800c684       0x68 Middlewares/Third_Party/FreeRTOS/Source/portable/GCC/ARM_CM4F/port.o
                0x000000000800c684                pxPortInitialiseStack
 .text.prvTaskExitError
                0x000000000800c6ec       0x58 Middlewares/Third_Party/FreeRTOS/Source/portable/GCC/ARM_CM4F/port.o
 *fill*         0x000000000800c744        0xc 
 .text.SVC_Handler
                0x000000000800c750       0x28 Middlewares/Third_Party/FreeRTOS/Source/portable/GCC/ARM_CM4F/port.o
                0x000000000800c750                SVC_Handler
 .text.prvPortStartFirstTask
                0x000000000800c778       0x28 Middlewares/Third_Party/FreeRTOS/Source/portable/GCC/ARM_CM4F/port.o
 .text.xPortStartScheduler
                0x000000000800c7a0      0x144 Middlewares/Third_Party/FreeRTOS/Source/portable/GCC/ARM_CM4F/port.o
                0x000000000800c7a0                xPortStartScheduler
 .text.vPortEnterCritical
                0x000000000800c8e4       0x60 Middlewares/Third_Party/FreeRTOS/Source/portable/GCC/ARM_CM4F/port.o
                0x000000000800c8e4                vPortEnterCritical
 .text.vPortExitCritical
                0x000000000800c944       0x54 Middlewares/Third_Party/FreeRTOS/Source/portable/GCC/ARM_CM4F/port.o
                0x000000000800c944                vPortExitCritical
 *fill*         0x000000000800c998        0x8 
 .text.PendSV_Handler
                0x000000000800c9a0       0x68 Middlewares/Third_Party/FreeRTOS/Source/portable/GCC/ARM_CM4F/port.o
                0x000000000800c9a0                PendSV_Handler
 .text.xPortSysTickHandler
                0x000000000800ca08       0x44 Middlewares/Third_Party/FreeRTOS/Source/portable/GCC/ARM_CM4F/port.o
                0x000000000800ca08                xPortSysTickHandler
 .text.vPortSetupTimerInterrupt
                0x000000000800ca4c       0x48 Middlewares/Third_Party/FreeRTOS/Source/portable/GCC/ARM_CM4F/port.o
                0x000000000800ca4c                vPortSetupTimerInterrupt
 .text.vPortEnableVFP
                0x000000000800ca94       0x14 Middlewares/Third_Party/FreeRTOS/Source/portable/GCC/ARM_CM4F/port.o
 .text.vPortValidateInterruptPriority
                0x000000000800caa8       0x80 Middlewares/Third_Party/FreeRTOS/Source/portable/GCC/ARM_CM4F/port.o
                0x000000000800caa8                vPortValidateInterruptPriority
 .text.pvPortMalloc
                0x000000000800cb28      0x198 Middlewares/Third_Party/FreeRTOS/Source/portable/MemMang/heap_4.o
                0x000000000800cb28                pvPortMalloc
 .text.vPortFree
                0x000000000800ccc0       0xc4 Middlewares/Third_Party/FreeRTOS/Source/portable/MemMang/heap_4.o
                0x000000000800ccc0                vPortFree
 .text.prvHeapInit
                0x000000000800cd84       0xc4 Middlewares/Third_Party/FreeRTOS/Source/portable/MemMang/heap_4.o
 .text.prvInsertBlockIntoFreeList
                0x000000000800ce48       0xb4 Middlewares/Third_Party/FreeRTOS/Source/portable/MemMang/heap_4.o
 .text.HAL_PCD_SetupStageCallback
                0x000000000800cefc       0x24 USB_DEVICE/Target/usbd_conf.o
                0x000000000800cefc                HAL_PCD_SetupStageCallback
 .text.HAL_PCD_DataOutStageCallback
                0x000000000800cf20       0x36 USB_DEVICE/Target/usbd_conf.o
                0x000000000800cf20                HAL_PCD_DataOutStageCallback
 .text.HAL_PCD_DataInStageCallback
                0x000000000800cf56       0x34 USB_DEVICE/Target/usbd_conf.o
                0x000000000800cf56                HAL_PCD_DataInStageCallback
 .text.HAL_PCD_SOFCallback
                0x000000000800cf8a       0x1c USB_DEVICE/Target/usbd_conf.o
                0x000000000800cf8a                HAL_PCD_SOFCallback
 .text.HAL_PCD_ResetCallback
                0x000000000800cfa6       0x50 USB_DEVICE/Target/usbd_conf.o
                0x000000000800cfa6                HAL_PCD_ResetCallback
 *fill*         0x000000000800cff6        0x2 
 .text.HAL_PCD_SuspendCallback
                0x000000000800cff8       0x4c USB_DEVICE/Target/usbd_conf.o
                0x000000000800cff8                HAL_PCD_SuspendCallback
 .text.HAL_PCD_ResumeCallback
                0x000000000800d044       0x1c USB_DEVICE/Target/usbd_conf.o
                0x000000000800d044                HAL_PCD_ResumeCallback
 .text.HAL_PCD_ISOOUTIncompleteCallback
                0x000000000800d060       0x24 USB_DEVICE/Target/usbd_conf.o
                0x000000000800d060                HAL_PCD_ISOOUTIncompleteCallback
 .text.HAL_PCD_ISOINIncompleteCallback
                0x000000000800d084       0x24 USB_DEVICE/Target/usbd_conf.o
                0x000000000800d084                HAL_PCD_ISOINIncompleteCallback
 .text.HAL_PCD_ConnectCallback
                0x000000000800d0a8       0x1c USB_DEVICE/Target/usbd_conf.o
                0x000000000800d0a8                HAL_PCD_ConnectCallback
 .text.HAL_PCD_DisconnectCallback
                0x000000000800d0c4       0x1c USB_DEVICE/Target/usbd_conf.o
                0x000000000800d0c4                HAL_PCD_DisconnectCallback
 .text.USBD_LL_OpenEP
                0x000000000800d0e0       0x4c USB_DEVICE/Target/usbd_conf.o
                0x000000000800d0e0                USBD_LL_OpenEP
 .text.USBD_LL_StallEP
                0x000000000800d12c       0x3e USB_DEVICE/Target/usbd_conf.o
                0x000000000800d12c                USBD_LL_StallEP
 .text.USBD_LL_ClearStallEP
                0x000000000800d16a       0x3e USB_DEVICE/Target/usbd_conf.o
                0x000000000800d16a                USBD_LL_ClearStallEP
 .text.USBD_LL_IsStallEP
                0x000000000800d1a8       0x58 USB_DEVICE/Target/usbd_conf.o
                0x000000000800d1a8                USBD_LL_IsStallEP
 .text.USBD_LL_SetUSBAddress
                0x000000000800d200       0x3e USB_DEVICE/Target/usbd_conf.o
                0x000000000800d200                USBD_LL_SetUSBAddress
 .text.USBD_LL_Transmit
                0x000000000800d23e       0x42 USB_DEVICE/Target/usbd_conf.o
                0x000000000800d23e                USBD_LL_Transmit
 .text.USBD_LL_PrepareReceive
                0x000000000800d280       0x42 USB_DEVICE/Target/usbd_conf.o
                0x000000000800d280                USBD_LL_PrepareReceive
 *fill*         0x000000000800d2c2        0x2 
 .text.USBD_Get_USB_Status
                0x000000000800d2c4       0x58 USB_DEVICE/Target/usbd_conf.o
                0x000000000800d2c4                USBD_Get_USB_Status
 .text.__libc_init_array
                0x000000000800d31c       0x48 d:/stm32/stm32cubeide_1.6.1/stm32cubeide/plugins/com.st.stm32cube.ide.mcu.externaltools.gnu-tools-for-stm32.9-2020-q2-update.win32_1.5.0.202011040924/tools/bin/../lib/gcc/arm-none-eabi/9.3.1/../../../../arm-none-eabi/lib/thumb/v7e-m+fp/hard\libc_nano.a(lib_a-init.o)
                0x000000000800d31c                __libc_init_array
 .text.memcpy   0x000000000800d364       0x1c d:/stm32/stm32cubeide_1.6.1/stm32cubeide/plugins/com.st.stm32cube.ide.mcu.externaltools.gnu-tools-for-stm32.9-2020-q2-update.win32_1.5.0.202011040924/tools/bin/../lib/gcc/arm-none-eabi/9.3.1/../../../../arm-none-eabi/lib/thumb/v7e-m+fp/hard\libc_nano.a(lib_a-memcpy-stub.o)
                0x000000000800d364                memcpy
 .text.memset   0x000000000800d380       0x10 d:/stm32/stm32cubeide_1.6.1/stm32cubeide/plugins/com.st.stm32cube.ide.mcu.externaltools.gnu-tools-for-stm32.9-2020-q2-update.win32_1.5.0.202011040924/tools/bin/../lib/gcc/arm-none-eabi/9.3.1/../../../../arm-none-eabi/lib/thumb/v7e-m+fp/hard\libc_nano.a(lib_a-memset.o)
                0x000000000800d380                memset
 *(.glue_7)
 .glue_7        0x000000000800d390        0x0 linker stubs
 *(.glue_7t)
 .glue_7t       0x000000000800d390        0x0 linker stubs
 *(.eh_frame)
 .eh_frame      0x000000000800d390        0x0 d:/stm32/stm32cubeide_1.6.1/stm32cubeide/plugins/com.st.stm32cube.ide.mcu.externaltools.gnu-tools-for-stm32.9-2020-q2-update.win32_1.5.0.202011040924/tools/bin/../lib/gcc/arm-none-eabi/9.3.1/thumb/v7e-m+fp/hard/crtbegin.o
 *(.init)
 .init          0x000000000800d390        0x4 d:/stm32/stm32cubeide_1.6.1/stm32cubeide/plugins/com.st.stm32cube.ide.mcu.externaltools.gnu-tools-for-stm32.9-2020-q2-update.win32_1.5.0.202011040924/tools/bin/../lib/gcc/arm-none-eabi/9.3.1/thumb/v7e-m+fp/hard/crti.o
                0x000000000800d390                _init
 .init          0x000000000800d394        0x8 d:/stm32/stm32cubeide_1.6.1/stm32cubeide/plugins/com.st.stm32cube.ide.mcu.externaltools.gnu-tools-for-stm32.9-2020-q2-update.win32_1.5.0.202011040924/tools/bin/../lib/gcc/arm-none-eabi/9.3.1/thumb/v7e-m+fp/hard/crtn.o
 *(.fini)
 .fini          0x000000000800d39c        0x4 d:/stm32/stm32cubeide_1.6.1/stm32cubeide/plugins/com.st.stm32cube.ide.mcu.externaltools.gnu-tools-for-stm32.9-2020-q2-update.win32_1.5.0.202011040924/tools/bin/../lib/gcc/arm-none-eabi/9.3.1/thumb/v7e-m+fp/hard/crti.o
                0x000000000800d39c                _fini
 .fini          0x000000000800d3a0        0x8 d:/stm32/stm32cubeide_1.6.1/stm32cubeide/plugins/com.st.stm32cube.ide.mcu.externaltools.gnu-tools-for-stm32.9-2020-q2-update.win32_1.5.0.202011040924/tools/bin/../lib/gcc/arm-none-eabi/9.3.1/thumb/v7e-m+fp/hard/crtn.o
                0x000000000800d3a8                . = ALIGN (0x4)
                0x000000000800d3a8                _etext = .

.vfp11_veneer   0x000000000800d3a8        0x0
 .vfp11_veneer  0x000000000800d3a8        0x0 linker stubs

.v4_bx          0x000000000800d3a8        0x0
 .v4_bx         0x000000000800d3a8        0x0 linker stubs

.iplt           0x000000000800d3a8        0x0
 .iplt          0x000000000800d3a8        0x0 d:/stm32/stm32cubeide_1.6.1/stm32cubeide/plugins/com.st.stm32cube.ide.mcu.externaltools.gnu-tools-for-stm32.9-2020-q2-update.win32_1.5.0.202011040924/tools/bin/../lib/gcc/arm-none-eabi/9.3.1/thumb/v7e-m+fp/hard/crtbegin.o

.rodata         0x000000000800d3a8       0xa0
                0x000000000800d3a8                . = ALIGN (0x4)
 *(.rodata)
 .rodata        0x000000000800d3a8       0x14 Core/Src/freertos.o
 .rodata        0x000000000800d3bc        0x5 Middlewares/Third_Party/FreeRTOS/Source/tasks.o
 *fill*         0x000000000800d3c1        0x3 
 .rodata        0x000000000800d3c4        0xd Middlewares/Third_Party/FreeRTOS/Source/timers.o
 *(.rodata*)
 *fill*         0x000000000800d3d1        0x3 
 .rodata.m3508_speed_pid.13889
                0x000000000800d3d4        0xc Application/chassis_task.o
 .rodata.ChassisTask_attributes
                0x000000000800d3e0       0x24 Core/Src/freertos.o
                0x000000000800d3e0                ChassisTask_attributes
 .rodata.IMUTask_attributes
                0x000000000800d404       0x24 Core/Src/freertos.o
                0x000000000800d404                IMUTask_attributes
 .rodata.AHBPrescTable
                0x000000000800d428       0x10 Core/Src/system_stm32f4xx.o
                0x000000000800d428                AHBPrescTable
 .rodata.APBPrescTable
                0x000000000800d438        0x8 Core/Src/system_stm32f4xx.o
                0x000000000800d438                APBPrescTable
 .rodata.flagBitshiftOffset.9151
                0x000000000800d440        0x8 Drivers/STM32F4xx_HAL_Driver/Src/stm32f4xx_hal_dma.o
                0x000000000800d448                . = ALIGN (0x4)

.ARM.extab      0x000000000800d448        0x0
                0x000000000800d448                . = ALIGN (0x4)
 *(.ARM.extab* .gnu.linkonce.armextab.*)
                0x000000000800d448                . = ALIGN (0x4)

.ARM            0x000000000800d448        0x8
                0x000000000800d448                . = ALIGN (0x4)
                0x000000000800d448                __exidx_start = .
 *(.ARM.exidx*)
 .ARM.exidx     0x000000000800d448        0x8 d:/stm32/stm32cubeide_1.6.1/stm32cubeide/plugins/com.st.stm32cube.ide.mcu.externaltools.gnu-tools-for-stm32.9-2020-q2-update.win32_1.5.0.202011040924/tools/bin/../lib/gcc/arm-none-eabi/9.3.1/thumb/v7e-m+fp/hard\libgcc.a(_udivmoddi4.o)
                0x000000000800d450                __exidx_end = .
                0x000000000800d450                . = ALIGN (0x4)

.rel.dyn        0x000000000800d450        0x0
 .rel.iplt      0x000000000800d450        0x0 d:/stm32/stm32cubeide_1.6.1/stm32cubeide/plugins/com.st.stm32cube.ide.mcu.externaltools.gnu-tools-for-stm32.9-2020-q2-update.win32_1.5.0.202011040924/tools/bin/../lib/gcc/arm-none-eabi/9.3.1/thumb/v7e-m+fp/hard/crtbegin.o

.preinit_array  0x000000000800d450        0x0
                0x000000000800d450                . = ALIGN (0x4)
                0x000000000800d450                PROVIDE (__preinit_array_start = .)
 *(.preinit_array*)
                0x000000000800d450                PROVIDE (__preinit_array_end = .)
                0x000000000800d450                . = ALIGN (0x4)

.init_array     0x000000000800d450        0x4
                0x000000000800d450                . = ALIGN (0x4)
                0x000000000800d450                PROVIDE (__init_array_start = .)
 *(SORT_BY_NAME(.init_array.*))
 *(.init_array*)
 .init_array    0x000000000800d450        0x4 d:/stm32/stm32cubeide_1.6.1/stm32cubeide/plugins/com.st.stm32cube.ide.mcu.externaltools.gnu-tools-for-stm32.9-2020-q2-update.win32_1.5.0.202011040924/tools/bin/../lib/gcc/arm-none-eabi/9.3.1/thumb/v7e-m+fp/hard/crtbegin.o
                0x000000000800d454                PROVIDE (__init_array_end = .)
                0x000000000800d454                . = ALIGN (0x4)

.fini_array     0x000000000800d454        0x4
                0x000000000800d454                . = ALIGN (0x4)
                [!provide]                        PROVIDE (__fini_array_start = .)
 *(SORT_BY_NAME(.fini_array.*))
 *(.fini_array*)
 .fini_array    0x000000000800d454        0x4 d:/stm32/stm32cubeide_1.6.1/stm32cubeide/plugins/com.st.stm32cube.ide.mcu.externaltools.gnu-tools-for-stm32.9-2020-q2-update.win32_1.5.0.202011040924/tools/bin/../lib/gcc/arm-none-eabi/9.3.1/thumb/v7e-m+fp/hard/crtbegin.o
                [!provide]                        PROVIDE (__fini_array_end = .)
                0x000000000800d458                . = ALIGN (0x4)
                0x000000000800d458                _sidata = LOADADDR (.data)

.data           0x0000000020000000        0xc load address 0x000000000800d458
                0x0000000020000000                . = ALIGN (0x4)
                0x0000000020000000                _sdata = .
 *(.data)
 *(.data*)
 .data.SystemCoreClock
                0x0000000020000000        0x4 Core/Src/system_stm32f4xx.o
                0x0000000020000000                SystemCoreClock
 .data.uwTickPrio
                0x0000000020000004        0x4 Drivers/STM32F4xx_HAL_Driver/Src/stm32f4xx_hal.o
                0x0000000020000004                uwTickPrio
 .data.uxCriticalNesting
                0x0000000020000008        0x4 Middlewares/Third_Party/FreeRTOS/Source/portable/GCC/ARM_CM4F/port.o
 *(.RamFunc)
 *(.RamFunc*)
                0x000000002000000c                . = ALIGN (0x4)
                0x000000002000000c                _edata = .

.igot.plt       0x000000002000000c        0x0 load address 0x000000000800d464
 .igot.plt      0x000000002000000c        0x0 d:/stm32/stm32cubeide_1.6.1/stm32cubeide/plugins/com.st.stm32cube.ide.mcu.externaltools.gnu-tools-for-stm32.9-2020-q2-update.win32_1.5.0.202011040924/tools/bin/../lib/gcc/arm-none-eabi/9.3.1/thumb/v7e-m+fp/hard/crtbegin.o
                0x000000002000000c                . = ALIGN (0x4)

.bss            0x000000002000000c     0x53e0 load address 0x000000000800d464
                0x000000002000000c                _sbss = .
                0x000000002000000c                __bss_start__ = _sbss
 *(.bss)
 .bss           0x000000002000000c       0x1c d:/stm32/stm32cubeide_1.6.1/stm32cubeide/plugins/com.st.stm32cube.ide.mcu.externaltools.gnu-tools-for-stm32.9-2020-q2-update.win32_1.5.0.202011040924/tools/bin/../lib/gcc/arm-none-eabi/9.3.1/thumb/v7e-m+fp/hard/crtbegin.o
 *(.bss*)
 .bss.sbus_rx_buf
                0x0000000020000028       0x48 Application/remote_control.o
 .bss.this_time_rx_len.13021
                0x0000000020000070        0x2 Application/remote_control.o
 *fill*         0x0000000020000072        0x2 
 .bss.usart_tx_buf.13033
                0x0000000020000074       0x14 Application/remote_control.o
 .bss.i.13034   0x0000000020000088        0x1 Application/remote_control.o
 *fill*         0x0000000020000089        0x3 
 .bss.HAL_RCC_CAN1_CLK_ENABLED
                0x000000002000008c        0x4 Core/Src/can.o
 .bss.cfgidx.11088
                0x0000000020000090        0x1 Middlewares/ST/STM32_USB_Device_Library/Core/Src/usbd_ctlreq.o
 *fill*         0x0000000020000091        0x3 
 .bss.KernelState
                0x0000000020000094        0x4 Middlewares/Third_Party/FreeRTOS/Source/CMSIS_RTOS_V2/cmsis_os2.o
 .bss.Idle_TCB.10949
                0x0000000020000098       0x5c Middlewares/Third_Party/FreeRTOS/Source/CMSIS_RTOS_V2/cmsis_os2.o
 .bss.Idle_Stack.10950
                0x00000000200000f4      0x200 Middlewares/Third_Party/FreeRTOS/Source/CMSIS_RTOS_V2/cmsis_os2.o
 .bss.Timer_TCB.10956
                0x00000000200002f4       0x5c Middlewares/Third_Party/FreeRTOS/Source/CMSIS_RTOS_V2/cmsis_os2.o
 .bss.Timer_Stack.10957
                0x0000000020000350      0x400 Middlewares/Third_Party/FreeRTOS/Source/CMSIS_RTOS_V2/cmsis_os2.o
 .bss.pxCurrentTCB
                0x0000000020000750        0x4 Middlewares/Third_Party/FreeRTOS/Source/tasks.o
                0x0000000020000750                pxCurrentTCB
 .bss.pxReadyTasksLists
                0x0000000020000754      0x460 Middlewares/Third_Party/FreeRTOS/Source/tasks.o
 .bss.xDelayedTaskList1
                0x0000000020000bb4       0x14 Middlewares/Third_Party/FreeRTOS/Source/tasks.o
 .bss.xDelayedTaskList2
                0x0000000020000bc8       0x14 Middlewares/Third_Party/FreeRTOS/Source/tasks.o
 .bss.pxDelayedTaskList
                0x0000000020000bdc        0x4 Middlewares/Third_Party/FreeRTOS/Source/tasks.o
 .bss.pxOverflowDelayedTaskList
                0x0000000020000be0        0x4 Middlewares/Third_Party/FreeRTOS/Source/tasks.o
 .bss.xPendingReadyList
                0x0000000020000be4       0x14 Middlewares/Third_Party/FreeRTOS/Source/tasks.o
 .bss.xTasksWaitingTermination
                0x0000000020000bf8       0x14 Middlewares/Third_Party/FreeRTOS/Source/tasks.o
 .bss.uxDeletedTasksWaitingCleanUp
                0x0000000020000c0c        0x4 Middlewares/Third_Party/FreeRTOS/Source/tasks.o
 .bss.xSuspendedTaskList
                0x0000000020000c10       0x14 Middlewares/Third_Party/FreeRTOS/Source/tasks.o
 .bss.uxCurrentNumberOfTasks
                0x0000000020000c24        0x4 Middlewares/Third_Party/FreeRTOS/Source/tasks.o
 .bss.xTickCount
                0x0000000020000c28        0x4 Middlewares/Third_Party/FreeRTOS/Source/tasks.o
 .bss.uxTopReadyPriority
                0x0000000020000c2c        0x4 Middlewares/Third_Party/FreeRTOS/Source/tasks.o
 .bss.xSchedulerRunning
                0x0000000020000c30        0x4 Middlewares/Third_Party/FreeRTOS/Source/tasks.o
 .bss.xPendedTicks
                0x0000000020000c34        0x4 Middlewares/Third_Party/FreeRTOS/Source/tasks.o
 .bss.xYieldPending
                0x0000000020000c38        0x4 Middlewares/Third_Party/FreeRTOS/Source/tasks.o
 .bss.xNumOfOverflows
                0x0000000020000c3c        0x4 Middlewares/Third_Party/FreeRTOS/Source/tasks.o
 .bss.uxTaskNumber
                0x0000000020000c40        0x4 Middlewares/Third_Party/FreeRTOS/Source/tasks.o
 .bss.xNextTaskUnblockTime
                0x0000000020000c44        0x4 Middlewares/Third_Party/FreeRTOS/Source/tasks.o
 .bss.xIdleTaskHandle
                0x0000000020000c48        0x4 Middlewares/Third_Party/FreeRTOS/Source/tasks.o
 .bss.uxSchedulerSuspended
                0x0000000020000c4c        0x4 Middlewares/Third_Party/FreeRTOS/Source/tasks.o
 .bss.xActiveTimerList1
                0x0000000020000c50       0x14 Middlewares/Third_Party/FreeRTOS/Source/timers.o
 .bss.xActiveTimerList2
                0x0000000020000c64       0x14 Middlewares/Third_Party/FreeRTOS/Source/timers.o
 .bss.pxCurrentTimerList
                0x0000000020000c78        0x4 Middlewares/Third_Party/FreeRTOS/Source/timers.o
 .bss.pxOverflowTimerList
                0x0000000020000c7c        0x4 Middlewares/Third_Party/FreeRTOS/Source/timers.o
 .bss.xTimerQueue
                0x0000000020000c80        0x4 Middlewares/Third_Party/FreeRTOS/Source/timers.o
 .bss.xTimerTaskHandle
                0x0000000020000c84        0x4 Middlewares/Third_Party/FreeRTOS/Source/timers.o
 .bss.xLastTime.6925
                0x0000000020000c88        0x4 Middlewares/Third_Party/FreeRTOS/Source/timers.o
 .bss.ucStaticTimerQueueStorage.6976
                0x0000000020000c8c       0xa0 Middlewares/Third_Party/FreeRTOS/Source/timers.o
 .bss.xStaticTimerQueue.6975
                0x0000000020000d2c       0x50 Middlewares/Third_Party/FreeRTOS/Source/timers.o
 .bss.ucMaxSysCallPriority
                0x0000000020000d7c        0x1 Middlewares/Third_Party/FreeRTOS/Source/portable/GCC/ARM_CM4F/port.o
 *fill*         0x0000000020000d7d        0x3 
 .bss.ulMaxPRIGROUPValue
                0x0000000020000d80        0x4 Middlewares/Third_Party/FreeRTOS/Source/portable/GCC/ARM_CM4F/port.o
 .bss.ucHeap    0x0000000020000d84     0x3c00 Middlewares/Third_Party/FreeRTOS/Source/portable/MemMang/heap_4.o
 .bss.xStart    0x0000000020004984        0x8 Middlewares/Third_Party/FreeRTOS/Source/portable/MemMang/heap_4.o
 .bss.pxEnd     0x000000002000498c        0x4 Middlewares/Third_Party/FreeRTOS/Source/portable/MemMang/heap_4.o
 .bss.xFreeBytesRemaining
                0x0000000020004990        0x4 Middlewares/Third_Party/FreeRTOS/Source/portable/MemMang/heap_4.o
 .bss.xMinimumEverFreeBytesRemaining
                0x0000000020004994        0x4 Middlewares/Third_Party/FreeRTOS/Source/portable/MemMang/heap_4.o
 .bss.xNumberOfSuccessfulAllocations
                0x0000000020004998        0x4 Middlewares/Third_Party/FreeRTOS/Source/portable/MemMang/heap_4.o
 .bss.xNumberOfSuccessfulFrees
                0x000000002000499c        0x4 Middlewares/Third_Party/FreeRTOS/Source/portable/MemMang/heap_4.o
 .bss.xBlockAllocatedBit
                0x00000000200049a0        0x4 Middlewares/Third_Party/FreeRTOS/Source/portable/MemMang/heap_4.o
 *(COMMON)
 COMMON         0x00000000200049a4        0x8 Application/CAN_receive.o
                0x00000000200049a4                Motor_Message
 COMMON         0x00000000200049ac       0x8e Application/chassis_task.o
                0x00000000200049ac                cnt
                0x00000000200049b0                direction_flag
                0x00000000200049b4                refree_power
                0x00000000200049b8                motor_system
                0x0000000020004a34                real_power
                0x0000000020004a38                current_flag
 *fill*         0x0000000020004a3a        0x2 
 COMMON         0x0000000020004a3c       0x1e Application/remote_control.o
                0x0000000020004a3c                rc_ctrl
 *fill*         0x0000000020004a5a        0x2 
 COMMON         0x0000000020004a5c       0x50 Core/Src/can.o
                0x0000000020004a5c                hcan2
                0x0000000020004a84                hcan1
 COMMON         0x0000000020004aac        0x8 Core/Src/freertos.o
                0x0000000020004aac                IMUTaskHandle
                0x0000000020004ab0                ChassisTaskHandle
 COMMON         0x0000000020004ab4       0x20 Core/Src/rtc.o
                0x0000000020004ab4                hrtc
 COMMON         0x0000000020004ad4      0x118 Core/Src/spi.o
                0x0000000020004ad4                hspi1
                0x0000000020004b2c                hdma_spi1_rx
                0x0000000020004b8c                hdma_spi1_tx
 COMMON         0x0000000020004bec       0x48 Core/Src/stm32f4xx_hal_timebase_tim.o
                0x0000000020004bec                htim3
 COMMON         0x0000000020004c34      0x120 Core/Src/tim.o
                0x0000000020004c34                htim4
                0x0000000020004c7c                htim5
                0x0000000020004cc4                htim2
                0x0000000020004d0c                htim12
 COMMON         0x0000000020004d54      0x24c Core/Src/usart.o
                0x0000000020004d54                hdma_usart6_rx
                0x0000000020004db4                hdma_usart3_rx
                0x0000000020004e14                huart3
                0x0000000020004e58                hdma_usart1_tx
                0x0000000020004eb8                hdma_usart6_tx
                0x0000000020004f18                huart1
                0x0000000020004f5c                huart6
 COMMON         0x0000000020004fa0        0x4 Drivers/STM32F4xx_HAL_Driver/Src/stm32f4xx_hal.o
                0x0000000020004fa0                uwTick
 COMMON         0x0000000020004fa4       0x40 Middlewares/Third_Party/FreeRTOS/Source/queue.o
                0x0000000020004fa4                xQueueRegistry
 COMMON         0x0000000020004fe4      0x408 USB_DEVICE/Target/usbd_conf.o
                0x0000000020004fe4                hpcd_USB_OTG_FS
                0x00000000200053ec                . = ALIGN (0x4)
                0x00000000200053ec                _ebss = .
                0x00000000200053ec                __bss_end__ = _ebss

._user_heap_stack
                0x00000000200053ec     0x4004 load address 0x000000000800d464
                0x00000000200053f0                . = ALIGN (0x8)
 *fill*         0x00000000200053ec        0x4 
                [!provide]                        PROVIDE (end = .)
                0x00000000200053f0                PROVIDE (_end = .)
                0x00000000200073f0                . = (. + _Min_Heap_Size)
 *fill*         0x00000000200053f0     0x2000 
                0x00000000200093f0                . = (. + _Min_Stack_Size)
 *fill*         0x00000000200073f0     0x2000 
                0x00000000200093f0                . = ALIGN (0x8)

/DISCARD/
 libc.a(*)
 libm.a(*)
 libgcc.a(*)

.ARM.attributes
                0x0000000000000000       0x30
 *(.ARM.attributes)
 .ARM.attributes
                0x0000000000000000       0x1e d:/stm32/stm32cubeide_1.6.1/stm32cubeide/plugins/com.st.stm32cube.ide.mcu.externaltools.gnu-tools-for-stm32.9-2020-q2-update.win32_1.5.0.202011040924/tools/bin/../lib/gcc/arm-none-eabi/9.3.1/thumb/v7e-m+fp/hard/crti.o
 .ARM.attributes
                0x000000000000001e       0x34 d:/stm32/stm32cubeide_1.6.1/stm32cubeide/plugins/com.st.stm32cube.ide.mcu.externaltools.gnu-tools-for-stm32.9-2020-q2-update.win32_1.5.0.202011040924/tools/bin/../lib/gcc/arm-none-eabi/9.3.1/thumb/v7e-m+fp/hard/crtbegin.o
 .ARM.attributes
                0x0000000000000052       0x34 Application/CAN_receive.o
 .ARM.attributes
                0x0000000000000086       0x34 Application/chassis_task.o
 .ARM.attributes
                0x00000000000000ba       0x34 Application/remote_control.o
 .ARM.attributes
                0x00000000000000ee       0x34 BSP/bsp_can.o
 .ARM.attributes
                0x0000000000000122       0x34 BSP/bsp_rc.o
 .ARM.attributes
                0x0000000000000156       0x34 BSP/bsp_usart.o
 .ARM.attributes
                0x000000000000018a       0x34 Components/Controller/pid.o
 .ARM.attributes
                0x00000000000001be       0x34 Core/Src/can.o
 .ARM.attributes
                0x00000000000001f2       0x34 Core/Src/dma.o
 .ARM.attributes
                0x0000000000000226       0x34 Core/Src/freertos.o
 .ARM.attributes
                0x000000000000025a       0x34 Core/Src/gpio.o
 .ARM.attributes