Archive member included to satisfy reference by file (symbol)

d:/stm32/stm32cubeide_1.6.1/stm32cubeide/plugins/com.st.stm32cube.ide.mcu.externaltools.gnu-tools-for-stm32.9-2020-q2-update.win32_1.5.0.202011040924/tools/bin/../lib/gcc/arm-none-eabi/9.3.1/../../../../arm-none-eabi/lib/thumb/v7e-m+fp/hard\libc_nano.a(lib_a-errno.o)
                              Core/Src/syscalls.o (__errno)
d:/stm32/stm32cubeide_1.6.1/stm32cubeide/plugins/com.st.stm32cube.ide.mcu.externaltools.gnu-tools-for-stm32.9-2020-q2-update.win32_1.5.0.202011040924/tools/bin/../lib/gcc/arm-none-eabi/9.3.1/../../../../arm-none-eabi/lib/thumb/v7e-m+fp/hard\libc_nano.a(lib_a-exit.o)
                              d:/stm32/stm32cubeide_1.6.1/stm32cubeide/plugins/com.st.stm32cube.ide.mcu.externaltools.gnu-tools-for-stm32.9-2020-q2-update.win32_1.5.0.202011040924/tools/bin/../lib/gcc/arm-none-eabi/9.3.1/../../../../arm-none-eabi/lib/thumb/v7e-m+fp/hard/crt0.o (exit)
d:/stm32/stm32cubeide_1.6.1/stm32cubeide/plugins/com.st.stm32cube.ide.mcu.externaltools.gnu-tools-for-stm32.9-2020-q2-update.win32_1.5.0.202011040924/tools/bin/../lib/gcc/arm-none-eabi/9.3.1/../../../../arm-none-eabi/lib/thumb/v7e-m+fp/hard\libc_nano.a(lib_a-impure.o)
                              d:/stm32/stm32cubeide_1.6.1/stm32cubeide/plugins/com.st.stm32cube.ide.mcu.externaltools.gnu-tools-for-stm32.9-2020-q2-update.win32_1.5.0.202011040924/tools/bin/../lib/gcc/arm-none-eabi/9.3.1/../../../../arm-none-eabi/lib/thumb/v7e-m+fp/hard\libc_nano.a(lib_a-exit.o) (_global_impure_ptr)
d:/stm32/stm32cubeide_1.6.1/stm32cubeide/plugins/com.st.stm32cube.ide.mcu.externaltools.gnu-tools-for-stm32.9-2020-q2-update.win32_1.5.0.202011040924/tools/bin/../lib/gcc/arm-none-eabi/9.3.1/../../../../arm-none-eabi/lib/thumb/v7e-m+fp/hard\libc_nano.a(lib_a-init.o)
                              d:/stm32/stm32cubeide_1.6.1/stm32cubeide/plugins/com.st.stm32cube.ide.mcu.externaltools.gnu-tools-for-stm32.9-2020-q2-update.win32_1.5.0.202011040924/tools/bin/../lib/gcc/arm-none-eabi/9.3.1/../../../../arm-none-eabi/lib/thumb/v7e-m+fp/hard/crt0.o (__libc_init_array)
d:/stm32/stm32cubeide_1.6.1/stm32cubeide/plugins/com.st.stm32cube.ide.mcu.externaltools.gnu-tools-for-stm32.9-2020-q2-update.win32_1.5.0.202011040924/tools/bin/../lib/gcc/arm-none-eabi/9.3.1/../../../../arm-none-eabi/lib/thumb/v7e-m+fp/hard\libc_nano.a(lib_a-malloc.o)
                              BSP/buffer.o (malloc)
d:/stm32/stm32cubeide_1.6.1/stm32cubeide/plugins/com.st.stm32cube.ide.mcu.externaltools.gnu-tools-for-stm32.9-2020-q2-update.win32_1.5.0.202011040924/tools/bin/../lib/gcc/arm-none-eabi/9.3.1/../../../../arm-none-eabi/lib/thumb/v7e-m+fp/hard\libc_nano.a(lib_a-memcpy-stub.o)
                              Application/remote_control.o (memcpy)
d:/stm32/stm32cubeide_1.6.1/stm32cubeide/plugins/com.st.stm32cube.ide.mcu.externaltools.gnu-tools-for-stm32.9-2020-q2-update.win32_1.5.0.202011040924/tools/bin/../lib/gcc/arm-none-eabi/9.3.1/../../../../arm-none-eabi/lib/thumb/v7e-m+fp/hard\libc_nano.a(lib_a-memset.o)
                              d:/stm32/stm32cubeide_1.6.1/stm32cubeide/plugins/com.st.stm32cube.ide.mcu.externaltools.gnu-tools-for-stm32.9-2020-q2-update.win32_1.5.0.202011040924/tools/bin/../lib/gcc/arm-none-eabi/9.3.1/../../../../arm-none-eabi/lib/thumb/v7e-m+fp/hard/crt0.o (memset)
d:/stm32/stm32cubeide_1.6.1/stm32cubeide/plugins/com.st.stm32cube.ide.mcu.externaltools.gnu-tools-for-stm32.9-2020-q2-update.win32_1.5.0.202011040924/tools/bin/../lib/gcc/arm-none-eabi/9.3.1/../../../../arm-none-eabi/lib/thumb/v7e-m+fp/hard\libc_nano.a(lib_a-nano-freer.o)
                              d:/stm32/stm32cubeide_1.6.1/stm32cubeide/plugins/com.st.stm32cube.ide.mcu.externaltools.gnu-tools-for-stm32.9-2020-q2-update.win32_1.5.0.202011040924/tools/bin/../lib/gcc/arm-none-eabi/9.3.1/../../../../arm-none-eabi/lib/thumb/v7e-m+fp/hard\libc_nano.a(lib_a-malloc.o) (_free_r)
d:/stm32/stm32cubeide_1.6.1/stm32cubeide/plugins/com.st.stm32cube.ide.mcu.externaltools.gnu-tools-for-stm32.9-2020-q2-update.win32_1.5.0.202011040924/tools/bin/../lib/gcc/arm-none-eabi/9.3.1/../../../../arm-none-eabi/lib/thumb/v7e-m+fp/hard\libc_nano.a(lib_a-nano-mallocr.o)
                              d:/stm32/stm32cubeide_1.6.1/stm32cubeide/plugins/com.st.stm32cube.ide.mcu.externaltools.gnu-tools-for-stm32.9-2020-q2-update.win32_1.5.0.202011040924/tools/bin/../lib/gcc/arm-none-eabi/9.3.1/../../../../arm-none-eabi/lib/thumb/v7e-m+fp/hard\libc_nano.a(lib_a-malloc.o) (_malloc_r)
d:/stm32/stm32cubeide_1.6.1/stm32cubeide/plugins/com.st.stm32cube.ide.mcu.externaltools.gnu-tools-for-stm32.9-2020-q2-update.win32_1.5.0.202011040924/tools/bin/../lib/gcc/arm-none-eabi/9.3.1/../../../../arm-none-eabi/lib/thumb/v7e-m+fp/hard\libc_nano.a(lib_a-sbrkr.o)
[...]
Memory Configuration

Name             Origin             Length             Attributes
CCMRAM           0x0000000010000000 0x0000000000010000 xrw
RAM              0x0000000020000000 0x0000000000020000 xrw
FLASH            0x0000000008000000 0x0000000000100000 xr
*default*        0x0000000000000000 0xffffffffffffffff

Linker script and memory map

LOAD d:/stm32/stm32cubeide_1.6.1/stm32cubeide/plugins/com.st.stm32cube.ide.mcu.externaltools.gnu-tools-for-stm32.9-2020-q2-update.win32_1.5.0.202011040924/tools/bin/../lib/gcc/arm-none-eabi/9.3.1/thumb/v7e-m+fp/hard/crti.o
LOAD d:/stm32/stm32cubeide_1.6.1/stm32cubeide/plugins/com.st.stm32cube.ide.mcu.externaltools.gnu-tools-for-stm32.9-2020-q2-update.win32_1.5.0.202011040924/tools/bin/../lib/gcc/arm-none-eabi/9.3.1/thumb/v7e-m+fp/hard/crtbegin.o
LOAD d:/stm32/stm32cubeide_1.6.1/stm32cubeide/plugins/com.st.stm32cube.ide.mcu.externaltools.gnu-tools-for-stm32.9-2020-q2-update.win32_1.5.0.202011040924/tools/bin/../lib/gcc/arm-none-eabi/9.3.1/../../../../arm-none-eabi/lib/thumb/v7e-m+fp/hard/crt0.o
LOAD Application/CAN_receive.o
LOAD Application/chassis_task.o
LOAD Application/remote_control.o
LOAD BSP/bsp_can.o
LOAD BSP/bsp_rc.o
LOAD BSP/bsp_usart.o
LOAD BSP/buffer.o
LOAD BSP/debugio.o
LOAD BSP/ringbuf.o
LOAD Components/Algorithm/user_lib.o
LOAD Components/Controller/pid.o
LOAD Core/Src/can.o
LOAD Core/Src/dma.o
LOAD Core/Src/freertos.o
LOAD Core/Src/gpio.o
LOAD Core/Src/main.o
LOAD Core/Src/rtc.o
LOAD Core/Src/spi.o
LOAD Core/Src/stm32f4xx_hal_msp.o
LOAD Core/Src/stm32f4xx_hal_timebase_tim.o
LOAD Core/Src/stm32f4xx_it.o
LOAD Core/Src/syscalls.o
LOAD Core/Src/sysmem.o
LOAD Core/Src/system_stm32f4xx.o
LOAD Core/Src/tim.o
LOAD Core/Src/usart.o
LOAD Core/Startup/startup_stm32f407ighx.o
LOAD Drivers/STM32F4xx_HAL_Driver/Src/stm32f4xx_hal.o
LOAD Drivers/STM32F4xx_HAL_Driver/Src/stm32f4xx_hal_can.o
LOAD Drivers/STM32F4xx_HAL_Driver/Src/stm32f4xx_hal_cortex.o
LOAD Drivers/STM32F4xx_HAL_Driver/Src/stm32f4xx_hal_dma.o
LOAD Drivers/STM32F4xx_HAL_Driver/Src/stm32f4xx_hal_dma_ex.o
LOAD Drivers/STM32F4xx_HAL_Driver/Src/stm32f4xx_hal_exti.o
LOAD Drivers/STM32F4xx_HAL_Driver/Src/stm32f4xx_hal_flash.o
LOAD Drivers/STM32F4xx_HAL_Driver/Src/stm32f4xx_hal_flash_ex.o
LOAD Drivers/STM32F4xx_HAL_Driver/Src/stm32f4xx_hal_flash_ramfunc.o
LOAD Drivers/STM32F4xx_HAL_Driver/Src/stm32f4xx_hal_gpio.o
LOAD Drivers/STM32F4xx_HAL_Driver/Src/stm32f4xx_hal_pcd.o
LOAD Drivers/STM32F4xx_HAL_Driver/Src/stm32f4xx_hal_pcd_ex.o
LOAD Drivers/STM32F4xx_HAL_Driver/Src/stm32f4xx_hal_pwr.o
LOAD Drivers/STM32F4xx_HAL_Driver/Src/stm32f4xx_hal_pwr_ex.o
LOAD Drivers/STM32F4xx_HAL_Driver/Src/stm32f4xx_hal_rcc.o
LOAD Drivers/STM32F4xx_HAL_Driver/Src/stm32f4xx_hal_rcc_ex.o
LOAD Drivers/STM32F4xx_HAL_Driver/Src/stm32f4xx_hal_rtc.o
LOAD Drivers/STM32F4xx_HAL_Driver/Src/stm32f4xx_hal_rtc_ex.o
LOAD Drivers/STM32F4xx_HAL_Driver/Src/stm32f4xx_hal_spi.o
LOAD Drivers/STM32F4xx_HAL_Driver/Src/stm32f4xx_hal_tim.o
LOAD Drivers/STM32F4xx_HAL_Driver/Src/stm32f4xx_hal_tim_ex.o
LOAD Drivers/STM32F4xx_HAL_Driver/Src/stm32f4xx_hal_uart.o
LOAD Drivers/STM32F4xx_HAL_Driver/Src/stm32f4xx_ll_usb.o
LOAD Middlewares/ST/STM32_USB_Device_Library/Class/CDC/Src/usbd_cdc.o
LOAD Middlewares/ST/STM32_USB_Device_Library/Core/Src/usbd_core.o
LOAD Middlewares/ST/STM32_USB_Device_Library/Core/Src/usbd_ctlreq.o
LOAD Middlewares/ST/STM32_USB_Device_Library/Core/Src/usbd_ioreq.o
LOAD Middlewares/Third_Party/FreeRTOS/Source/CMSIS_RTOS_V2/cmsis_os2.o
LOAD Middlewares/Third_Party/FreeRTOS/Source/croutine.o
LOAD Middlewares/Third_Party/FreeRTOS/Source/event_groups.o
LOAD Middlewares/Third_Party/FreeRTOS/Source/list.o
LOAD Middlewares/Third_Party/FreeRTOS/Source/queue.o
LOAD Middlewares/Third_Party/FreeRTOS/Source/stream_buffer.o
LOAD Middlewares/Third_Party/FreeRTOS/Source/tasks.o
LOAD Middlewares/Third_Party/FreeRTOS/Source/timers.o
LOAD Middlewares/Third_Party/FreeRTOS/Source/portable/GCC/ARM_CM4F/port.o
LOAD Middlewares/Third_Party/FreeRTOS/Source/portable/MemMang/heap_4.o
LOAD USB_DEVICE/App/usb_device.o
LOAD USB_DEVICE/App/usbd_cdc_if.o
LOAD USB_DEVICE/App/usbd_desc.o
LOAD USB_DEVICE/Target/usbd_conf.o
LOAD D:\Single_Motor_Chassis\SentinelChassis\Drivers\CMSIS\Lib\GCC\libarm_cortexM4lf_math.a
START GROUP
LOAD D:\Single_Motor_Chassis\SentinelChassis\Drivers\CMSIS\Lib\GCC\libarm_cortexM4lf_math.a
END GROUP
START GROUP
LOAD d:/stm32/stm32cubeide_1.6.1/stm32cubeide/plugins/com.st.stm32cube.ide.mcu.externaltools.gnu-tools-for-stm32.9-2020-q2-update.win32_1.5.0.202011040924/tools/bin/../lib/gcc/arm-none-eabi/9.3.1/../../../../arm-none-eabi/lib/thumb/v7e-m+fp/hard\libc_nano.a
LOAD d:/stm32/stm32cubeide_1.6.1/stm32cubeide/plugins/com.st.stm32cube.ide.mcu.externaltools.gnu-tools-for-stm32.9-2020-q2-update.win32_1.5.0.202011040924/tools/bin/../lib/gcc/arm-none-eabi/9.3.1/../../../../arm-none-eabi/lib/thumb/v7e-m+fp/hard\libm.a
END GROUP
START GROUP
LOAD d:/stm32/stm32cubeide_1.6.1/stm32cubeide/plugins/com.st.stm32cube.ide.mcu.externaltools.gnu-tools-for-stm32.9-2020-q2-update.win32_1.5.0.202011040924/tools/bin/../lib/gcc/arm-none-eabi/9.3.1/thumb/v7e-m+fp/hard\libgcc.a
LOAD d:/stm32/stm32cubeide_1.6.1/stm32cubeide/plugins/com.st.stm32cube.ide.mcu.externaltools.gnu-tools-for-stm32.9-2020-q2-update.win32_1.5.0.202011040924/tools/bin/../lib/gcc/arm-none-eabi/9.3.1/../../../../arm-none-eabi/lib/thumb/v7e-m+fp/hard\libc_nano.a
END GROUP
START GROUP
LOAD d:/stm32/stm32cubeide_1.6.1/stm32cubeide/plugins/com.st.stm32cube.ide.mcu.externaltools.gnu-tools-for-stm32.9-2020-q2-update.win32_1.5.0.202011040924/tools/bin/../lib/gcc/arm-none-eabi/9.3.1/thumb/v7e-m+fp/hard\libgcc.a
LOAD d:/stm32/stm32cubeide_1.6.1/stm32cubeide/plugins/com.st.stm32cube.ide.mcu.externaltools.gnu-tools-for-stm32.9-2020-q2-update.win32_1.5.0.202011040924/tools/bin/../lib/gcc/arm-none-eabi/9.3.1/../../../../arm-none-eabi/lib/thumb/v7e-m+fp/hard\libc_nano.a
LOAD d:/stm32/stm32cubeide_1.6.1/stm32cubeide/plugins/com.st.stm32cube.ide.mcu.externaltools.gnu-tools-for-stm32.9-2020-q2-update.win32_1.5.0.202011040924/tools/bin/../lib/gcc/arm-none-eabi/9.3.1/../../../../arm-none-eabi/lib/thumb/v7e-m+fp/hard\libnosys.a
END GROUP
START GROUP
LOAD d:/stm32/stm32cubeide_1.6.1/stm32cubeide/plugins/com.st.stm32cube.ide.mcu.externaltools.gnu-tools-for-stm32.9-2020-q2-update.win32_1.5.0.202011040924/tools/bin/../lib/gcc/arm-none-eabi/9.3.1/thumb/v7e-m+fp/hard\libgcc.a
LOAD d:/stm32/stm32cubeide_1.6.1/stm32cubeide/plugins/com.st.stm32cube.ide.mcu.externaltools.gnu-tools-for-stm32.9-2020-q2-update.win32_1.5.0.202011040924/tools/bin/../lib/gcc/arm-none-eabi/9.3.1/../../../../arm-none-eabi/lib/thumb/v7e-m+fp/hard\libc_nano.a
LOAD d:/stm32/stm32cubeide_1.6.1/stm32cubeide/plugins/com.st.stm32cube.ide.mcu.externaltools.gnu-tools-for-stm32.9-2020-q2-update.win32_1.5.0.202011040924/tools/bin/../lib/gcc/arm-none-eabi/9.3.1/../../../../arm-none-eabi/lib/thumb/v7e-m+fp/hard\libnosys.a
END GROUP
LOAD d:/stm32/stm32cubeide_1.6.1/stm32cubeide/plugins/com.st.stm32cube.ide.mcu.externaltools.gnu-tools-for-stm32.9-2020-q2-update.win32_1.5.0.202011040924/tools/bin/../lib/gcc/arm-none-eabi/9.3.1/thumb/v7e-m+fp/hard/crtend.o
LOAD d:/stm32/stm32cubeide_1.6.1/stm32cubeide/plugins/com.st.stm32cube.ide.mcu.externaltools.gnu-tools-for-stm32.9-2020-q2-update.win32_1.5.0.202011040924/tools/bin/../lib/gcc/arm-none-eabi/9.3.1/thumb/v7e-m+fp/hard/crtn.o
                0x0000000020020000                _estack = (ORIGIN (RAM) + LENGTH (RAM))
                0x0000000000002000                _Min_Heap_Size = 0x2000
                0x0000000000002000                _Min_Stack_Size = 0x2000

.isr_vector     0x0000000008000000      0x188
                0x0000000008000000                . = ALIGN (0x4)
 *(.isr_vector)
 .isr_vector    0x0000000008000000      0x188 Core/Startup/startup_stm32f407ighx.o
                0x0000000008000000                g_pfnVectors
                0x0000000008000188                . = ALIGN (0x4)

.text           0x0000000008000190     0xcbd8
                0x0000000008000190                . = ALIGN (0x4)
 *(.text)
 .text          0x0000000008000190       0x40 d:/stm32/stm32cubeide_1.6.1/stm32cubeide/plugins/com.st.stm32cube.ide.mcu.externaltools.gnu-tools-for-stm32.9-2020-q2-update.win32_1.5.0.202011040924/tools/bin/../lib/gcc/arm-none-eabi/9.3.1/thumb/v7e-m+fp/hard/crtbegin.o
 .text          0x00000000080001d0      0x254 d:/stm32/stm32cubeide_1.6.1/stm32cubeide/plugins/com.st.stm32cube.ide.mcu.externaltools.gnu-tools-for-stm32.9-2020-q2-update.win32_1.5.0.202011040924/tools/bin/../lib/gcc/arm-none-eabi/9.3.1/thumb/v7e-m+fp/hard\libgcc.a(_arm_muldf3.o)
                0x00000000080001d0                __muldf3
                0x00000000080001d0                __aeabi_dmul
 .text          0x0000000008000424      0x378 d:/stm32/stm32cubeide_1.6.1/stm32cubeide/plugins/com.st.stm32cube.ide.mcu.externaltools.gnu-tools-for-stm32.9-2020-q2-update.win32_1.5.0.202011040924/tools/bin/../lib/gcc/arm-none-eabi/9.3.1/thumb/v7e-m+fp/hard\libgcc.a(_arm_addsubdf3.o)
                0x0000000008000424                __aeabi_drsub
                0x000000000800042c                __aeabi_dsub
                0x000000000800042c                __subdf3
                0x0000000008000430                __aeabi_dadd
                0x0000000008000430                __adddf3
                0x00000000080006a8                __floatunsidf
                0x00000000080006a8                __aeabi_ui2d
                0x00000000080006c8                __floatsidf
                0x00000000080006c8                __aeabi_i2d
                0x00000000080006ec                __aeabi_f2d
                0x00000000080006ec                __extendsfdf2
                0x0000000008000730                __floatundidf
                0x0000000008000730                __aeabi_ul2d
                0x0000000008000740                __floatdidf
                0x0000000008000740                __aeabi_l2d
 .text          0x000000000800079c       0x50 d:/stm32/stm32cubeide_1.6.1/stm32cubeide/plugins/com.st.stm32cube.ide.mcu.externaltools.gnu-tools-for-stm32.9-2020-q2-update.win32_1.5.0.202011040924/tools/bin/../lib/gcc/arm-none-eabi/9.3.1/thumb/v7e-m+fp/hard\libgcc.a(_arm_fixdfsi.o)
                0x000000000800079c                __aeabi_d2iz
                0x000000000800079c                __fixdfsi
 .text          0x00000000080007ec       0x30 d:/stm32/stm32cubeide_1.6.1/stm32cubeide/plugins/com.st.stm32cube.ide.mcu.externaltools.gnu-tools-for-stm32.9-2020-q2-update.win32_1.5.0.202011040924/tools/bin/../lib/gcc/arm-none-eabi/9.3.1/thumb/v7e-m+fp/hard\libgcc.a(_aeabi_uldivmod.o)
                0x00000000080007ec                __aeabi_uldivmod
 .text          0x000000000800081c      0x2c4 d:/stm32/stm32cubeide_1.6.1/stm32cubeide/plugins/com.st.stm32cube.ide.mcu.externaltools.gnu-tools-for-stm32.9-2020-q2-update.win32_1.5.0.202011040924/tools/bin/../lib/gcc/arm-none-eabi/9.3.1/thumb/v7e-m+fp/hard\libgcc.a(_udivmoddi4.o)
                0x000000000800081c                __udivmoddi4
 .text          0x0000000008000ae0        0x4 d:/stm32/stm32cubeide_1.6.1/stm32cubeide/plugins/com.st.stm32cube.ide.mcu.externaltools.gnu-tools-for-stm32.9-2020-q2-update.win32_1.5.0.202011040924/tools/bin/../lib/gcc/arm-none-eabi/9.3.1/thumb/v7e-m+fp/hard\libgcc.a(_dvmd_tls.o)
                0x0000000008000ae0                __aeabi_idiv0
                0x0000000008000ae0                __aeabi_ldiv0
 *(.text*)
 .text.HAL_CAN_RxFifo0MsgPendingCallback
                0x0000000008000ae4       0x64 Application/CAN_receive.o
                0x0000000008000ae4                HAL_CAN_RxFifo0MsgPendingCallback
 .text.APP_Send_Msg_to_Motor
                0x0000000008000b48       0x54 Application/CAN_receive.o
                0x0000000008000b48                APP_Send_Msg_to_Motor
 .text.get_side_board_data_point
                0x0000000008000b9c       0x14 Application/CAN_receive.o
                0x0000000008000b9c                get_side_board_data_point
 .text.chassis_task
                0x0000000008000bb0       0x3c Application/chassis_task.o
                0x0000000008000bb0                chassis_task
 .text.chassis_init
                0x0000000008000bec       0x54 Application/chassis_task.o
 .text.chassis_feedback_update
                0x0000000008000c40       0x22 Application/chassis_task.o
 *fill*         0x0000000008000c62        0x2 
 .text.chassis_rc_to_control_vector
                0x0000000008000c64      0x19c Application/chassis_task.o
                0x0000000008000c64                chassis_rc_to_control_vector
 .text.chassis_control_loop
                0x0000000008000e00       0x7c Application/chassis_task.o
 .text.remote_control_init
                0x0000000008000e7c       0x1c Application/remote_control.o
                0x0000000008000e7c                remote_control_init
 .text.get_remote_control_point
                0x0000000008000e98       0x14 Application/remote_control.o
                0x0000000008000e98                get_remote_control_point
 .text.USART3_IRQHandler
                0x0000000008000eac      0x144 Application/remote_control.o
                0x0000000008000eac                USART3_IRQHandler
 .text.sbus_to_rc
                0x0000000008000ff0      0x21c Application/remote_control.o
 .text.sbus_to_usart1
                0x000000000800120c       0x70 Application/remote_control.o
                0x000000000800120c                sbus_to_usart1
 .text.can_filter_init
                0x000000000800127c       0x74 BSP/bsp_can.o
                0x000000000800127c                can_filter_init
 .text.RC_Init  0x00000000080012f0       0xb8 BSP/bsp_rc.o
                0x00000000080012f0                RC_Init
 .text.usart1_tx_dma_enable
                0x00000000080013a8       0xcc BSP/bsp_usart.o
                0x00000000080013a8                usart1_tx_dma_enable
 .text.PID_init
                0x0000000008001474       0xaa Components/Controller/pid.o
                0x0000000008001474                PID_init
 .text.PID_calc
                0x000000000800151e      0x290 Components/Controller/pid.o
                0x000000000800151e                PID_calc
 *fill*         0x00000000080017ae        0x2 
 .text.MX_CAN1_Init
                0x00000000080017b0       0x6c Core/Src/can.o
                0x00000000080017b0                MX_CAN1_Init
 .text.MX_CAN2_Init
                0x000000000800181c       0x6c Core/Src/can.o
                0x000000000800181c                MX_CAN2_Init
 .text.HAL_CAN_MspInit
                0x0000000008001888      0x180 Core/Src/can.o
                0x0000000008001888                HAL_CAN_MspInit
 .text.MX_DMA_Init
                0x0000000008001a08       0xac Core/Src/dma.o
                0x0000000008001a08                MX_DMA_Init
 .text.MX_FREERTOS_Init
                0x0000000008001ab4       0x40 Core/Src/freertos.o
                0x0000000008001ab4                MX_FREERTOS_Init
 .text.INS_task1
                0x0000000008001af4       0x10 Core/Src/freertos.o
                0x0000000008001af4                INS_task1
 .text.MX_GPIO_Init
                0x0000000008001b04      0x144 Core/Src/gpio.o
                0x0000000008001b04                MX_GPIO_Init
 .text.main     0x0000000008001c48       0x52 Core/Src/main.o
                0x0000000008001c48                main
 *fill*         0x0000000008001c9a        0x2 
 .text.SystemClock_Config
                0x0000000008001c9c      0x104 Core/Src/main.o
                0x0000000008001c9c                SystemClock_Config
 .text.HAL_TIM_PeriodElapsedCallback
                0x0000000008001da0       0x24 Core/Src/main.o
                0x0000000008001da0                HAL_TIM_PeriodElapsedCallback
 .text.Error_Handler
                0x0000000008001dc4        0xa Core/Src/main.o
                0x0000000008001dc4                Error_Handler
 *fill*         0x0000000008001dce        0x2 
 .text.MX_RTC_Init
                0x0000000008001dd0       0x4c Core/Src/rtc.o
                0x0000000008001dd0                MX_RTC_Init
 .text.HAL_RTC_MspInit
                0x0000000008001e1c       0x2c Core/Src/rtc.o
                0x0000000008001e1c                HAL_RTC_MspInit
 .text.MX_SPI1_Init
                0x0000000008001e48       0x6c Core/Src/spi.o
                0x0000000008001e48                MX_SPI1_Init
 .text.HAL_SPI_MspInit
                0x0000000008001eb4      0x19c Core/Src/spi.o
                0x0000000008001eb4                HAL_SPI_MspInit
 .text.HAL_MspInit
                0x0000000008002050       0x58 Core/Src/stm32f4xx_hal_msp.o
                0x0000000008002050                HAL_MspInit
 .text.HAL_InitTick
                0x00000000080020a8       0xb4 Core/Src/stm32f4xx_hal_timebase_tim.o
                0x00000000080020a8                HAL_InitTick
 .text.NMI_Handler
                0x000000000800215c        0x6 Core/Src/stm32f4xx_it.o
                0x000000000800215c                NMI_Handler
 .text.HardFault_Handler
                0x0000000008002162        0x6 Core/Src/stm32f4xx_it.o
                0x0000000008002162                HardFault_Handler
 .text.MemManage_Handler
                0x0000000008002168        0x6 Core/Src/stm32f4xx_it.o
                0x0000000008002168                MemManage_Handler
 .text.BusFault_Handler
                0x000000000800216e        0x6 Core/Src/stm32f4xx_it.o
                0x000000000800216e                BusFault_Handler
 .text.UsageFault_Handler
                0x0000000008002174        0x6 Core/Src/stm32f4xx_it.o
                0x0000000008002174                UsageFault_Handler
 .text.DebugMon_Handler
                0x000000000800217a        0xe Core/Src/stm32f4xx_it.o
                0x000000000800217a                DebugMon_Handler
 .text.DMA1_Stream1_IRQHandler
                0x0000000008002188       0x14 Core/Src/stm32f4xx_it.o
                0x0000000008002188                DMA1_Stream1_IRQHandler
 .text.CAN1_TX_IRQHandler
                0x000000000800219c       0x14 Core/Src/stm32f4xx_it.o
                0x000000000800219c                CAN1_TX_IRQHandler
 .text.CAN1_RX0_IRQHandler
                0x00000000080021b0       0x14 Core/Src/stm32f4xx_it.o
                0x00000000080021b0                CAN1_RX0_IRQHandler
 .text.TIM3_IRQHandler
                0x00000000080021c4       0x14 Core/Src/stm32f4xx_it.o
                0x00000000080021c4                TIM3_IRQHandler
 .text.USART1_IRQHandler
                0x00000000080021d8       0x14 Core/Src/stm32f4xx_it.o
                0x00000000080021d8                USART1_IRQHandler
 .text.DMA2_Stream1_IRQHandler
                0x00000000080021ec       0x14 Core/Src/stm32f4xx_it.o
                0x00000000080021ec                DMA2_Stream1_IRQHandler
 .text.DMA2_Stream2_IRQHandler
                0x0000000008002200       0x14 Core/Src/stm32f4xx_it.o
                0x0000000008002200                DMA2_Stream2_IRQHandler
 .text.DMA2_Stream3_IRQHandler
                0x0000000008002214       0x14 Core/Src/stm32f4xx_it.o
                0x0000000008002214                DMA2_Stream3_IRQHandler
 .text.CAN2_TX_IRQHandler
                0x0000000008002228       0x14 Core/Src/stm32f4xx_it.o
                0x0000000008002228                CAN2_TX_IRQHandler
 .text.CAN2_RX0_IRQHandler
                0x000000000800223c       0x14 Core/Src/stm32f4xx_it.o
                0x000000000800223c                CAN2_RX0_IRQHandler
 .text.OTG_FS_IRQHandler
                0x0000000008002250       0x14 Core/Src/stm32f4xx_it.o
                0x0000000008002250                OTG_FS_IRQHandler
 .text.DMA2_Stream6_IRQHandler
                0x0000000008002264       0x14 Core/Src/stm32f4xx_it.o
                0x0000000008002264                DMA2_Stream6_IRQHandler
 .text.DMA2_Stream7_IRQHandler
                0x0000000008002278       0x14 Core/Src/stm32f4xx_it.o
                0x0000000008002278                DMA2_Stream7_IRQHandler
 .text.USART6_IRQHandler
                0x000000000800228c       0x14 Core/Src/stm32f4xx_it.o
                0x000000000800228c                USART6_IRQHandler
 .text.SystemInit
                0x00000000080022a0       0x24 Core/Src/system_stm32f4xx.o
                0x00000000080022a0                SystemInit
 .text.MX_TIM4_Init
                0x00000000080022c4      0x104 Core/Src/tim.o
                0x00000000080022c4                MX_TIM4_Init
 .text.MX_TIM5_Init
                0x00000000080023c8       0xe0 Core/Src/tim.o
                0x00000000080023c8                MX_TIM5_Init
 .text.MX_TIM12_Init
                0x00000000080024a8       0xc8 Core/Src/tim.o
                0x00000000080024a8                MX_TIM12_Init
 .text.HAL_TIM_Base_MspInit
                0x0000000008002570       0x70 Core/Src/tim.o
                0x0000000008002570                HAL_TIM_Base_MspInit
 .text.HAL_TIM_PWM_MspInit
                0x00000000080025e0       0x44 Core/Src/tim.o
                0x00000000080025e0                HAL_TIM_PWM_MspInit
 .text.HAL_TIM_MspPostInit
                0x0000000008002624      0x110 Core/Src/tim.o
                0x0000000008002624                HAL_TIM_MspPostInit
 .text.MX_USART1_UART_Init
                0x0000000008002734       0x54 Core/Src/usart.o
                0x0000000008002734                MX_USART1_UART_Init
 .text.MX_USART3_UART_Init
                0x0000000008002788       0x54 Core/Src/usart.o
                0x0000000008002788                MX_USART3_UART_Init
 .text.MX_USART6_UART_Init
                0x00000000080027dc       0x54 Core/Src/usart.o
                0x00000000080027dc                MX_USART6_UART_Init
 .text.HAL_UART_MspInit
                0x0000000008002830      0x33c Core/Src/usart.o
                0x0000000008002830                HAL_UART_MspInit
 .text.Reset_Handler
                0x0000000008002b6c       0x50 Core/Startup/startup_stm32f407ighx.o
                0x0000000008002b6c                Reset_Handler
 .text.Default_Handler
                0x0000000008002bbc        0x2 Core/Startup/startup_stm32f407ighx.o
                0x0000000008002bbc                RTC_Alarm_IRQHandler
                0x0000000008002bbc                HASH_RNG_IRQHandler
                0x0000000008002bbc                EXTI2_IRQHandler
                0x0000000008002bbc                TIM8_CC_IRQHandler
                0x0000000008002bbc                TIM1_CC_IRQHandler
                0x0000000008002bbc                DMA2_Stream5_IRQHandler
                0x0000000008002bbc                DMA1_Stream5_IRQHandler
                0x0000000008002bbc                PVD_IRQHandler
                0x0000000008002bbc                SDIO_IRQHandler
                0x0000000008002bbc                TAMP_STAMP_IRQHandler
                0x0000000008002bbc                CAN2_RX1_IRQHandler
                0x0000000008002bbc                EXTI3_IRQHandler
                0x0000000008002bbc                TIM8_TRG_COM_TIM14_IRQHandler
                0x0000000008002bbc                TIM1_UP_TIM10_IRQHandler
                0x0000000008002bbc                TIM8_UP_TIM13_IRQHandler
                0x0000000008002bbc                I2C3_ER_IRQHandler
                0x0000000008002bbc                EXTI0_IRQHandler
                0x0000000008002bbc                I2C2_EV_IRQHandler
                0x0000000008002bbc                DMA1_Stream2_IRQHandler
                0x0000000008002bbc                FPU_IRQHandler
                0x0000000008002bbc                OTG_HS_WKUP_IRQHandler
                0x0000000008002bbc                CAN2_SCE_IRQHandler
                0x0000000008002bbc                SPI1_IRQHandler
                0x0000000008002bbc                TIM6_DAC_IRQHandler
                0x0000000008002bbc                TIM1_BRK_TIM9_IRQHandler
                0x0000000008002bbc                DCMI_IRQHandler
                0x0000000008002bbc                CAN1_RX1_IRQHandler
                0x0000000008002bbc                UART5_IRQHandler
                0x0000000008002bbc                DMA2_Stream0_IRQHandler
                0x0000000008002bbc                TIM4_IRQHandler
                0x0000000008002bbc                I2C1_EV_IRQHandler
                0x0000000008002bbc                DMA1_Stream6_IRQHandler
                0x0000000008002bbc                UART4_IRQHandler
                0x0000000008002bbc                RCC_IRQHandler
                0x0000000008002bbc                TIM8_BRK_TIM12_IRQHandler
                0x0000000008002bbc                Default_Handler
                0x0000000008002bbc                EXTI15_10_IRQHandler
                0x0000000008002bbc                ADC_IRQHandler
                0x0000000008002bbc                DMA1_Stream7_IRQHandler
                0x0000000008002bbc                TIM7_IRQHandler
                0x0000000008002bbc                TIM5_IRQHandler
                0x0000000008002bbc                I2C3_EV_IRQHandler
                0x0000000008002bbc                EXTI9_5_IRQHandler
                0x0000000008002bbc                RTC_WKUP_IRQHandler
                0x0000000008002bbc                ETH_WKUP_IRQHandler
                0x0000000008002bbc                SPI2_IRQHandler
                0x0000000008002bbc                OTG_HS_EP1_IN_IRQHandler
                0x0000000008002bbc                DMA1_Stream0_IRQHandler
                0x0000000008002bbc                EXTI4_IRQHandler
                0x0000000008002bbc                FSMC_IRQHandler
                0x0000000008002bbc                ETH_IRQHandler
                0x0000000008002bbc                OTG_HS_EP1_OUT_IRQHandler
                0x0000000008002bbc                WWDG_IRQHandler
                0x0000000008002bbc                TIM2_IRQHandler
                0x0000000008002bbc                OTG_FS_WKUP_IRQHandler
                0x0000000008002bbc                TIM1_TRG_COM_TIM11_IRQHandler
                0x0000000008002bbc                OTG_HS_IRQHandler
                0x0000000008002bbc                EXTI1_IRQHandler
                0x0000000008002bbc                USART2_IRQHandler
                0x0000000008002bbc                I2C2_ER_IRQHandler
                0x0000000008002bbc                CAN1_SCE_IRQHandler
                0x0000000008002bbc                FLASH_IRQHandler
                0x0000000008002bbc                DMA2_Stream4_IRQHandler
                0x0000000008002bbc                SPI3_IRQHandler
                0x0000000008002bbc                DMA1_Stream4_IRQHandler
                0x0000000008002bbc                I2C1_ER_IRQHandler
                0x0000000008002bbc                DMA1_Stream3_IRQHandler
 *fill*         0x0000000008002bbe        0x2 
 .text.HAL_Init
                0x0000000008002bc0       0x44 Drivers/STM32F4xx_HAL_Driver/Src/stm32f4xx_hal.o
                0x0000000008002bc0                HAL_Init
 .text.HAL_IncTick
                0x0000000008002c04       0x28 Drivers/STM32F4xx_HAL_Driver/Src/stm32f4xx_hal.o
                0x0000000008002c04                HAL_IncTick
 .text.HAL_GetTick
                0x0000000008002c2c       0x18 Drivers/STM32F4xx_HAL_Driver/Src/stm32f4xx_hal.o
                0x0000000008002c2c                HAL_GetTick
 .text.HAL_CAN_Init
                0x0000000008002c44      0x1f6 Drivers/STM32F4xx_HAL_Driver/Src/stm32f4xx_hal_can.o
                0x0000000008002c44                HAL_CAN_Init
 *fill*         0x0000000008002e3a        0x2 
 .text.HAL_CAN_ConfigFilter
                0x0000000008002e3c      0x1c0 Drivers/STM32F4xx_HAL_Driver/Src/stm32f4xx_hal_can.o
                0x0000000008002e3c                HAL_CAN_ConfigFilter
 .text.HAL_CAN_Start
                0x0000000008002ffc       0x88 Drivers/STM32F4xx_HAL_Driver/Src/stm32f4xx_hal_can.o
                0x0000000008002ffc                HAL_CAN_Start
 .text.HAL_CAN_AddTxMessage
                0x0000000008003084      0x1b6 Drivers/STM32F4xx_HAL_Driver/Src/stm32f4xx_hal_can.o
                0x0000000008003084                HAL_CAN_AddTxMessage
 .text.HAL_CAN_GetRxMessage
                0x000000000800323a      0x224 Drivers/STM32F4xx_HAL_Driver/Src/stm32f4xx_hal_can.o
                0x000000000800323a                HAL_CAN_GetRxMessage
 .text.HAL_CAN_ActivateNotification
                0x000000000800345e       0x4c Drivers/STM32F4xx_HAL_Driver/Src/stm32f4xx_hal_can.o
                0x000000000800345e                HAL_CAN_ActivateNotification
 .text.HAL_CAN_IRQHandler
                0x00000000080034aa      0x36e Drivers/STM32F4xx_HAL_Driver/Src/stm32f4xx_hal_can.o
                0x00000000080034aa                HAL_CAN_IRQHandler
 .text.HAL_CAN_TxMailbox0CompleteCallback
                0x0000000008003818       0x14 Drivers/STM32F4xx_HAL_Driver/Src/stm32f4xx_hal_can.o
                0x0000000008003818                HAL_CAN_TxMailbox0CompleteCallback
 .text.HAL_CAN_TxMailbox1CompleteCallback
                0x000000000800382c       0x14 Drivers/STM32F4xx_HAL_Driver/Src/stm32f4xx_hal_can.o
                0x000000000800382c                HAL_CAN_TxMailbox1CompleteCallback
 .text.HAL_CAN_TxMailbox2CompleteCallback
                0x0000000008003840       0x14 Drivers/STM32F4xx_HAL_Driver/Src/stm32f4xx_hal_can.o
                0x0000000008003840                HAL_CAN_TxMailbox2CompleteCallback
 .text.HAL_CAN_TxMailbox0AbortCallback
                0x0000000008003854       0x14 Drivers/STM32F4xx_HAL_Driver/Src/stm32f4xx_hal_can.o
                0x0000000008003854                HAL_CAN_TxMailbox0AbortCallback
 .text.HAL_CAN_TxMailbox1AbortCallback
                0x0000000008003868       0x14 Drivers/STM32F4xx_HAL_Driver/Src/stm32f4xx_hal_can.o
                0x0000000008003868                HAL_CAN_TxMailbox1AbortCallback
 .text.HAL_CAN_TxMailbox2AbortCallback
                0x000000000800387c       0x14 Drivers/STM32F4xx_HAL_Driver/Src/stm32f4xx_hal_can.o
                0x000000000800387c                HAL_CAN_TxMailbox2AbortCallback
 .text.HAL_CAN_RxFifo0FullCallback
                0x0000000008003890       0x14 Drivers/STM32F4xx_HAL_Driver/Src/stm32f4xx_hal_can.o
                0x0000000008003890                HAL_CAN_RxFifo0FullCallback
 .text.HAL_CAN_RxFifo1MsgPendingCallback
                0x00000000080038a4       0x14 Drivers/STM32F4xx_HAL_Driver/Src/stm32f4xx_hal_can.o
                0x00000000080038a4                HAL_CAN_RxFifo1MsgPendingCallback
 .text.HAL_CAN_RxFifo1FullCallback
                0x00000000080038b8       0x14 Drivers/STM32F4xx_HAL_Driver/Src/stm32f4xx_hal_can.o
                0x00000000080038b8                HAL_CAN_RxFifo1FullCallback
 .text.HAL_CAN_SleepCallback
                0x00000000080038cc       0x14 Drivers/STM32F4xx_HAL_Driver/Src/stm32f4xx_hal_can.o
                0x00000000080038cc                HAL_CAN_SleepCallback
 .text.HAL_CAN_WakeUpFromRxMsgCallback
                0x00000000080038e0       0x14 Drivers/STM32F4xx_HAL_Driver/Src/stm32f4xx_hal_can.o
                0x00000000080038e0                HAL_CAN_WakeUpFromRxMsgCallback
 .text.HAL_CAN_ErrorCallback
                0x00000000080038f4       0x14 Drivers/STM32F4xx_HAL_Driver/Src/stm32f4xx_hal_can.o
                0x00000000080038f4                HAL_CAN_ErrorCallback
 .text.__NVIC_SetPriorityGrouping
                0x0000000008003908       0x48 Drivers/STM32F4xx_HAL_Driver/Src/stm32f4xx_hal_cortex.o
 .text.__NVIC_GetPriorityGrouping
                0x0000000008003950       0x1c Drivers/STM32F4xx_HAL_Driver/Src/stm32f4xx_hal_cortex.o
 .text.__NVIC_EnableIRQ
                0x000000000800396c       0x3c Drivers/STM32F4xx_HAL_Driver/Src/stm32f4xx_hal_cortex.o
 .text.__NVIC_SetPriority
                0x00000000080039a8       0x54 Drivers/STM32F4xx_HAL_Driver/Src/stm32f4xx_hal_cortex.o
 .text.NVIC_EncodePriority
                0x00000000080039fc       0x66 Drivers/STM32F4xx_HAL_Driver/Src/stm32f4xx_hal_cortex.o
 .text.HAL_NVIC_SetPriorityGrouping
                0x0000000008003a62       0x16 Drivers/STM32F4xx_HAL_Driver/Src/stm32f4xx_hal_cortex.o
                0x0000000008003a62                HAL_NVIC_SetPriorityGrouping
 .text.HAL_NVIC_SetPriority
                0x0000000008003a78       0x38 Drivers/STM32F4xx_HAL_Driver/Src/stm32f4xx_hal_cortex.o
                0x0000000008003a78                HAL_NVIC_SetPriority
 .text.HAL_NVIC_EnableIRQ
                0x0000000008003ab0       0x1c Drivers/STM32F4xx_HAL_Driver/Src/stm32f4xx_hal_cortex.o
                0x0000000008003ab0                HAL_NVIC_EnableIRQ
 .text.HAL_DMA_Init
                0x0000000008003acc      0x15c Drivers/STM32F4xx_HAL_Driver/Src/stm32f4xx_hal_dma.o
                0x0000000008003acc                HAL_DMA_Init
 .text.HAL_DMA_Abort
                0x0000000008003c28       0xe0 Drivers/STM32F4xx_HAL_Driver/Src/stm32f4xx_hal_dma.o
                0x0000000008003c28                HAL_DMA_Abort
 .text.HAL_DMA_Abort_IT
                0x0000000008003d08       0x44 Drivers/STM32F4xx_HAL_Driver/Src/stm32f4xx_hal_dma.o
                0x0000000008003d08                HAL_DMA_Abort_IT
 .text.HAL_DMA_IRQHandler
                0x0000000008003d4c      0x314 Drivers/STM32F4xx_HAL_Driver/Src/stm32f4xx_hal_dma.o
                0x0000000008003d4c                HAL_DMA_IRQHandler
 .text.DMA_CalcBaseAndBitshift
                0x0000000008004060       0x6c Drivers/STM32F4xx_HAL_Driver/Src/stm32f4xx_hal_dma.o
 .text.DMA_CheckFifoParam
                0x00000000080040cc       0xf8 Drivers/STM32F4xx_HAL_Driver/Src/stm32f4xx_hal_dma.o
 .text.HAL_GPIO_Init
                0x00000000080041c4      0x338 Drivers/STM32F4xx_HAL_Driver/Src/stm32f4xx_hal_gpio.o
                0x00000000080041c4                HAL_GPIO_Init
 .text.HAL_GPIO_WritePin
                0x00000000080044fc       0x32 Drivers/STM32F4xx_HAL_Driver/Src/stm32f4xx_hal_gpio.o
                0x00000000080044fc                HAL_GPIO_WritePin
 .text.HAL_PCD_IRQHandler
                0x000000000800452e      0x764 Drivers/STM32F4xx_HAL_Driver/Src/stm32f4xx_hal_pcd.o
                0x000000000800452e                HAL_PCD_IRQHandler
 .text.HAL_PCD_SetAddress
                0x0000000008004c92       0x4a Drivers/STM32F4xx_HAL_Driver/Src/stm32f4xx_hal_pcd.o
                0x0000000008004c92                HAL_PCD_SetAddress
 .text.HAL_PCD_EP_Open
                0x0000000008004cdc       0xd0 Drivers/STM32F4xx_HAL_Driver/Src/stm32f4xx_hal_pcd.o
                0x0000000008004cdc                HAL_PCD_EP_Open
 .text.HAL_PCD_EP_Receive
                0x0000000008004dac       0x96 Drivers/STM32F4xx_HAL_Driver/Src/stm32f4xx_hal_pcd.o
                0x0000000008004dac                HAL_PCD_EP_Receive
 .text.HAL_PCD_EP_Transmit
                0x0000000008004e42       0x94 Drivers/STM32F4xx_HAL_Driver/Src/stm32f4xx_hal_pcd.o
                0x0000000008004e42                HAL_PCD_EP_Transmit
 .text.HAL_PCD_EP_SetStall
                0x0000000008004ed6       0xc8 Drivers/STM32F4xx_HAL_Driver/Src/stm32f4xx_hal_pcd.o
                0x0000000008004ed6                HAL_PCD_EP_SetStall
 .text.HAL_PCD_EP_ClrStall
                0x0000000008004f9e       0xac Drivers/STM32F4xx_HAL_Driver/Src/stm32f4xx_hal_pcd.o
                0x0000000008004f9e                HAL_PCD_EP_ClrStall
 .text.PCD_WriteEmptyTxFifo
                0x000000000800504a      0x11a Drivers/STM32F4xx_HAL_Driver/Src/stm32f4xx_hal_pcd.o
 .text.PCD_EP_OutXfrComplete_int
                0x0000000008005164      0x218 Drivers/STM32F4xx_HAL_Driver/Src/stm32f4xx_hal_pcd.o
 .text.PCD_EP_OutSetupPacket_int
                0x000000000800537c       0x8c Drivers/STM32F4xx_HAL_Driver/Src/stm32f4xx_hal_pcd.o
 .text.HAL_PCDEx_LPM_Callback
                0x0000000008005408       0x18 Drivers/STM32F4xx_HAL_Driver/Src/stm32f4xx_hal_pcd_ex.o
                0x0000000008005408                HAL_PCDEx_LPM_Callback
 .text.HAL_RCC_OscConfig
                0x0000000008005420      0x4f0 Drivers/STM32F4xx_HAL_Driver/Src/stm32f4xx_hal_rcc.o
                0x0000000008005420                HAL_RCC_OscConfig
 .text.HAL_RCC_ClockConfig
                0x0000000008005910      0x1cc Drivers/STM32F4xx_HAL_Driver/Src/stm32f4xx_hal_rcc.o
                0x0000000008005910                HAL_RCC_ClockConfig
 .text.HAL_RCC_GetSysClockFreq
                0x0000000008005adc      0x16c Drivers/STM32F4xx_HAL_Driver/Src/stm32f4xx_hal_rcc.o
                0x0000000008005adc                HAL_RCC_GetSysClockFreq
 .text.HAL_RCC_GetHCLKFreq
                0x0000000008005c48       0x18 Drivers/STM32F4xx_HAL_Driver/Src/stm32f4xx_hal_rcc.o
                0x0000000008005c48                HAL_RCC_GetHCLKFreq
 .text.HAL_RCC_GetPCLK1Freq
                0x0000000008005c60       0x28 Drivers/STM32F4xx_HAL_Driver/Src/stm32f4xx_hal_rcc.o
                0x0000000008005c60                HAL_RCC_GetPCLK1Freq
 .text.HAL_RCC_GetPCLK2Freq
                0x0000000008005c88       0x28 Drivers/STM32F4xx_HAL_Driver/Src/stm32f4xx_hal_rcc.o
                0x0000000008005c88                HAL_RCC_GetPCLK2Freq
 .text.HAL_RCC_GetClockConfig
                0x0000000008005cb0       0x64 Drivers/STM32F4xx_HAL_Driver/Src/stm32f4xx_hal_rcc.o
                0x0000000008005cb0                HAL_RCC_GetClockConfig
 .text.HAL_RCCEx_PeriphCLKConfig
                0x0000000008005d14      0x1c4 Drivers/STM32F4xx_HAL_Driver/Src/stm32f4xx_hal_rcc_ex.o
                0x0000000008005d14                HAL_RCCEx_PeriphCLKConfig
 .text.HAL_RTC_Init
                0x0000000008005ed8      0x122 Drivers/STM32F4xx_HAL_Driver/Src/stm32f4xx_hal_rtc.o
                0x0000000008005ed8                HAL_RTC_Init
 .text.HAL_RTC_WaitForSynchro
                0x0000000008005ffa       0x50 Drivers/STM32F4xx_HAL_Driver/Src/stm32f4xx_hal_rtc.o
                0x0000000008005ffa                HAL_RTC_WaitForSynchro
 .text.RTC_EnterInitMode
                0x000000000800604a       0x58 Drivers/STM32F4xx_HAL_Driver/Src/stm32f4xx_hal_rtc.o
                0x000000000800604a                RTC_EnterInitMode
 .text.HAL_SPI_Init
                0x00000000080060a2      0x112 Drivers/STM32F4xx_HAL_Driver/Src/stm32f4xx_hal_spi.o
                0x00000000080060a2                HAL_SPI_Init
 .text.HAL_TIM_Base_Init
                0x00000000080061b4       0x9e Drivers/STM32F4xx_HAL_Driver/Src/stm32f4xx_hal_tim.o
                0x00000000080061b4                HAL_TIM_Base_Init
 *fill*         0x0000000008006252        0x2 
 .text.HAL_TIM_Base_Start_IT
                0x0000000008006254       0xe0 Drivers/STM32F4xx_HAL_Driver/Src/stm32f4xx_hal_tim.o
                0x0000000008006254                HAL_TIM_Base_Start_IT
 .text.HAL_TIM_PWM_Init
                0x0000000008006334       0x9e Drivers/STM32F4xx_HAL_Driver/Src/stm32f4xx_hal_tim.o
                0x0000000008006334                HAL_TIM_PWM_Init
 .text.HAL_TIM_IRQHandler
                0x00000000080063d2      0x210 Drivers/STM32F4xx_HAL_Driver/Src/stm32f4xx_hal_tim.o
                0x00000000080063d2                HAL_TIM_IRQHandler
 *fill*         0x00000000080065e2        0x2 
 .text.HAL_TIM_PWM_ConfigChannel
                0x00000000080065e4      0x184 Drivers/STM32F4xx_HAL_Driver/Src/stm32f4xx_hal_tim.o
                0x00000000080065e4                HAL_TIM_PWM_ConfigChannel
 .text.HAL_TIM_ConfigClockSource
                0x0000000008006768      0x18e Drivers/STM32F4xx_HAL_Driver/Src/stm32f4xx_hal_tim.o
                0x0000000008006768                HAL_TIM_ConfigClockSource
 .text.HAL_TIM_OC_DelayElapsedCallback
                0x00000000080068f6       0x14 Drivers/STM32F4xx_HAL_Driver/Src/stm32f4xx_hal_tim.o
                0x00000000080068f6                HAL_TIM_OC_DelayElapsedCallback
 .text.HAL_TIM_IC_CaptureCallback
                0x000000000800690a       0x14 Drivers/STM32F4xx_HAL_Driver/Src/stm32f4xx_hal_tim.o
                0x000000000800690a                HAL_TIM_IC_CaptureCallback
 .text.HAL_TIM_PWM_PulseFinishedCallback
                0x000000000800691e       0x14 Drivers/STM32F4xx_HAL_Driver/Src/stm32f4xx_hal_tim.o
                0x000000000800691e                HAL_TIM_PWM_PulseFinishedCallback
 .text.HAL_TIM_TriggerCallback
                0x0000000008006932       0x14 Drivers/STM32F4xx_HAL_Driver/Src/stm32f4xx_hal_tim.o
                0x0000000008006932                HAL_TIM_TriggerCallback
 *fill*         0x0000000008006946        0x2 
 .text.TIM_Base_SetConfig
                0x0000000008006948      0x140 Drivers/STM32F4xx_HAL_Driver/Src/stm32f4xx_hal_tim.o
                0x0000000008006948                TIM_Base_SetConfig
 .text.TIM_OC1_SetConfig
                0x0000000008006a88       0xe0 Drivers/STM32F4xx_HAL_Driver/Src/stm32f4xx_hal_tim.o
 .text.TIM_OC2_SetConfig
                0x0000000008006b68       0xec Drivers/STM32F4xx_HAL_Driver/Src/stm32f4xx_hal_tim.o
                0x0000000008006b68                TIM_OC2_SetConfig
 .text.TIM_OC3_SetConfig
                0x0000000008006c54       0xe8 Drivers/STM32F4xx_HAL_Driver/Src/stm32f4xx_hal_tim.o
 .text.TIM_OC4_SetConfig
                0x0000000008006d3c       0xac Drivers/STM32F4xx_HAL_Driver/Src/stm32f4xx_hal_tim.o
 .text.TIM_TI1_ConfigInputStage
                0x0000000008006de8       0x5e Drivers/STM32F4xx_HAL_Driver/Src/stm32f4xx_hal_tim.o
 .text.TIM_TI2_ConfigInputStage
                0x0000000008006e46       0x60 Drivers/STM32F4xx_HAL_Driver/Src/stm32f4xx_hal_tim.o
 .text.TIM_ITRx_SetConfig
                0x0000000008006ea6       0x36 Drivers/STM32F4xx_HAL_Driver/Src/stm32f4xx_hal_tim.o
 .text.TIM_ETR_SetConfig
                0x0000000008006edc       0x40 Drivers/STM32F4xx_HAL_Driver/Src/stm32f4xx_hal_tim.o
                0x0000000008006edc                TIM_ETR_SetConfig
 .text.HAL_TIMEx_MasterConfigSynchronization
                0x0000000008006f1c       0xf8 Drivers/STM32F4xx_HAL_Driver/Src/stm32f4xx_hal_tim_ex.o
                0x0000000008006f1c                HAL_TIMEx_MasterConfigSynchronization
 .text.HAL_TIMEx_CommutCallback
                0x0000000008007014       0x14 Drivers/STM32F4xx_HAL_Driver/Src/stm32f4xx_hal_tim_ex.o
                0x0000000008007014                HAL_TIMEx_CommutCallback
 .text.HAL_TIMEx_BreakCallback
                0x0000000008007028       0x14 Drivers/STM32F4xx_HAL_Driver/Src/stm32f4xx_hal_tim_ex.o
                0x0000000008007028                HAL_TIMEx_BreakCallback
 .text.HAL_UART_Init
                0x000000000800703c       0x9a Drivers/STM32F4xx_HAL_Driver/Src/stm32f4xx_hal_uart.o
                0x000000000800703c                HAL_UART_Init
 *fill*         0x00000000080070d6        0x2 
 .text.HAL_UART_IRQHandler
                0x00000000080070d8      0x51c Drivers/STM32F4xx_HAL_Driver/Src/stm32f4xx_hal_uart.o
                0x00000000080070d8                HAL_UART_IRQHandler
 .text.HAL_UART_TxCpltCallback
                0x00000000080075f4       0x14 Drivers/STM32F4xx_HAL_Driver/Src/stm32f4xx_hal_uart.o
                0x00000000080075f4                HAL_UART_TxCpltCallback
 .text.HAL_UART_RxCpltCallback
                0x0000000008007608       0x14 Drivers/STM32F4xx_HAL_Driver/Src/stm32f4xx_hal_uart.o
                0x0000000008007608                HAL_UART_RxCpltCallback
 .text.HAL_UART_ErrorCallback
                0x000000000800761c       0x14 Drivers/STM32F4xx_HAL_Driver/Src/stm32f4xx_hal_uart.o
                0x000000000800761c                HAL_UART_ErrorCallback
 .text.HAL_UARTEx_RxEventCallback
                0x0000000008007630       0x18 Drivers/STM32F4xx_HAL_Driver/Src/stm32f4xx_hal_uart.o
                0x0000000008007630                HAL_UARTEx_RxEventCallback
 .text.UART_EndRxTransfer
                0x0000000008007648       0xc6 Drivers/STM32F4xx_HAL_Driver/Src/stm32f4xx_hal_uart.o
 .text.UART_DMAAbortOnError
                0x000000000800770e       0x28 Drivers/STM32F4xx_HAL_Driver/Src/stm32f4xx_hal_uart.o
 .text.UART_Transmit_IT
                0x0000000008007736       0xa0 Drivers/STM32F4xx_HAL_Driver/Src/stm32f4xx_hal_uart.o
 .text.UART_EndTransmit_IT
                0x00000000080077d6       0x30 Drivers/STM32F4xx_HAL_Driver/Src/stm32f4xx_hal_uart.o
 .text.UART_Receive_IT
                0x0000000008007806      0x176 Drivers/STM32F4xx_HAL_Driver/Src/stm32f4xx_hal_uart.o
 .text.UART_SetConfig
                0x000000000800797c      0x390 Drivers/STM32F4xx_HAL_Driver/Src/stm32f4xx_hal_uart.o
 .text.USB_SetTurnaroundTime
                0x0000000008007d0c      0x144 Drivers/STM32F4xx_HAL_Driver/Src/stm32f4xx_ll_usb.o
                0x0000000008007d0c                USB_SetTurnaroundTime
 .text.USB_FlushTxFifo
                0x0000000008007e50       0x48 Drivers/STM32F4xx_HAL_Driver/Src/stm32f4xx_ll_usb.o
                0x0000000008007e50                USB_FlushTxFifo
 .text.USB_GetDevSpeed
                0x0000000008007e98       0x4a Drivers/STM32F4xx_HAL_Driver/Src/stm32f4xx_ll_usb.o
                0x0000000008007e98                USB_GetDevSpeed
 .text.USB_ActivateEndpoint
                0x0000000008007ee2      0x10e Drivers/STM32F4xx_HAL_Driver/Src/stm32f4xx_ll_usb.o
                0x0000000008007ee2                USB_ActivateEndpoint
 .text.USB_EPStartXfer
                0x0000000008007ff0      0x488 Drivers/STM32F4xx_HAL_Driver/Src/stm32f4xx_ll_usb.o
                0x0000000008007ff0                USB_EPStartXfer
 .text.USB_EP0StartXfer
                0x0000000008008478      0x2a6 Drivers/STM32F4xx_HAL_Driver/Src/stm32f4xx_ll_usb.o
                0x0000000008008478                USB_EP0StartXfer
 .text.USB_WritePacket
                0x000000000800871e       0x7c Drivers/STM32F4xx_HAL_Driver/Src/stm32f4xx_ll_usb.o
                0x000000000800871e                USB_WritePacket
 .text.USB_ReadPacket
                0x000000000800879a       0xb0 Drivers/STM32F4xx_HAL_Driver/Src/stm32f4xx_ll_usb.o
                0x000000000800879a                USB_ReadPacket
 .text.USB_EPSetStall
                0x000000000800884a       0xdc Drivers/STM32F4xx_HAL_Driver/Src/stm32f4xx_ll_usb.o
                0x000000000800884a                USB_EPSetStall
 .text.USB_EPClearStall
                0x0000000008008926       0xcc Drivers/STM32F4xx_HAL_Driver/Src/stm32f4xx_ll_usb.o
                0x0000000008008926                USB_EPClearStall
 .text.USB_SetDevAddress
                0x00000000080089f2       0x4c Drivers/STM32F4xx_HAL_Driver/Src/stm32f4xx_ll_usb.o
                0x00000000080089f2                USB_SetDevAddress
 .text.USB_ReadInterrupts
                0x0000000008008a3e       0x26 Drivers/STM32F4xx_HAL_Driver/Src/stm32f4xx_ll_usb.o
                0x0000000008008a3e                USB_ReadInterrupts
 .text.USB_ReadDevAllOutEpInterrupt
                0x0000000008008a64       0x34 Drivers/STM32F4xx_HAL_Driver/Src/stm32f4xx_ll_usb.o
                0x0000000008008a64                USB_ReadDevAllOutEpInterrupt
 .text.USB_ReadDevAllInEpInterrupt
                0x0000000008008a98       0x34 Drivers/STM32F4xx_HAL_Driver/Src/stm32f4xx_ll_usb.o
                0x0000000008008a98                USB_ReadDevAllInEpInterrupt
 .text.USB_ReadDevOutEPInterrupt
                0x0000000008008acc       0x3c Drivers/STM32F4xx_HAL_Driver/Src/stm32f4xx_ll_usb.o
                0x0000000008008acc                USB_ReadDevOutEPInterrupt
 .text.USB_ReadDevInEPInterrupt
                0x0000000008008b08       0x5c Drivers/STM32F4xx_HAL_Driver/Src/stm32f4xx_ll_usb.o
                0x0000000008008b08                USB_ReadDevInEPInterrupt
 .text.USB_GetMode
                0x0000000008008b64       0x1c Drivers/STM32F4xx_HAL_Driver/Src/stm32f4xx_ll_usb.o
                0x0000000008008b64                USB_GetMode
 .text.USB_ActivateSetup
                0x0000000008008b80       0x46 Drivers/STM32F4xx_HAL_Driver/Src/stm32f4xx_ll_usb.o
                0x0000000008008b80                USB_ActivateSetup
 *fill*         0x0000000008008bc6        0x2 
 .text.USB_EP0_OutStart
                0x0000000008008bc8       0xbc Drivers/STM32F4xx_HAL_Driver/Src/stm32f4xx_ll_usb.o
                0x0000000008008bc8                USB_EP0_OutStart
 .text.USBD_RunTestMode
                0x0000000008008c84       0x16 Middlewares/ST/STM32_USB_Device_Library/Core/Src/usbd_core.o
                0x0000000008008c84                USBD_RunTestMode
 .text.USBD_SetClassConfig
                0x0000000008008c9a       0x38 Middlewares/ST/STM32_USB_Device_Library/Core/Src/usbd_core.o
                0x0000000008008c9a                USBD_SetClassConfig
 .text.USBD_ClrClassConfig
                0x0000000008008cd2       0x30 Middlewares/ST/STM32_USB_Device_Library/Core/Src/usbd_core.o
                0x0000000008008cd2                USBD_ClrClassConfig
 .text.USBD_LL_SetupStage
                0x0000000008008d02       0xaa Middlewares/ST/STM32_USB_Device_Library/Core/Src/usbd_core.o
                0x0000000008008d02                USBD_LL_SetupStage
 .text.USBD_LL_DataOutStage
                0x0000000008008dac       0xc6 Middlewares/ST/STM32_USB_Device_Library/Core/Src/usbd_core.o
                0x0000000008008dac                USBD_LL_DataOutStage
 .text.USBD_LL_DataInStage
                0x0000000008008e72      0x12c Middlewares/ST/STM32_USB_Device_Library/Core/Src/usbd_core.o
                0x0000000008008e72                USBD_LL_DataInStage
 .text.USBD_LL_Reset
                0x0000000008008f9e       0x9c Middlewares/ST/STM32_USB_Device_Library/Core/Src/usbd_core.o
                0x0000000008008f9e                USBD_LL_Reset
 .text.USBD_LL_SetSpeed
                0x000000000800903a       0x20 Middlewares/ST/STM32_USB_Device_Library/Core/Src/usbd_core.o
                0x000000000800903a                USBD_LL_SetSpeed
 .text.USBD_LL_Suspend
                0x000000000800905a       0x2c Middlewares/ST/STM32_USB_Device_Library/Core/Src/usbd_core.o
                0x000000000800905a                USBD_LL_Suspend
 .text.USBD_LL_Resume
                0x0000000008009086       0x30 Middlewares/ST/STM32_USB_Device_Library/Core/Src/usbd_core.o
                0x0000000008009086                USBD_LL_Resume
 .text.USBD_LL_SOF
                0x00000000080090b6       0x44 Middlewares/ST/STM32_USB_Device_Library/Core/Src/usbd_core.o
                0x00000000080090b6                USBD_LL_SOF
 .text.USBD_LL_IsoINIncomplete
                0x00000000080090fa       0x4c Middlewares/ST/STM32_USB_Device_Library/Core/Src/usbd_core.o
                0x00000000080090fa                USBD_LL_IsoINIncomplete
 .text.USBD_LL_IsoOUTIncomplete
                0x0000000008009146       0x4c Middlewares/ST/STM32_USB_Device_Library/Core/Src/usbd_core.o
                0x0000000008009146                USBD_LL_IsoOUTIncomplete
 .text.USBD_LL_DevConnected
                0x0000000008009192       0x16 Middlewares/ST/STM32_USB_Device_Library/Core/Src/usbd_core.o
                0x0000000008009192                USBD_LL_DevConnected
 .text.USBD_LL_DevDisconnected
                0x00000000080091a8       0x38 Middlewares/ST/STM32_USB_Device_Library/Core/Src/usbd_core.o
                0x00000000080091a8                USBD_LL_DevDisconnected
 .text.SWAPBYTE
                0x00000000080091e0       0x3c Middlewares/ST/STM32_USB_Device_Library/Core/Src/usbd_ctlreq.o
 .text.USBD_StdDevReq
                0x000000000800921c       0xdc Middlewares/ST/STM32_USB_Device_Library/Core/Src/usbd_ctlreq.o
                0x000000000800921c                USBD_StdDevReq
 .text.USBD_StdItfReq
                0x00000000080092f8       0x92 Middlewares/ST/STM32_USB_Device_Library/Core/Src/usbd_ctlreq.o
                0x00000000080092f8                USBD_StdItfReq
 .text.USBD_StdEPReq
                0x000000000800938a      0x2c4 Middlewares/ST/STM32_USB_Device_Library/Core/Src/usbd_ctlreq.o
                0x000000000800938a                USBD_StdEPReq
 *fill*         0x000000000800964e        0x2 
 .text.USBD_GetDescriptor
                0x0000000008009650      0x2d4 Middlewares/ST/STM32_USB_Device_Library/Core/Src/usbd_ctlreq.o
 .text.USBD_SetAddress
                0x0000000008009924       0x88 Middlewares/ST/STM32_USB_Device_Library/Core/Src/usbd_ctlreq.o
 .text.USBD_SetConfig
                0x00000000080099ac      0x14c Middlewares/ST/STM32_USB_Device_Library/Core/Src/usbd_ctlreq.o
 .text.USBD_GetConfig
                0x0000000008009af8       0x6c Middlewares/ST/STM32_USB_Device_Library/Core/Src/usbd_ctlreq.o
 .text.USBD_GetStatus
                0x0000000008009b64       0x68 Middlewares/ST/STM32_USB_Device_Library/Core/Src/usbd_ctlreq.o
 .text.USBD_SetFeature
                0x0000000008009bcc       0x28 Middlewares/ST/STM32_USB_Device_Library/Core/Src/usbd_ctlreq.o
 .text.USBD_ClrFeature
                0x0000000008009bf4       0x44 Middlewares/ST/STM32_USB_Device_Library/Core/Src/usbd_ctlreq.o
 .text.USBD_ParseSetupRequest
                0x0000000008009c38       0x74 Middlewares/ST/STM32_USB_Device_Library/Core/Src/usbd_ctlreq.o
                0x0000000008009c38                USBD_ParseSetupRequest
 .text.USBD_CtlError
                0x0000000008009cac       0x22 Middlewares/ST/STM32_USB_Device_Library/Core/Src/usbd_ctlreq.o
                0x0000000008009cac                USBD_CtlError
 .text.USBD_CtlSendData
                0x0000000008009cce       0x36 Middlewares/ST/STM32_USB_Device_Library/Core/Src/usbd_ioreq.o
                0x0000000008009cce                USBD_CtlSendData
 .text.USBD_CtlContinueSendData
                0x0000000008009d04       0x22 Middlewares/ST/STM32_USB_Device_Library/Core/Src/usbd_ioreq.o
                0x0000000008009d04                USBD_CtlContinueSendData
 .text.USBD_CtlContinueRx
                0x0000000008009d26       0x22 Middlewares/ST/STM32_USB_Device_Library/Core/Src/usbd_ioreq.o
                0x0000000008009d26                USBD_CtlContinueRx
 .text.USBD_CtlSendStatus
                0x0000000008009d48       0x26 Middlewares/ST/STM32_USB_Device_Library/Core/Src/usbd_ioreq.o
                0x0000000008009d48                USBD_CtlSendStatus
 .text.USBD_CtlReceiveStatus
                0x0000000008009d6e       0x26 Middlewares/ST/STM32_USB_Device_Library/Core/Src/usbd_ioreq.o
                0x0000000008009d6e                USBD_CtlReceiveStatus
 .text.__NVIC_SetPriority
                0x0000000008009d94       0x54 Middlewares/Third_Party/FreeRTOS/Source/CMSIS_RTOS_V2/cmsis_os2.o
 .text.SysTick_Handler
                0x0000000008009de8       0x20 Middlewares/Third_Party/FreeRTOS/Source/CMSIS_RTOS_V2/cmsis_os2.o
                0x0000000008009de8                SysTick_Handler
 .text.SVC_Setup
                0x0000000008009e08       0x12 Middlewares/Third_Party/FreeRTOS/Source/CMSIS_RTOS_V2/cmsis_os2.o
 *fill*         0x0000000008009e1a        0x2 
 .text.osKernelInitialize
                0x0000000008009e1c       0x48 Middlewares/Third_Party/FreeRTOS/Source/CMSIS_RTOS_V2/cmsis_os2.o
                0x0000000008009e1c                osKernelInitialize
 .text.osKernelStart
                0x0000000008009e64       0x4c Middlewares/Third_Party/FreeRTOS/Source/CMSIS_RTOS_V2/cmsis_os2.o
                0x0000000008009e64                osKernelStart
 .text.osThreadNew
                0x0000000008009eb0      0x124 Middlewares/Third_Party/FreeRTOS/Source/CMSIS_RTOS_V2/cmsis_os2.o
                0x0000000008009eb0                osThreadNew
 .text.osDelay  0x0000000008009fd4       0x36 Middlewares/Third_Party/FreeRTOS/Source/CMSIS_RTOS_V2/cmsis_os2.o
                0x0000000008009fd4                osDelay
 *fill*         0x000000000800a00a        0x2 
 .text.vApplicationGetIdleTaskMemory
                0x000000000800a00c       0x34 Middlewares/Third_Party/FreeRTOS/Source/CMSIS_RTOS_V2/cmsis_os2.o
                0x000000000800a00c                vApplicationGetIdleTaskMemory
 .text.vApplicationGetTimerTaskMemory
                0x000000000800a040       0x34 Middlewares/Third_Party/FreeRTOS/Source/CMSIS_RTOS_V2/cmsis_os2.o
                0x000000000800a040                vApplicationGetTimerTaskMemory
 .text.vListInitialise
                0x000000000800a074       0x40 Middlewares/Third_Party/FreeRTOS/Source/list.o
                0x000000000800a074                vListInitialise
 .text.vListInitialiseItem
                0x000000000800a0b4       0x1a Middlewares/Third_Party/FreeRTOS/Source/list.o
                0x000000000800a0b4                vListInitialiseItem
 .text.vListInsertEnd
                0x000000000800a0ce       0x48 Middlewares/Third_Party/FreeRTOS/Source/list.o
                0x000000000800a0ce                vListInsertEnd
 .text.vListInsert
                0x000000000800a116       0x72 Middlewares/Third_Party/FreeRTOS/Source/list.o
                0x000000000800a116                vListInsert
 .text.uxListRemove
                0x000000000800a188       0x54 Middlewares/Third_Party/FreeRTOS/Source/list.o
                0x000000000800a188                uxListRemove
 .text.xQueueGenericReset
                0x000000000800a1dc       0xd0 Middlewares/Third_Party/FreeRTOS/Source/queue.o
                0x000000000800a1dc                xQueueGenericReset
 .text.xQueueGenericCreateStatic
                0x000000000800a2ac       0xf0 Middlewares/Third_Party/FreeRTOS/Source/queue.o
                0x000000000800a2ac                xQueueGenericCreateStatic
 .text.prvInitialiseNewQueue
                0x000000000800a39c       0x46 Middlewares/Third_Party/FreeRTOS/Source/queue.o
 *fill*         0x000000000800a3e2        0x2 
 .text.xQueueGenericSend
                0x000000000800a3e4      0x1fc Middlewares/Third_Party/FreeRTOS/Source/queue.o
                0x000000000800a3e4                xQueueGenericSend
 .text.xQueueGenericSendFromISR
                0x000000000800a5e0      0x136 Middlewares/Third_Party/FreeRTOS/Source/queue.o
                0x000000000800a5e0                xQueueGenericSendFromISR
 *fill*         0x000000000800a716        0x2 
 .text.xQueueReceive
                0x000000000800a718      0x1c0 Middlewares/Third_Party/FreeRTOS/Source/queue.o
                0x000000000800a718                xQueueReceive
 .text.prvCopyDataToQueue
                0x000000000800a8d8       0xd4 Middlewares/Third_Party/FreeRTOS/Source/queue.o
 .text.prvCopyDataFromQueue
                0x000000000800a9ac       0x4c Middlewares/Third_Party/FreeRTOS/Source/queue.o
 .text.prvUnlockQueue
                0x000000000800a9f8       0xa4 Middlewares/Third_Party/FreeRTOS/Source/queue.o
 .text.prvIsQueueEmpty
                0x000000000800aa9c       0x2c Middlewares/Third_Party/FreeRTOS/Source/queue.o
 .text.prvIsQueueFull
                0x000000000800aac8       0x30 Middlewares/Third_Party/FreeRTOS/Source/queue.o
 .text.vQueueAddToRegistry
                0x000000000800aaf8       0x54 Middlewares/Third_Party/FreeRTOS/Source/queue.o
                0x000000000800aaf8                vQueueAddToRegistry
 .text.vQueueWaitForMessageRestricted
                0x000000000800ab4c       0x68 Middlewares/Third_Party/FreeRTOS/Source/queue.o
                0x000000000800ab4c                vQueueWaitForMessageRestricted
 .text.xTaskCreateStatic
                0x000000000800abb4       0xba Middlewares/Third_Party/FreeRTOS/Source/tasks.o
                0x000000000800abb4                xTaskCreateStatic
 .text.xTaskCreate
                0x000000000800ac6e       0x8a Middlewares/Third_Party/FreeRTOS/Source/tasks.o
                0x000000000800ac6e                xTaskCreate
 .text.prvInitialiseNewTask
                0x000000000800acf8      0x11e Middlewares/Third_Party/FreeRTOS/Source/tasks.o
 *fill*         0x000000000800ae16        0x2 
 .text.prvAddNewTaskToReadyList
                0x000000000800ae18       0xe0 Middlewares/Third_Party/FreeRTOS/Source/tasks.o
 .text.vTaskDelay
                0x000000000800aef8       0x68 Middlewares/Third_Party/FreeRTOS/Source/tasks.o
                0x000000000800aef8                vTaskDelay
 .text.vTaskStartScheduler
                0x000000000800af60       0xcc Middlewares/Third_Party/FreeRTOS/Source/tasks.o
                0x000000000800af60                vTaskStartScheduler
 .text.vTaskSuspendAll
                0x000000000800b02c       0x1c Middlewares/Third_Party/FreeRTOS/Source/tasks.o
                0x000000000800b02c                vTaskSuspendAll
 .text.xTaskResumeAll
                0x000000000800b048      0x13c Middlewares/Third_Party/FreeRTOS/Source/tasks.o
                0x000000000800b048                xTaskResumeAll
 .text.xTaskGetTickCount
                0x000000000800b184       0x20 Middlewares/Third_Party/FreeRTOS/Source/tasks.o
                0x000000000800b184                xTaskGetTickCount
 .text.xTaskIncrementTick
                0x000000000800b1a4      0x174 Middlewares/Third_Party/FreeRTOS/Source/tasks.o
                0x000000000800b1a4                xTaskIncrementTick
 .text.vTaskSwitchContext
                0x000000000800b318       0xbc Middlewares/Third_Party/FreeRTOS/Source/tasks.o
                0x000000000800b318                vTaskSwitchContext
 .text.vTaskPlaceOnEventList
                0x000000000800b3d4       0x48 Middlewares/Third_Party/FreeRTOS/Source/tasks.o
                0x000000000800b3d4                vTaskPlaceOnEventList
 .text.vTaskPlaceOnEventListRestricted
                0x000000000800b41c       0x58 Middlewares/Third_Party/FreeRTOS/Source/tasks.o
                0x000000000800b41c                vTaskPlaceOnEventListRestricted
 .text.xTaskRemoveFromEventList
                0x000000000800b474       0xc8 Middlewares/Third_Party/FreeRTOS/Source/tasks.o
                0x000000000800b474                xTaskRemoveFromEventList
 .text.vTaskInternalSetTimeOutState
                0x000000000800b53c       0x2c Middlewares/Third_Party/FreeRTOS/Source/tasks.o
                0x000000000800b53c                vTaskInternalSetTimeOutState
 .text.xTaskCheckForTimeOut
                0x000000000800b568       0xc4 Middlewares/Third_Party/FreeRTOS/Source/tasks.o
                0x000000000800b568                xTaskCheckForTimeOut
 .text.vTaskMissedYield
                0x000000000800b62c       0x18 Middlewares/Third_Party/FreeRTOS/Source/tasks.o
                0x000000000800b62c                vTaskMissedYield
 .text.prvIdleTask
                0x000000000800b644       0x30 Middlewares/Third_Party/FreeRTOS/Source/tasks.o
 .text.prvInitialiseTaskLists
                0x000000000800b674       0x80 Middlewares/Third_Party/FreeRTOS/Source/tasks.o
 .text.prvCheckTasksWaitingTermination
                0x000000000800b6f4       0x5c Middlewares/Third_Party/FreeRTOS/Source/tasks.o
 .text.prvDeleteTCB
                0x000000000800b750       0x5e Middlewares/Third_Party/FreeRTOS/Source/tasks.o
 *fill*         0x000000000800b7ae        0x2 
 .text.prvResetNextTaskUnblockTime
                0x000000000800b7b0       0x40 Middlewares/Third_Party/FreeRTOS/Source/tasks.o
 .text.xTaskGetSchedulerState
                0x000000000800b7f0       0x3c Middlewares/Third_Party/FreeRTOS/Source/tasks.o
                0x000000000800b7f0                xTaskGetSchedulerState
 .text.xTaskPriorityDisinherit
                0x000000000800b82c       0xdc Middlewares/Third_Party/FreeRTOS/Source/tasks.o
                0x000000000800b82c                xTaskPriorityDisinherit
 .text.prvAddCurrentTaskToDelayedList
                0x000000000800b908       0xa8 Middlewares/Third_Party/FreeRTOS/Source/tasks.o
 .text.xTimerCreateTimerTask
                0x000000000800b9b0       0x90 Middlewares/Third_Party/FreeRTOS/Source/timers.o
                0x000000000800b9b0                xTimerCreateTimerTask
 .text.xTimerGenericCommand
                0x000000000800ba40       0x9c Middlewares/Third_Party/FreeRTOS/Source/timers.o
                0x000000000800ba40                xTimerGenericCommand
 .text.prvProcessExpiredTimer
                0x000000000800badc       0x98 Middlewares/Third_Party/FreeRTOS/Source/timers.o
 .text.prvTimerTask
                0x000000000800bb74       0x24 Middlewares/Third_Party/FreeRTOS/Source/timers.o
 .text.prvProcessTimerOrBlockTask
                0x000000000800bb98       0x9c Middlewares/Third_Party/FreeRTOS/Source/timers.o
 .text.prvGetNextExpireTime
                0x000000000800bc34       0x48 Middlewares/Third_Party/FreeRTOS/Source/timers.o
 .text.prvSampleTimeNow
                0x000000000800bc7c       0x40 Middlewares/Third_Party/FreeRTOS/Source/timers.o
 .text.prvInsertTimerInActiveList
                0x000000000800bcbc       0x84 Middlewares/Third_Party/FreeRTOS/Source/timers.o
 .text.prvProcessReceivedCommands
                0x000000000800bd40      0x1c4 Middlewares/Third_Party/FreeRTOS/Source/timers.o
 .text.prvSwitchTimerLists
                0x000000000800bf04       0xc8 Middlewares/Third_Party/FreeRTOS/Source/timers.o
 .text.prvCheckForValidListAndQueue
                0x000000000800bfcc       0x80 Middlewares/Third_Party/FreeRTOS/Source/timers.o
 .text.pxPortInitialiseStack
                0x000000000800c04c       0x68 Middlewares/Third_Party/FreeRTOS/Source/portable/GCC/ARM_CM4F/port.o
                0x000000000800c04c                pxPortInitialiseStack
 .text.prvTaskExitError
                0x000000000800c0b4       0x58 Middlewares/Third_Party/FreeRTOS/Source/portable/GCC/ARM_CM4F/port.o
 *fill*         0x000000000800c10c        0x4 
 .text.SVC_Handler
                0x000000000800c110       0x28 Middlewares/Third_Party/FreeRTOS/Source/portable/GCC/ARM_CM4F/port.o
                0x000000000800c110                SVC_Handler
 .text.prvPortStartFirstTask
                0x000000000800c138       0x28 Middlewares/Third_Party/FreeRTOS/Source/portable/GCC/ARM_CM4F/port.o
 .text.xPortStartScheduler
                0x000000000800c160      0x144 Middlewares/Third_Party/FreeRTOS/Source/portable/GCC/ARM_CM4F/port.o
                0x000000000800c160                xPortStartScheduler
 .text.vPortEnterCritical
                0x000000000800c2a4       0x60 Middlewares/Third_Party/FreeRTOS/Source/portable/GCC/ARM_CM4F/port.o
                0x000000000800c2a4                vPortEnterCritical
 .text.vPortExitCritical
                0x000000000800c304       0x54 Middlewares/Third_Party/FreeRTOS/Source/portable/GCC/ARM_CM4F/port.o
                0x000000000800c304                vPortExitCritical
 *fill*         0x000000000800c358        0x8 
 .text.PendSV_Handler
                0x000000000800c360       0x68 Middlewares/Third_Party/FreeRTOS/Source/portable/GCC/ARM_CM4F/port.o
                0x000000000800c360                PendSV_Handler
 .text.xPortSysTickHandler
                0x000000000800c3c8       0x44 Middlewares/Third_Party/FreeRTOS/Source/portable/GCC/ARM_CM4F/port.o
                0x000000000800c3c8                xPortSysTickHandler
 .text.vPortSetupTimerInterrupt
                0x000000000800c40c       0x48 Middlewares/Third_Party/FreeRTOS/Source/portable/GCC/ARM_CM4F/port.o
                0x000000000800c40c                vPortSetupTimerInterrupt
 .text.vPortEnableVFP
                0x000000000800c454       0x14 Middlewares/Third_Party/FreeRTOS/Source/portable/GCC/ARM_CM4F/port.o
 .text.vPortValidateInterruptPriority
                0x000000000800c468       0x80 Middlewares/Third_Party/FreeRTOS/Source/portable/GCC/ARM_CM4F/port.o
                0x000000000800c468                vPortValidateInterruptPriority
 .text.pvPortMalloc
                0x000000000800c4e8      0x198 Middlewares/Third_Party/FreeRTOS/Source/portable/MemMang/heap_4.o
                0x000000000800c4e8                pvPortMalloc
 .text.vPortFree
                0x000000000800c680       0xc4 Middlewares/Third_Party/FreeRTOS/Source/portable/MemMang/heap_4.o
                0x000000000800c680                vPortFree
 .text.prvHeapInit
                0x000000000800c744       0xc4 Middlewares/Third_Party/FreeRTOS/Source/portable/MemMang/heap_4.o
 .text.prvInsertBlockIntoFreeList
                0x000000000800c808       0xb4 Middlewares/Third_Party/FreeRTOS/Source/portable/MemMang/heap_4.o
 .text.HAL_PCD_SetupStageCallback
                0x000000000800c8bc       0x24 USB_DEVICE/Target/usbd_conf.o
                0x000000000800c8bc                HAL_PCD_SetupStageCallback
 .text.HAL_PCD_DataOutStageCallback
                0x000000000800c8e0       0x36 USB_DEVICE/Target/usbd_conf.o
                0x000000000800c8e0                HAL_PCD_DataOutStageCallback
 .text.HAL_PCD_DataInStageCallback
                0x000000000800c916       0x34 USB_DEVICE/Target/usbd_conf.o
                0x000000000800c916                HAL_PCD_DataInStageCallback
 .text.HAL_PCD_SOFCallback
                0x000000000800c94a       0x1c USB_DEVICE/Target/usbd_conf.o
                0x000000000800c94a                HAL_PCD_SOFCallback
 .text.HAL_PCD_ResetCallback
                0x000000000800c966       0x50 USB_DEVICE/Target/usbd_conf.o
                0x000000000800c966                HAL_PCD_ResetCallback
 *fill*         0x000000000800c9b6        0x2 
 .text.HAL_PCD_SuspendCallback
                0x000000000800c9b8       0x4c USB_DEVICE/Target/usbd_conf.o
                0x000000000800c9b8                HAL_PCD_SuspendCallback
 .text.HAL_PCD_ResumeCallback
                0x000000000800ca04       0x1c USB_DEVICE/Target/usbd_conf.o
                0x000000000800ca04                HAL_PCD_ResumeCallback
 .text.HAL_PCD_ISOOUTIncompleteCallback
                0x000000000800ca20       0x24 USB_DEVICE/Target/usbd_conf.o
                0x000000000800ca20                HAL_PCD_ISOOUTIncompleteCallback
 .text.HAL_PCD_ISOINIncompleteCallback
                0x000000000800ca44       0x24 USB_DEVICE/Target/usbd_conf.o
                0x000000000800ca44                HAL_PCD_ISOINIncompleteCallback
 .text.HAL_PCD_ConnectCallback
                0x000000000800ca68       0x1c USB_DEVICE/Target/usbd_conf.o
                0x000000000800ca68                HAL_PCD_ConnectCallback
 .text.HAL_PCD_DisconnectCallback
                0x000000000800ca84       0x1c USB_DEVICE/Target/usbd_conf.o
                0x000000000800ca84                HAL_PCD_DisconnectCallback
 .text.USBD_LL_OpenEP
                0x000000000800caa0       0x4c USB_DEVICE/Target/usbd_conf.o
                0x000000000800caa0                USBD_LL_OpenEP
 .text.USBD_LL_StallEP
                0x000000000800caec       0x3e USB_DEVICE/Target/usbd_conf.o
                0x000000000800caec                USBD_LL_StallEP
 .text.USBD_LL_ClearStallEP
                0x000000000800cb2a       0x3e USB_DEVICE/Target/usbd_conf.o
                0x000000000800cb2a                USBD_LL_ClearStallEP
 .text.USBD_LL_IsStallEP
                0x000000000800cb68       0x58 USB_DEVICE/Target/usbd_conf.o
                0x000000000800cb68                USBD_LL_IsStallEP
 .text.USBD_LL_SetUSBAddress
                0x000000000800cbc0       0x3e USB_DEVICE/Target/usbd_conf.o
                0x000000000800cbc0                USBD_LL_SetUSBAddress
 .text.USBD_LL_Transmit
                0x000000000800cbfe       0x42 USB_DEVICE/Target/usbd_conf.o
                0x000000000800cbfe                USBD_LL_Transmit
 .text.USBD_LL_PrepareReceive
                0x000000000800cc40       0x42 USB_DEVICE/Target/usbd_conf.o
                0x000000000800cc40                USBD_LL_PrepareReceive
 *fill*         0x000000000800cc82        0x2 
 .text.USBD_Get_USB_Status
                0x000000000800cc84       0x58 USB_DEVICE/Target/usbd_conf.o
                0x000000000800cc84                USBD_Get_USB_Status
 .text.__libc_init_array
                0x000000000800ccdc       0x48 d:/stm32/stm32cubeide_1.6.1/stm32cubeide/plugins/com.st.stm32cube.ide.mcu.externaltools.gnu-tools-for-stm32.9-2020-q2-update.win32_1.5.0.202011040924/tools/bin/../lib/gcc/arm-none-eabi/9.3.1/../../../../arm-none-eabi/lib/thumb/v7e-m+fp/hard\libc_nano.a(lib_a-init.o)
                0x000000000800ccdc                __libc_init_array
 .text.memcpy   0x000000000800cd24       0x1c d:/stm32/stm32cubeide_1.6.1/stm32cubeide/plugins/com.st.stm32cube.ide.mcu.externaltools.gnu-tools-for-stm32.9-2020-q2-update.win32_1.5.0.202011040924/tools/bin/../lib/gcc/arm-none-eabi/9.3.1/../../../../arm-none-eabi/lib/thumb/v7e-m+fp/hard\libc_nano.a(lib_a-memcpy-stub.o)
                0x000000000800cd24                memcpy
 .text.memset   0x000000000800cd40       0x10 d:/stm32/stm32cubeide_1.6.1/stm32cubeide/plugins/com.st.stm32cube.ide.mcu.externaltools.gnu-tools-for-stm32.9-2020-q2-update.win32_1.5.0.202011040924/tools/bin/../lib/gcc/arm-none-eabi/9.3.1/../../../../arm-none-eabi/lib/thumb/v7e-m+fp/hard\libc_nano.a(lib_a-memset.o)
                0x000000000800cd40                memset
 *(.glue_7)
 .glue_7        0x000000000800cd50        0x0 linker stubs
 *(.glue_7t)
 .glue_7t       0x000000000800cd50        0x0 linker stubs
 *(.eh_frame)
 .eh_frame      0x000000000800cd50        0x0 d:/stm32/stm32cubeide_1.6.1/stm32cubeide/plugins/com.st.stm32cube.ide.mcu.externaltools.gnu-tools-for-stm32.9-2020-q2-update.win32_1.5.0.202011040924/tools/bin/../lib/gcc/arm-none-eabi/9.3.1/thumb/v7e-m+fp/hard/crtbegin.o
 *(.init)
 .init          0x000000000800cd50        0x4 d:/stm32/stm32cubeide_1.6.1/stm32cubeide/plugins/com.st.stm32cube.ide.mcu.externaltools.gnu-tools-for-stm32.9-2020-q2-update.win32_1.5.0.202011040924/tools/bin/../lib/gcc/arm-none-eabi/9.3.1/thumb/v7e-m+fp/hard/crti.o
                0x000000000800cd50                _init
 .init          0x000000000800cd54        0x8 d:/stm32/stm32cubeide_1.6.1/stm32cubeide/plugins/com.st.stm32cube.ide.mcu.externaltools.gnu-tools-for-stm32.9-2020-q2-update.win32_1.5.0.202011040924/tools/bin/../lib/gcc/arm-none-eabi/9.3.1/thumb/v7e-m+fp/hard/crtn.o
 *(.fini)
 .fini          0x000000000800cd5c        0x4 d:/stm32/stm32cubeide_1.6.1/stm32cubeide/plugins/com.st.stm32cube.ide.mcu.externaltools.gnu-tools-for-stm32.9-2020-q2-update.win32_1.5.0.202011040924/tools/bin/../lib/gcc/arm-none-eabi/9.3.1/thumb/v7e-m+fp/hard/crti.o
                0x000000000800cd5c                _fini
 .fini          0x000000000800cd60        0x8 d:/stm32/stm32cubeide_1.6.1/stm32cubeide/plugins/com.st.stm32cube.ide.mcu.externaltools.gnu-tools-for-stm32.9-2020-q2-update.win32_1.5.0.202011040924/tools/bin/../lib/gcc/arm-none-eabi/9.3.1/thumb/v7e-m+fp/hard/crtn.o
                0x000000000800cd68                . = ALIGN (0x4)
                0x000000000800cd68                _etext = .

.vfp11_veneer   0x000000000800cd68        0x0
 .vfp11_veneer  0x000000000800cd68        0x0 linker stubs

.v4_bx          0x000000000800cd68        0x0
 .v4_bx         0x000000000800cd68        0x0 linker stubs

.iplt           0x000000000800cd68        0x0
 .iplt          0x000000000800cd68        0x0 d:/stm32/stm32cubeide_1.6.1/stm32cubeide/plugins/com.st.stm32cube.ide.mcu.externaltools.gnu-tools-for-stm32.9-2020-q2-update.win32_1.5.0.202011040924/tools/bin/../lib/gcc/arm-none-eabi/9.3.1/thumb/v7e-m+fp/hard/crtbegin.o

.rodata         0x000000000800cd68       0xa0
                0x000000000800cd68                . = ALIGN (0x4)
 *(.rodata)
 .rodata        0x000000000800cd68       0x14 Core/Src/freertos.o
 .rodata        0x000000000800cd7c        0x5 Middlewares/Third_Party/FreeRTOS/Source/tasks.o
 *fill*         0x000000000800cd81        0x3 
 .rodata        0x000000000800cd84        0xd Middlewares/Third_Party/FreeRTOS/Source/timers.o
 *(.rodata*)
 *fill*         0x000000000800cd91        0x3 
 .rodata.m3508_speed_pid.13882
                0x000000000800cd94        0xc Application/chassis_task.o
 .rodata.ChassisTask_attributes
                0x000000000800cda0       0x24 Core/Src/freertos.o
                0x000000000800cda0                ChassisTask_attributes
 .rodata.IMUTask_attributes
                0x000000000800cdc4       0x24 Core/Src/freertos.o
                0x000000000800cdc4                IMUTask_attributes
 .rodata.AHBPrescTable
                0x000000000800cde8       0x10 Core/Src/system_stm32f4xx.o
                0x000000000800cde8                AHBPrescTable
 .rodata.APBPrescTable
                0x000000000800cdf8        0x8 Core/Src/system_stm32f4xx.o
                0x000000000800cdf8                APBPrescTable
 .rodata.flagBitshiftOffset.9151
                0x000000000800ce00        0x8 Drivers/STM32F4xx_HAL_Driver/Src/stm32f4xx_hal_dma.o
                0x000000000800ce08                . = ALIGN (0x4)

.ARM.extab      0x000000000800ce08        0x0
                0x000000000800ce08                . = ALIGN (0x4)
 *(.ARM.extab* .gnu.linkonce.armextab.*)
                0x000000000800ce08                . = ALIGN (0x4)

.ARM            0x000000000800ce08        0x8
                0x000000000800ce08                . = ALIGN (0x4)
                0x000000000800ce08                __exidx_start = .
 *(.ARM.exidx*)
 .ARM.exidx     0x000000000800ce08        0x8 d:/stm32/stm32cubeide_1.6.1/stm32cubeide/plugins/com.st.stm32cube.ide.mcu.externaltools.gnu-tools-for-stm32.9-2020-q2-update.win32_1.5.0.202011040924/tools/bin/../lib/gcc/arm-none-eabi/9.3.1/thumb/v7e-m+fp/hard\libgcc.a(_udivmoddi4.o)
                0x000000000800ce10                __exidx_end = .
                0x000000000800ce10                . = ALIGN (0x4)

.rel.dyn        0x000000000800ce10        0x0
 .rel.iplt      0x000000000800ce10        0x0 d:/stm32/stm32cubeide_1.6.1/stm32cubeide/plugins/com.st.stm32cube.ide.mcu.externaltools.gnu-tools-for-stm32.9-2020-q2-update.win32_1.5.0.202011040924/tools/bin/../lib/gcc/arm-none-eabi/9.3.1/thumb/v7e-m+fp/hard/crtbegin.o

.preinit_array  0x000000000800ce10        0x0
                0x000000000800ce10                . = ALIGN (0x4)
                0x000000000800ce10                PROVIDE (__preinit_array_start = .)
 *(.preinit_array*)
                0x000000000800ce10                PROVIDE (__preinit_array_end = .)
                0x000000000800ce10                . = ALIGN (0x4)

.init_array     0x000000000800ce10        0x4
                0x000000000800ce10                . = ALIGN (0x4)
                0x000000000800ce10                PROVIDE (__init_array_start = .)
 *(SORT_BY_NAME(.init_array.*))
 *(.init_array*)
 .init_array    0x000000000800ce10        0x4 d:/stm32/stm32cubeide_1.6.1/stm32cubeide/plugins/com.st.stm32cube.ide.mcu.externaltools.gnu-tools-for-stm32.9-2020-q2-update.win32_1.5.0.202011040924/tools/bin/../lib/gcc/arm-none-eabi/9.3.1/thumb/v7e-m+fp/hard/crtbegin.o
                0x000000000800ce14                PROVIDE (__init_array_end = .)
                0x000000000800ce14                . = ALIGN (0x4)

.fini_array     0x000000000800ce14        0x4
                0x000000000800ce14                . = ALIGN (0x4)
                [!provide]                        PROVIDE (__fini_array_start = .)
 *(SORT_BY_NAME(.fini_array.*))
 *(.fini_array*)
 .fini_array    0x000000000800ce14        0x4 d:/stm32/stm32cubeide_1.6.1/stm32cubeide/plugins/com.st.stm32cube.ide.mcu.externaltools.gnu-tools-for-stm32.9-2020-q2-update.win32_1.5.0.202011040924/tools/bin/../lib/gcc/arm-none-eabi/9.3.1/thumb/v7e-m+fp/hard/crtbegin.o
                [!provide]                        PROVIDE (__fini_array_end = .)
                0x000000000800ce18                . = ALIGN (0x4)
                0x000000000800ce18                _sidata = LOADADDR (.data)

.data           0x0000000020000000       0x10 load address 0x000000000800ce18
                0x0000000020000000                . = ALIGN (0x4)
                0x0000000020000000                _sdata = .
 *(.data)
 *(.data*)
 .data.SystemCoreClock
                0x0000000020000000        0x4 Core/Src/system_stm32f4xx.o
                0x0000000020000000                SystemCoreClock
 .data.uwTickPrio
                0x0000000020000004        0x4 Drivers/STM32F4xx_HAL_Driver/Src/stm32f4xx_hal.o
                0x0000000020000004                uwTickPrio
 .data.uwTickFreq
                0x0000000020000008        0x1 Drivers/STM32F4xx_HAL_Driver/Src/stm32f4xx_hal.o
                0x0000000020000008                uwTickFreq
 *fill*         0x0000000020000009        0x3 
 .data.uxCriticalNesting
                0x000000002000000c        0x4 Middlewares/Third_Party/FreeRTOS/Source/portable/GCC/ARM_CM4F/port.o
 *(.RamFunc)
 *(.RamFunc*)
                0x0000000020000010                . = ALIGN (0x4)
                0x0000000020000010                _edata = .

.igot.plt       0x0000000020000010        0x0 load address 0x000000000800ce28
 .igot.plt      0x0000000020000010        0x0 d:/stm32/stm32cubeide_1.6.1/stm32cubeide/plugins/com.st.stm32cube.ide.mcu.externaltools.gnu-tools-for-stm32.9-2020-q2-update.win32_1.5.0.202011040924/tools/bin/../lib/gcc/arm-none-eabi/9.3.1/thumb/v7e-m+fp/hard/crtbegin.o
                0x0000000020000010                . = ALIGN (0x4)

.bss            0x0000000020000010     0x5380 load address 0x000000000800ce28
                0x0000000020000010                _sbss = .
                0x0000000020000010                __bss_start__ = _sbss
 *(.bss)
 .bss           0x0000000020000010       0x1c d:/stm32/stm32cubeide_1.6.1/stm32cubeide/plugins/com.st.stm32cube.ide.mcu.externaltools.gnu-tools-for-stm32.9-2020-q2-update.win32_1.5.0.202011040924/tools/bin/../lib/gcc/arm-none-eabi/9.3.1/thumb/v7e-m+fp/hard/crtbegin.o
 *(.bss*)
 .bss.sbus_rx_buf
                0x000000002000002c       0x48 Application/remote_control.o
 .bss.this_time_rx_len.13021
                0x0000000020000074        0x2 Application/remote_control.o
 *fill*         0x0000000020000076        0x2 
 .bss.usart_tx_buf.13033
                0x0000000020000078       0x14 Application/remote_control.o
 .bss.i.13034   0x000000002000008c        0x1 Application/remote_control.o
 *fill*         0x000000002000008d        0x3 
 .bss.HAL_RCC_CAN1_CLK_ENABLED
                0x0000000020000090        0x4 Core/Src/can.o
 .bss.cfgidx.11088
                0x0000000020000094        0x1 Middlewares/ST/STM32_USB_Device_Library/Core/Src/usbd_ctlreq.o
 *fill*         0x0000000020000095        0x3 
 .bss.KernelState
                0x0000000020000098        0x4 Middlewares/Third_Party/FreeRTOS/Source/CMSIS_RTOS_V2/cmsis_os2.o
 .bss.Idle_TCB.10949
                0x000000002000009c       0x5c Middlewares/Third_Party/FreeRTOS/Source/CMSIS_RTOS_V2/cmsis_os2.o
 .bss.Idle_Stack.10950
                0x00000000200000f8      0x200 Middlewares/Third_Party/FreeRTOS/Source/CMSIS_RTOS_V2/cmsis_os2.o
 .bss.Timer_TCB.10956
                0x00000000200002f8       0x5c Middlewares/Third_Party/FreeRTOS/Source/CMSIS_RTOS_V2/cmsis_os2.o
 .bss.Timer_Stack.10957
                0x0000000020000354      0x400 Middlewares/Third_Party/FreeRTOS/Source/CMSIS_RTOS_V2/cmsis_os2.o
 .bss.pxCurrentTCB
                0x0000000020000754        0x4 Middlewares/Third_Party/FreeRTOS/Source/tasks.o
                0x0000000020000754                pxCurrentTCB
 .bss.pxReadyTasksLists
                0x0000000020000758      0x460 Middlewares/Third_Party/FreeRTOS/Source/tasks.o
 .bss.xDelayedTaskList1
                0x0000000020000bb8       0x14 Middlewares/Third_Party/FreeRTOS/Source/tasks.o
 .bss.xDelayedTaskList2
                0x0000000020000bcc       0x14 Middlewares/Third_Party/FreeRTOS/Source/tasks.o
 .bss.pxDelayedTaskList
                0x0000000020000be0        0x4 Middlewares/Third_Party/FreeRTOS/Source/tasks.o
 .bss.pxOverflowDelayedTaskList
                0x0000000020000be4        0x4 Middlewares/Third_Party/FreeRTOS/Source/tasks.o
 .bss.xPendingReadyList
                0x0000000020000be8       0x14 Middlewares/Third_Party/FreeRTOS/Source/tasks.o
 .bss.xTasksWaitingTermination
                0x0000000020000bfc       0x14 Middlewares/Third_Party/FreeRTOS/Source/tasks.o
 .bss.uxDeletedTasksWaitingCleanUp
                0x0000000020000c10        0x4 Middlewares/Third_Party/FreeRTOS/Source/tasks.o
 .bss.xSuspendedTaskList
                0x0000000020000c14       0x14 Middlewares/Third_Party/FreeRTOS/Source/tasks.o
 .bss.uxCurrentNumberOfTasks
                0x0000000020000c28        0x4 Middlewares/Third_Party/FreeRTOS/Source/tasks.o
 .bss.xTickCount
                0x0000000020000c2c        0x4 Middlewares/Third_Party/FreeRTOS/Source/tasks.o
 .bss.uxTopReadyPriority
                0x0000000020000c30        0x4 Middlewares/Third_Party/FreeRTOS/Source/tasks.o
 .bss.xSchedulerRunning
                0x0000000020000c34        0x4 Middlewares/Third_Party/FreeRTOS/Source/tasks.o
 .bss.xPendedTicks
                0x0000000020000c38        0x4 Middlewares/Third_Party/FreeRTOS/Source/tasks.o
 .bss.xYieldPending
                0x0000000020000c3c        0x4 Middlewares/Third_Party/FreeRTOS/Source/tasks.o
 .bss.xNumOfOverflows
                0x0000000020000c40        0x4 Middlewares/Third_Party/FreeRTOS/Source/tasks.o
 .bss.uxTaskNumber
                0x0000000020000c44        0x4 Middlewares/Third_Party/FreeRTOS/Source/tasks.o
 .bss.xNextTaskUnblockTime
                0x0000000020000c48        0x4 Middlewares/Third_Party/FreeRTOS/Source/tasks.o
 .bss.xIdleTaskHandle
                0x0000000020000c4c        0x4 Middlewares/Third_Party/FreeRTOS/Source/tasks.o
 .bss.uxSchedulerSuspended
                0x0000000020000c50        0x4 Middlewares/Third_Party/FreeRTOS/Source/tasks.o
 .bss.xActiveTimerList1
                0x0000000020000c54       0x14 Middlewares/Third_Party/FreeRTOS/Source/timers.o
 .bss.xActiveTimerList2
                0x0000000020000c68       0x14 Middlewares/Third_Party/FreeRTOS/Source/timers.o
 .bss.pxCurrentTimerList
                0x0000000020000c7c        0x4 Middlewares/Third_Party/FreeRTOS/Source/timers.o
 .bss.pxOverflowTimerList
                0x0000000020000c80        0x4 Middlewares/Third_Party/FreeRTOS/Source/timers.o
 .bss.xTimerQueue
                0x0000000020000c84        0x4 Middlewares/Third_Party/FreeRTOS/Source/timers.o
 .bss.xTimerTaskHandle
                0x0000000020000c88        0x4 Middlewares/Third_Party/FreeRTOS/Source/timers.o
 .bss.xLastTime.6925
                0x0000000020000c8c        0x4 Middlewares/Third_Party/FreeRTOS/Source/timers.o
 .bss.ucStaticTimerQueueStorage.6976
                0x0000000020000c90       0xa0 Middlewares/Third_Party/FreeRTOS/Source/timers.o
 .bss.xStaticTimerQueue.6975
                0x0000000020000d30       0x50 Middlewares/Third_Party/FreeRTOS/Source/timers.o
 .bss.ucMaxSysCallPriority
                0x0000000020000d80        0x1 Middlewares/Third_Party/FreeRTOS/Source/portable/GCC/ARM_CM4F/port.o
 *fill*         0x0000000020000d81        0x3 
 .bss.ulMaxPRIGROUPValue
                0x0000000020000d84        0x4 Middlewares/Third_Party/FreeRTOS/Source/portable/GCC/ARM_CM4F/port.o
 .bss.ucHeap    0x0000000020000d88     0x3c00 Middlewares/Third_Party/FreeRTOS/Source/portable/MemMang/heap_4.o
 .bss.xStart    0x0000000020004988        0x8 Middlewares/Third_Party/FreeRTOS/Source/portable/MemMang/heap_4.o
 .bss.pxEnd     0x0000000020004990        0x4 Middlewares/Third_Party/FreeRTOS/Source/portable/MemMang/heap_4.o
 .bss.xFreeBytesRemaining
                0x0000000020004994        0x4 Middlewares/Third_Party/FreeRTOS/Source/portable/MemMang/heap_4.o
 .bss.xMinimumEverFreeBytesRemaining
                0x0000000020004998        0x4 Middlewares/Third_Party/FreeRTOS/Source/portable/MemMang/heap_4.o
 .bss.xNumberOfSuccessfulAllocations
                0x000000002000499c        0x4 Middlewares/Third_Party/FreeRTOS/Source/portable/MemMang/heap_4.o
 .bss.xNumberOfSuccessfulFrees
                0x00000000200049a0        0x4 Middlewares/Third_Party/FreeRTOS/Source/portable/MemMang/heap_4.o
 .bss.xBlockAllocatedBit
                0x00000000200049a4        0x4 Middlewares/Third_Party/FreeRTOS/Source/portable/MemMang/heap_4.o
 *(COMMON)
 COMMON         0x00000000200049a8        0x8 Application/CAN_receive.o
                0x00000000200049a8                Motor_Message
 COMMON         0x00000000200049b0       0x78 Application/chassis_task.o
                0x00000000200049b0                motor_system
 COMMON         0x0000000020004a28       0x1e Application/remote_control.o
                0x0000000020004a28                rc_ctrl
 *fill*         0x0000000020004a46        0x2 
 COMMON         0x0000000020004a48       0x50 Core/Src/can.o
                0x0000000020004a48                hcan2
                0x0000000020004a70                hcan1
 COMMON         0x0000000020004a98        0x8 Core/Src/freertos.o
                0x0000000020004a98                IMUTaskHandle
                0x0000000020004a9c                ChassisTaskHandle
 COMMON         0x0000000020004aa0       0x20 Core/Src/rtc.o
                0x0000000020004aa0                hrtc
 COMMON         0x0000000020004ac0      0x118 Core/Src/spi.o
                0x0000000020004ac0                hspi1
                0x0000000020004b18                hdma_spi1_rx
                0x0000000020004b78                hdma_spi1_tx
 COMMON         0x0000000020004bd8       0x48 Core/Src/stm32f4xx_hal_timebase_tim.o
                0x0000000020004bd8                htim3
 COMMON         0x0000000020004c20       0xd8 Core/Src/tim.o
                0x0000000020004c20                htim4
                0x0000000020004c68                htim5
                0x0000000020004cb0                htim12
 COMMON         0x0000000020004cf8      0x24c Core/Src/usart.o
                0x0000000020004cf8                hdma_usart6_rx
                0x0000000020004d58                hdma_usart3_rx
                0x0000000020004db8                huart3
                0x0000000020004dfc                hdma_usart1_tx
                0x0000000020004e5c                hdma_usart6_tx
                0x0000000020004ebc                huart1
                0x0000000020004f00                huart6
 COMMON         0x0000000020004f44        0x4 Drivers/STM32F4xx_HAL_Driver/Src/stm32f4xx_hal.o
                0x0000000020004f44                uwTick
 COMMON         0x0000000020004f48       0x40 Middlewares/Third_Party/FreeRTOS/Source/queue.o
                0x0000000020004f48                xQueueRegistry
 COMMON         0x0000000020004f88      0x408 USB_DEVICE/Target/usbd_conf.o
                0x0000000020004f88                hpcd_USB_OTG_FS
                0x0000000020005390                . = ALIGN (0x4)
                0x0000000020005390                _ebss = .
                0x0000000020005390                __bss_end__ = _ebss

._user_heap_stack
                0x0000000020005390     0x4000 load address 0x000000000800ce28
                0x0000000020005390                . = ALIGN (0x8)
                [!provide]                        PROVIDE (end = .)
                0x0000000020005390                PROVIDE (_end = .)
                0x0000000020007390                . = (. + _Min_Heap_Size)
 *fill*         0x0000000020005390     0x2000 
                0x0000000020009390                . = (. + _Min_Stack_Size)
 *fill*         0x0000000020007390     0x2000 
                0x0000000020009390                . = ALIGN (0x8)

/DISCARD/
 libc.a(*)
 libm.a(*)
 libgcc.a(*)

.ARM.attributes
                0x0000000000000000       0x30
 *(.ARM.attributes)
 .ARM.attributes
                0x0000000000000000       0x1e d:/stm32/stm32cubeide_1.6.1/stm32cubeide/plugins/com.st.stm32cube.ide.mcu.externaltools.gnu-tools-for-stm32.9-2020-q2-update.win32_1.5.0.202011040924/tools/bin/../lib/gcc/arm-none-eabi/9.3.1/thumb/v7e-m+fp/hard/crti.o
 .ARM.attributes
                0x000000000000001e       0x34 d:/stm32/stm32cubeide_1.6.1/stm32cubeide/plugins/com.st.stm32cube.ide.mcu.externaltools.gnu-tools-for-stm32.9-2020-q2-update.win32_1.5.0.202011040924/tools/bin/../lib/gcc/arm-none-eabi/9.3.1/thumb/v7e-m+fp/hard/crtbegin.o
 .ARM.attributes
                0x0000000000000052       0x34 Application/CAN_receive.o
 .ARM.attributes
                0x0000000000000086       0x34 Application/chassis_task.o
 .ARM.attributes
                0x00000000000000ba       0x34 Application/remote_control.o
 .ARM.attributes
                0x00000000000000ee       0x34 BSP/bsp_can.o
 .ARM.attributes
                0x0000000000000122       0x34 BSP/bsp_rc.o
 .ARM.attributes
                0x0000000000000156       0x34 BSP/bsp_usart.o
 .ARM.attributes
                0x000000000000018a       0x34 Components/Controller/pid.o
 .ARM.attributes
                0x00000000000001be       0x34 Core/Src/can.o
 .ARM.attributes
                0x00000000000001f2       0x34 Core/Src/dma.o
 .ARM.attributes
                0x0000000000000226       0x34 Core/Src/freertos.o
 .ARM.attributes
                0x000000000000025a       0x34 Core/Src/gpio.o
 .ARM.attributes
                0x000000000000028e       0x34 Core/Src/main.o
 .ARM.attributes
                0x00000000000002c2       0x34 Core/Src/rtc.o
 .ARM.attributes
                0x00000000000002f6       0x34 Core/Src/spi.o
 .ARM.attributes
                0x000000000000032a       0x34 Core/Src/stm32f4xx_hal_msp.o
 .ARM.attributes
                0x000000000000035e       0x34 Core/Src/stm32f4xx_hal_timebase_tim.o
 .ARM.attributes
                0x0000000000000392       0x34 Core/Src/stm32f4xx_it.o
 .ARM.attributes
                0x00000000000003c6       0x34 Core/Src/system_stm32f4xx.o
 .ARM.attributes
                0x00000000000003fa       0x34 Core/Src/tim.o
 .ARM.attributes
                0x000000000000042e       0x34 Core/Src/usart.o
 .ARM.attributes
                0x0000000000000462       0x21 Core/Startup/startup_stm32f407ighx.o
 .ARM.attributes
                0x0000000000000483       0x34 Drivers/STM32F4xx_HAL_Driver/Src/stm32f4xx_hal.o
 .ARM.attributes
                0x00000000000004b7       0x34 Drivers/STM32F4xx_HAL_Driver/Src/stm32f4xx_hal_can.o
 .ARM.attributes
                0x00000000000004eb       0x34 Drivers/STM32F4xx_HAL_Driver/Src/stm32f4xx_hal_cortex.o
 .ARM.attributes
                0x000000000000051f       0x34 Drivers/STM32F4xx_HAL_Driver/Src/stm32f4xx_hal_dma.o
 .ARM.attributes
                0x0000000000000553       0x34 Drivers/STM32F4xx_HAL_Driver/Src/stm32f4xx_hal_gpio.o
 .ARM.attributes
                0x0000000000000587       0x34 Drivers/STM32F4xx_HAL_Driver/Src/stm32f4xx_hal_pcd.o
 .ARM.attributes
                0x00000000000005bb       0x34 Drivers/STM32F4xx_HAL_Driver/Src/stm32f4xx_hal_pcd_ex.o
 .ARM.attributes
                0x00000000000005ef       0x34 Drivers/STM32F4xx_HAL_Driver/Src/stm32f4xx_hal_rcc.o
 .ARM.attributes
                0x0000000000000623       0x34 Drivers/STM32F4xx_HAL_Driver/Src/stm32f4xx_hal_rcc_ex.o
 .ARM.attributes
                0x0000000000000657       0x34 Drivers/STM32F4xx_HAL_Driver/Src/stm32f4xx_hal_rtc.o
 .ARM.attributes